Jan  1 07:00:14 swi-mdm9x28-wp syslog.info syslogd started: BusyBox v1.27.2
Jan  1 07:00:14 swi-mdm9x28-wp user.notice kernel: klogd started: BusyBox v1.27.2 (2019-06-08 03:09:28 UTC)
Jan  1 07:00:14 swi-mdm9x28-wp user.info kernel: [    0.000000] Booting Linux on physical CPU 0x0
Jan  1 07:00:14 swi-mdm9x28-wp user.info kernel: [    0.000000] Initializing cgroup subsys cpuset
Jan  1 07:00:14 swi-mdm9x28-wp user.info kernel: [    0.000000] Initializing cgroup subsys cpu
Jan  1 07:00:14 swi-mdm9x28-wp user.info kernel: [    0.000000] Initializing cgroup subsys cpuacct
Jan  1 07:00:14 swi-mdm9x28-wp user.notice kernel: [    0.000000] Linux version 3.18.131 (oe-user@oe-host) (gcc version 7.3.0 (GCC) ) #1 PREEMPT Sat Jun 8 03:50:07 UTC 2019
Jan  1 07:00:14 swi-mdm9x28-wp user.info kernel: [    0.000000] CPU: ARMv7 Processor [410fc075] revision 5 (ARMv7), cr=10c53c7d
Jan  1 07:00:14 swi-mdm9x28-wp user.info kernel: [    0.000000] CPU: PIPT / VIPT nonaliasing data cache, VIPT aliasing instruction cache
Jan  1 07:00:14 swi-mdm9x28-wp user.info kernel: [    0.000000] Machine model: Sierra Wireless, Inc. MDM 9206 WP series
Jan  1 07:00:14 swi-mdm9x28-wp user.info kernel: [    0.000000] Reserved memory: reserved region for node 'modem_adsp_region@0': base 0x82a00000, size 49 MiB
Jan  1 07:00:14 swi-mdm9x28-wp user.info kernel: [    0.000000] Reserved memory: reserved region for node 'external_image_region@0': base 0x87900000, size 7 MiB
Jan  1 07:00:14 swi-mdm9x28-wp user.info kernel: [    0.000000] Reserved memory: reserved region for node 'sierra_region@0x8ff00000': base 0x8ff00000, size 1 MiB
Jan  1 07:00:14 swi-mdm9x28-wp user.info kernel: [    0.000000] Removed memory: created DMA memory pool at 0x82a00000, size 49 MiB
Jan  1 07:00:14 swi-mdm9x28-wp user.info kernel: [    0.000000] Reserved memory: initialized node modem_adsp_region@0, compatible id removed-dma-pool
Jan  1 07:00:14 swi-mdm9x28-wp user.info kernel: [    0.000000] Removed memory: created DMA memory pool at 0x87900000, size 7 MiB
Jan  1 07:00:14 swi-mdm9x28-wp user.info kernel: [    0.000000] Reserved memory: initialized node external_image_region@0, compatible id removed-dma-pool
Jan  1 07:00:14 swi-mdm9x28-wp user.info kernel: [    0.000000] Reserved memory: allocated memory for 'audio_region@0' node: base 0x8f800000, size 4 MiB
Jan  1 07:00:14 swi-mdm9x28-wp user.info kernel: [    0.000000] Reserved memory: created CMA memory pool at 0x8f800000, size 4 MiB
Jan  1 07:00:14 swi-mdm9x28-wp user.info kernel: [    0.000000] Reserved memory: initialized node audio_region@0, compatible id shared-dma-pool
Jan  1 07:00:14 swi-mdm9x28-wp user.info kernel: [    0.000000] Reserved memory: allocated memory for 'qseecom_region@0' node: base 0x8f400000, size 4 MiB
Jan  1 07:00:14 swi-mdm9x28-wp user.info kernel: [    0.000000] Reserved memory: created CMA memory pool at 0x8f400000, size 4 MiB
Jan  1 07:00:14 swi-mdm9x28-wp user.info kernel: [    0.000000] Reserved memory: initialized node qseecom_region@0, compatible id shared-dma-pool
Jan  1 07:00:14 swi-mdm9x28-wp user.info kernel: [    0.000000] Removed memory: created DMA memory pool at 0x8ff00000, size 1 MiB
Jan  1 07:00:14 swi-mdm9x28-wp user.info kernel: [    0.000000] Reserved memory: initialized node sierra_region@0x8ff00000, compatible id removed-dma-pool
Jan  1 07:00:14 swi-mdm9x28-wp user.info kernel: [    0.000000] cma: Reserved 4 MiB at 0x8f000000
Jan  1 07:00:14 swi-mdm9x28-wp user.info kernel: [    0.000000] Memory policy: Data cache writeback
Jan  1 07:00:14 swi-mdm9x28-wp user.debug kernel: [    0.000000] On node 0 totalpages: 63488
Jan  1 07:00:14 swi-mdm9x28-wp user.debug kernel: [    0.000000] free_area_init_node: node 0, pgdat c0f2f514, node_mem_map cfcdb000
Jan  1 07:00:14 swi-mdm9x28-wp user.debug kernel: [    0.000000]   Normal zone: 512 pages used for memmap
Jan  1 07:00:14 swi-mdm9x28-wp user.debug kernel: [    0.000000]   Normal zone: 0 pages reserved
Jan  1 07:00:14 swi-mdm9x28-wp user.debug kernel: [    0.000000]   Normal zone: 63488 pages, LIFO batch:15
Jan  1 07:00:14 swi-mdm9x28-wp user.info kernel: [    0.000000] CPU: All CPU(s) started in SVC mode.
Jan  1 07:00:14 swi-mdm9x28-wp user.debug kernel: [    0.000000] pcpu-alloc: s0 r0 d32768 u32768 alloc=1*32768
Jan  1 07:00:14 swi-mdm9x28-wp user.debug kernel: [    0.000000] pcpu-alloc: [0] 0 
Jan  1 07:00:14 swi-mdm9x28-wp user.warn kernel: [    0.000000] Built 1 zonelists in Zone order, mobility grouping on.  Total pages: 62976
Jan  1 07:00:14 swi-mdm9x28-wp user.notice kernel: [    0.000000] Kernel command line: console=ttyHSL0,115200 console=ttyHSL1,115200 root=/dev/ram rootfs_ro=true user1_fs=ubifs verity=on ima_ready=0 lkversion=SWI9X06Y_02.28.00.00 androidboot.serialno=4d5f35d6 androidboot.author
Jan  1 07:00:14 swi-mdm9x28-wp user.info kernel: [    0.000000] PID hash table entries: 1024 (order: 0, 4096 bytes)
Jan  1 07:00:14 swi-mdm9x28-wp user.info kernel: [    0.000000] Dentry cache hash table entries: 32768 (order: 5, 131072 bytes)
Jan  1 07:00:14 swi-mdm9x28-wp user.info kernel: [    0.000000] Inode-cache hash table entries: 16384 (order: 4, 65536 bytes)
Jan  1 07:00:14 swi-mdm9x28-wp user.info kernel: [    0.000000] allocated 524288 bytes of page_cgroup
Jan  1 07:00:14 swi-mdm9x28-wp user.info kernel: [    0.000000] please try 'cgroup_disable=memory' option if you don't want memory cgroups
Jan  1 07:00:14 swi-mdm9x28-wp user.warn kernel: [    0.000000] Memory: 171264K/253952K available (7713K kernel code, 1040K rwdata, 3368K rodata, 3389K init, 1149K bss, 70400K reserved, 12288K cma-reserved)
Jan  1 07:00:14 swi-mdm9x28-wp user.notice kernel: [    0.000000] Virtual kernel memory layout:
Jan  1 07:00:14 swi-mdm9x28-wp user.notice kernel: [    0.000000]     vector  : 0xffff0000 - 0xffff1000   (   4 kB)
Jan  1 07:00:14 swi-mdm9x28-wp user.notice kernel: [    0.000000]     fixmap  : 0xffc00000 - 0xfff00000   (3072 kB)
Jan  1 07:00:14 swi-mdm9x28-wp user.notice kernel: [    0.000000]     vmalloc : 0xd0800000 - 0xff000000   ( 744 MB)
Jan  1 07:00:14 swi-mdm9x28-wp user.notice kernel: [    0.000000]     lowmem  : 0xc0000000 - 0xd0000000   ( 256 MB)
Jan  1 07:00:14 swi-mdm9x28-wp user.notice kernel: [    0.000000]     modules : 0xbf000000 - 0xc0000000   (  16 MB)
Jan  1 07:00:14 swi-mdm9x28-wp user.notice kernel: [    0.000000]       .text : 0xc0008000 - 0xc07909b8   (7715 kB)
Jan  1 07:00:14 swi-mdm9x28-wp user.notice kernel: [    0.000000]       .init : 0xc0b10000 - 0xc0e5f704   (3390 kB)
Jan  1 07:00:14 swi-mdm9x28-wp user.notice kernel: [    0.000000]       .data : 0xc0e60000 - 0xc0f64060   (1041 kB)
Jan  1 07:00:14 swi-mdm9x28-wp user.notice kernel: [    0.000000]        .bss : 0xc0f64124 - 0xc1083884   (1150 kB)
Jan  1 07:00:14 swi-mdm9x28-wp user.info kernel: [    0.000000] SLUB: HWalign=64, Order=0-3, MinObjects=0, CPUs=1, Nodes=1
Jan  1 07:00:14 swi-mdm9x28-wp user.info kernel: [    0.000000] Preemptible hierarchical RCU implementation.
Jan  1 07:00:14 swi-mdm9x28-wp user.info kernel: [    0.000000] NR_IRQS:16 nr_irqs:16 16
Jan  1 07:00:14 swi-mdm9x28-wp user.crit kernel: [    0.000000] GIC CPU mask not found - kernel will fail to boot.
Jan  1 07:00:14 swi-mdm9x28-wp user.crit kernel: [    0.000000] GIC CPU mask not found - kernel will fail to boot.
Jan  1 07:00:14 swi-mdm9x28-wp user.warn kernel: [    0.000000] mpm_init_irq_domain(): Cannot find irq controller for qcom,gpio-parent
Jan  1 07:00:14 swi-mdm9x28-wp user.err kernel: [    0.000000] MPM 1 irq mapping errored -517
Jan  1 07:00:14 swi-mdm9x28-wp user.info kernel: [    0.000000] Architected mmio timer(s) running at 19.20MHz (virt).
Jan  1 07:00:14 swi-mdm9x28-wp user.info kernel: [    0.000011] sched_clock: 56 bits at 19MHz, resolution 52ns, wraps every 3579139424256ns
Jan  1 07:00:14 swi-mdm9x28-wp user.info kernel: [    0.000029] Switching to timer-based delay loop, resolution 52ns
Jan  1 07:00:14 swi-mdm9x28-wp user.info kernel: [    0.000050] Switched to clocksource arch_mem_counter
Jan  1 07:00:14 swi-mdm9x28-wp user.info kernel: [    0.000934] Console: colour dummy device 80x30
Jan  1 07:00:14 swi-mdm9x28-wp user.info kernel: [    0.000951] kmemleak: Kernel memory leak detector disabled
Jan  1 07:00:14 swi-mdm9x28-wp user.info kernel: [    0.000970] Calibrating delay loop (skipped), value calculated using timer frequency.. 38.40 BogoMIPS (lpj=192000)
Jan  1 07:00:14 swi-mdm9x28-wp user.info kernel: [    0.000988] pid_max: default: 32768 minimum: 301
Jan  1 07:00:14 swi-mdm9x28-wp user.info kernel: [    0.001095] Security Framework initialized
Jan  1 07:00:14 swi-mdm9x28-wp user.info kernel: [    0.001156] Smack:  Initializing.
Jan  1 07:00:14 swi-mdm9x28-wp user.info kernel: [    0.001168] Smack:  IPv6 port labeling enabled.
Jan  1 07:00:14 swi-mdm9x28-wp user.info kernel: [    0.001235] Mount-cache hash table entries: 1024 (order: 0, 4096 bytes)
Jan  1 07:00:14 swi-mdm9x28-wp user.info kernel: [    0.001252] Mountpoint-cache hash table entries: 1024 (order: 0, 4096 bytes)
Jan  1 07:00:14 swi-mdm9x28-wp user.info kernel: [    0.002044] Initializing cgroup subsys blkio
Jan  1 07:00:14 swi-mdm9x28-wp user.info kernel: [    0.002075] Initializing cgroup subsys memory
Jan  1 07:00:14 swi-mdm9x28-wp user.info kernel: [    0.002115] Initializing cgroup subsys devices
Jan  1 07:00:14 swi-mdm9x28-wp user.info kernel: [    0.002136] Initializing cgroup subsys freezer
Jan  1 07:00:14 swi-mdm9x28-wp user.info kernel: [    0.002156] Initializing cgroup subsys debug
Jan  1 07:00:14 swi-mdm9x28-wp user.info kernel: [    0.002214] CPU: Testing write buffer coherency: ok
Jan  1 07:00:14 swi-mdm9x28-wp user.info kernel: [    0.002624] Setting up static identity map for 0x8078fdf8 - 0x8078fe50
Jan  1 07:00:14 swi-mdm9x28-wp user.info kernel: [    0.016122] MSM Memory Dump base table set up
Jan  1 07:00:14 swi-mdm9x28-wp user.info kernel: [    0.016173] MSM Memory Dump apps data table set up
Jan  1 07:00:14 swi-mdm9x28-wp user.info kernel: [    0.018037] devtmpfs: initialized
Jan  1 07:00:14 swi-mdm9x28-wp user.info kernel: [    0.019575] evm: security.SMACK64
Jan  1 07:00:14 swi-mdm9x28-wp user.info kernel: [    0.019587] evm: security.SMACK64EXEC
Jan  1 07:00:14 swi-mdm9x28-wp user.info kernel: [    0.019598] evm: security.SMACK64TRANSMUTE
Jan  1 07:00:14 swi-mdm9x28-wp user.info kernel: [    0.019607] evm: security.SMACK64MMAP
Jan  1 07:00:14 swi-mdm9x28-wp user.info kernel: [    0.019616] evm: security.ima
Jan  1 07:00:14 swi-mdm9x28-wp user.info kernel: [    0.019626] evm: security.capability
Jan  1 07:00:14 swi-mdm9x28-wp user.info kernel: [    0.021220] VFP support v0.3: implementor 41 architecture 2 part 30 variant 7 rev 5
Jan  1 07:00:14 swi-mdm9x28-wp user.info kernel: [    0.022734] pinctrl core: initialized pinctrl subsystem
Jan  1 07:00:14 swi-mdm9x28-wp user.info kernel: [    0.023344] regulator-dummy: no parameters
Jan  1 07:00:14 swi-mdm9x28-wp user.info kernel: [    0.075643] NET: Registered protocol family 16
Jan  1 07:00:14 swi-mdm9x28-wp user.info kernel: [    0.077811] DMA: preallocated 256 KiB pool for atomic coherent allocations
Jan  1 07:00:14 swi-mdm9x28-wp user.err kernel: [    0.078273] SWI ssmem_framework_init: SSMEM init OK
Jan  1 07:00:14 swi-mdm9x28-wp user.debug kernel: [    0.078340] gpio_sync_ri: RI owner is Modem
Jan  1 07:00:14 swi-mdm9x28-wp user.info kernel: [    0.130114] cpuidle: using governor ladder
Jan  1 07:00:14 swi-mdm9x28-wp user.info kernel: [    0.160104] cpuidle: using governor menu
Jan  1 07:00:14 swi-mdm9x28-wp user.info kernel: [    0.190104] cpuidle: using governor qcom
Jan  1 07:00:14 swi-mdm9x28-wp user.info kernel: [    0.203179] msm_watchdog b017000.qcom,wdt: wdog absent resource not present
Jan  1 07:00:14 swi-mdm9x28-wp user.info kernel: [    0.203536] msm_watchdog b017000.qcom,wdt: MSM Watchdog Initialized
Jan  1 07:00:14 swi-mdm9x28-wp user.info kernel: [    0.208760] platform soc:qcom,msm-audio-ion: assigned reserved memory node audio_region@0
Jan  1 07:00:14 swi-mdm9x28-wp user.err kernel: [    0.215638] spmi_pmic_arb 200f000.qcom,spmi: PMIC Arb Version-2 0x20010000
Jan  1 07:00:14 swi-mdm9x28-wp user.info kernel: [    0.219696] platform 4080000.qcom,mss: assigned reserved memory node modem_adsp_region@0
Jan  1 07:00:14 swi-mdm9x28-wp user.warn kernel: [    0.222062] irq: no irq domain found for /soc/pinctrl@1000000 !
Jan  1 07:00:14 swi-mdm9x28-wp user.info kernel: [    0.223313] mem_acc_corner: 0 <--> 0 mV 
Jan  1 07:00:14 swi-mdm9x28-wp user.info kernel: [    0.224662] platform soc:sierra_ssmem@0x8ff00000: assigned reserved memory node sierra_region@0x8ff00000
Jan  1 07:00:14 swi-mdm9x28-wp user.warn kernel: [    0.225580] irq: no irq domain found for /soc/pinctrl@1000000 !
Jan  1 07:00:14 swi-mdm9x28-wp user.warn kernel: [    0.227370] irq: no irq domain found for /soc/pinctrl@1000000 !
Jan  1 07:00:14 swi-mdm9x28-wp user.info kernel: [    0.228440] hw-breakpoint: found 5 (+1 reserved) breakpoint and 4 watchpoint registers.
Jan  1 07:00:14 swi-mdm9x28-wp user.info kernel: [    0.228454] hw-breakpoint: maximum watchpoint size is 8 bytes.
Jan  1 07:00:14 swi-mdm9x28-wp user.debug kernel: [    0.229706] gpiochip_add: registered GPIOs 0 to 79 on device: 1000000.pinctrl
Jan  1 07:00:14 swi-mdm9x28-wp user.debug kernel: [    0.229731] GPIO chip 1000000.pinctrl: created GPIO range 0->79 ==> 1000000.pinctrl PIN 0->79
Jan  1 07:00:14 swi-mdm9x28-wp user.warn kernel: [    0.230693] __of_mpm_init(): MPM driver mapping exists
Jan  1 07:00:14 swi-mdm9x28-wp user.warn kernel: [    0.231382] msm_rpm_glink_dt_parse: qcom,rpm-glink compatible not matches
Jan  1 07:00:14 swi-mdm9x28-wp user.info kernel: [    0.231398] msm_rpm_dev_probe: APSS-RPM communication over SMD
Jan  1 07:00:14 swi-mdm9x28-wp user.info kernel: [    0.231413] smd_open() before smd_init()
Jan  1 07:00:14 swi-mdm9x28-wp user.err kernel: [    0.232259] msm_mpm_dev_probe(): Cannot get clk resource for XO: -517
Jan  1 07:00:14 swi-mdm9x28-wp user.err kernel: [    0.235457] smd_channel_probe_now: allocation table not initialized
Jan  1 07:00:14 swi-mdm9x28-wp user.info kernel: [    0.238208] mdm9607_s1: 1050 <--> 1350 mV at 1100 mV normal idle 
Jan  1 07:00:14 swi-mdm9x28-wp user.info kernel: [    0.238495] spm_regulator_probe: name=mdm9607_s1, range=LV, voltage=1100000 uV, mode=AUTO, step rate=4800 uV/us
Jan  1 07:00:14 swi-mdm9x28-wp user.info kernel: [    0.239152] cpr_efuse_init: apc_corner: efuse_addr = 0x000a4000 (len=0x1000)
Jan  1 07:00:14 swi-mdm9x28-wp user.info kernel: [    0.239207] cpr_read_fuse_revision: apc_corner: fuse revision = 2
Jan  1 07:00:14 swi-mdm9x28-wp user.info kernel: [    0.239227] cpr_parse_speed_bin_fuse: apc_corner: [row: 37]: 0x382948324d5f35d6, speed_bits = 4
Jan  1 07:00:14 swi-mdm9x28-wp user.info kernel: [    0.239320] cpr_adjust_init_voltages: apc_corner: adjusted initial voltage[1]: 1050000 -> 1075000 uV
Jan  1 07:00:14 swi-mdm9x28-wp user.info kernel: [    0.239338] cpr_adjust_init_voltages: apc_corner: adjusted initial voltage[2]: 1100000 -> 1125000 uV
Jan  1 07:00:14 swi-mdm9x28-wp user.info kernel: [    0.239356] cpr_adjust_init_voltages: apc_corner: adjusted initial voltage[3]: 1250000 -> 1275000 uV
Jan  1 07:00:14 swi-mdm9x28-wp user.info kernel: [    0.239371] cpr_pvs_per_corner_init: apc_corner: Warning: initial voltage[1] 1075000 above ceiling 1050000
Jan  1 07:00:14 swi-mdm9x28-wp user.info kernel: [    0.239390] cpr_pvs_init: apc_corner: pvs voltage: [1050000 1125000 1275000] uV
Jan  1 07:00:14 swi-mdm9x28-wp user.info kernel: [    0.239405] cpr_pvs_init: apc_corner: ceiling voltage: [1050000 1225000 1350000] uV
Jan  1 07:00:14 swi-mdm9x28-wp user.info kernel: [    0.239419] cpr_pvs_init: apc_corner: floor voltage: [1050000 1050000 1150000] uV
Jan  1 07:00:14 swi-mdm9x28-wp user.info kernel: [    0.243180] msm-thermal soc:qcom,msm-thermal: msm_thermal:Failed reading node=/soc/qcom,msm-thermal, key=qcom,core-limit-temp. err=-22. KTM continues
Jan  1 07:00:14 swi-mdm9x28-wp user.info kernel: [    0.243217] msm-thermal soc:qcom,msm-thermal: probe_therm_reset:Failed reading node=/soc/qcom,msm-thermal, key=qcom,therm-reset-temp err=-22. KTM continues
Jan  1 07:00:14 swi-mdm9x28-wp user.err kernel: [    0.243284] msm_thermal:msm_thermal_dev_probe Failed reading node=/soc/qcom,msm-thermal, key=qcom,online-hotplug-core. err:-517
Jan  1 07:00:14 swi-mdm9x28-wp user.info kernel: [    0.244818] sps:sps is ready.
Jan  1 07:00:14 swi-mdm9x28-wp user.warn kernel: [    0.247447] msm_rpm_glink_dt_parse: qcom,rpm-glink compatible not matches
Jan  1 07:00:14 swi-mdm9x28-wp user.info kernel: [    0.247466] msm_rpm_dev_probe: APSS-RPM communication over SMD
Jan  1 07:00:14 swi-mdm9x28-wp user.info kernel: [    0.248761] mdm9607_s2: 750 <--> 1275 mV at 750 mV normal idle 
Jan  1 07:00:14 swi-mdm9x28-wp user.info kernel: [    0.249963] mdm9607_s3_level: 0 <--> 0 mV at 0 mV normal idle 
Jan  1 07:00:14 swi-mdm9x28-wp user.info kernel: [    0.250940] mdm9607_s3_level_ao: 0 <--> 0 mV at 0 mV normal idle 
Jan  1 07:00:14 swi-mdm9x28-wp user.info kernel: [    0.251716] mdm9607_s3_floor_level: 0 <--> 0 mV at 0 mV normal idle 
Jan  1 07:00:14 swi-mdm9x28-wp user.info kernel: [    0.252479] mdm9607_s3_level_so: 0 <--> 0 mV at 0 mV normal idle 
Jan  1 07:00:14 swi-mdm9x28-wp user.info kernel: [    0.253548] mdm9607_s4: 1800 <--> 1950 mV at 1800 mV normal idle 
Jan  1 07:00:14 swi-mdm9x28-wp user.info kernel: [    0.254604] mdm9607_l1: 1250 mV normal idle 
Jan  1 07:00:14 swi-mdm9x28-wp user.info kernel: [    0.255633] mdm9607_l2: 1800 mV normal idle 
Jan  1 07:00:14 swi-mdm9x28-wp user.info kernel: [    0.256697] mdm9607_l3: 1800 mV normal idle 
Jan  1 07:00:14 swi-mdm9x28-wp user.info kernel: [    0.257765] mdm9607_l4: 3075 mV normal idle 
Jan  1 07:00:14 swi-mdm9x28-wp user.info kernel: [    0.258846] mdm9607_l5: 1700 <--> 3050 mV at 1700 mV normal idle 
Jan  1 07:00:14 swi-mdm9x28-wp user.info kernel: [    0.259877] mdm9607_l6: 1700 <--> 3050 mV at 1700 mV normal idle 
Jan  1 07:00:14 swi-mdm9x28-wp user.info kernel: [    0.261288] mdm9607_l7: 1700 <--> 1900 mV at 1700 mV normal idle 
Jan  1 07:00:14 swi-mdm9x28-wp user.info kernel: [    0.262364] mdm9607_l8: 1800 mV normal idle 
Jan  1 07:00:14 swi-mdm9x28-wp user.info kernel: [    0.263466] mdm9607_l9: 1200 <--> 1250 mV at 1200 mV normal idle 
Jan  1 07:00:14 swi-mdm9x28-wp user.info kernel: [    0.264570] mdm9607_l10: 1050 mV normal idle 
Jan  1 07:00:14 swi-mdm9x28-wp user.info kernel: [    0.265655] mdm9607_l11: 1800 mV normal idle 
Jan  1 07:00:14 swi-mdm9x28-wp user.info kernel: [    0.266739] mdm9607_l12_level: 0 <--> 0 mV at 0 mV normal idle 
Jan  1 07:00:14 swi-mdm9x28-wp user.info kernel: [    0.267556] mdm9607_l12_level_ao: 0 <--> 0 mV at 0 mV normal idle 
Jan  1 07:00:14 swi-mdm9x28-wp user.info kernel: [    0.268349] mdm9607_l12_level_so: 0 <--> 0 mV at 0 mV normal idle 
Jan  1 07:00:14 swi-mdm9x28-wp user.info kernel: [    0.269089] mdm9607_l12_floor_lebel: 0 <--> 0 mV at 0 mV normal idle 
Jan  1 07:00:14 swi-mdm9x28-wp user.info kernel: [    0.270223] mdm9607_l13: 1800 <--> 2850 mV at 2850 mV normal idle 
Jan  1 07:00:14 swi-mdm9x28-wp user.info kernel: [    0.271278] mdm9607_l14: 2650 <--> 3000 mV at 2650 mV normal idle 
Jan  1 07:00:14 swi-mdm9x28-wp user.err kernel: [    0.271660] msm_mpm_dev_probe(): Cannot get clk resource for XO: -517
Jan  1 07:00:14 swi-mdm9x28-wp user.info kernel: [    0.272045] cpr_efuse_init: apc_corner: efuse_addr = 0x000a4000 (len=0x1000)
Jan  1 07:00:14 swi-mdm9x28-wp user.info kernel: [    0.272101] cpr_read_fuse_revision: apc_corner: fuse revision = 2
Jan  1 07:00:14 swi-mdm9x28-wp user.info kernel: [    0.272122] cpr_parse_speed_bin_fuse: apc_corner: [row: 37]: 0x382948324d5f35d6, speed_bits = 4
Jan  1 07:00:14 swi-mdm9x28-wp user.info kernel: [    0.272214] cpr_adjust_init_voltages: apc_corner: adjusted initial voltage[1]: 1050000 -> 1075000 uV
Jan  1 07:00:14 swi-mdm9x28-wp user.info kernel: [    0.272232] cpr_adjust_init_voltages: apc_corner: adjusted initial voltage[2]: 1100000 -> 1125000 uV
Jan  1 07:00:14 swi-mdm9x28-wp user.info kernel: [    0.272250] cpr_adjust_init_voltages: apc_corner: adjusted initial voltage[3]: 1250000 -> 1275000 uV
Jan  1 07:00:14 swi-mdm9x28-wp user.info kernel: [    0.272265] cpr_pvs_per_corner_init: apc_corner: Warning: initial voltage[1] 1075000 above ceiling 1050000
Jan  1 07:00:14 swi-mdm9x28-wp user.info kernel: [    0.272284] cpr_pvs_init: apc_corner: pvs voltage: [1050000 1125000 1275000] uV
Jan  1 07:00:14 swi-mdm9x28-wp user.info kernel: [    0.272299] cpr_pvs_init: apc_corner: ceiling voltage: [1050000 1225000 1350000] uV
Jan  1 07:00:14 swi-mdm9x28-wp user.info kernel: [    0.272314] cpr_pvs_init: apc_corner: floor voltage: [1050000 1050000 1150000] uV
Jan  1 07:00:14 swi-mdm9x28-wp user.info kernel: [    0.272605] cpr_init_cpr_parameters: apc_corner: up threshold = 2, down threshold = 3
Jan  1 07:00:14 swi-mdm9x28-wp user.info kernel: [    0.272638] cpr_init_cpr_parameters: apc_corner: CPR is enabled by default.
Jan  1 07:00:14 swi-mdm9x28-wp user.info kernel: [    0.272674] cpr_init_cpr_efuse: apc_corner: [row:65] = 0x1560027a27a365
Jan  1 07:00:14 swi-mdm9x28-wp user.info kernel: [    0.272699] cpr_init_cpr_efuse: apc_corner: CPR disable fuse = 0
Jan  1 07:00:14 swi-mdm9x28-wp user.info kernel: [    0.272715] cpr_init_cpr_efuse: apc_corner: Corner[1]: ro_sel = 0, target quot = 634
Jan  1 07:00:14 swi-mdm9x28-wp user.info kernel: [    0.272730] cpr_init_cpr_efuse: apc_corner: Corner[2]: ro_sel = 0, target quot = 634
Jan  1 07:00:14 swi-mdm9x28-wp user.info kernel: [    0.272745] cpr_init_cpr_efuse: apc_corner: Corner[3]: ro_sel = 0, target quot = 869
Jan  1 07:00:14 swi-mdm9x28-wp user.info kernel: [    0.272792] cpr_adjust_target_quots: apc_corner: Corner[1]: adjusted target quot = 676
Jan  1 07:00:14 swi-mdm9x28-wp user.info kernel: [    0.272809] cpr_adjust_target_quots: apc_corner: Corner[2]: adjusted target quot = 676
Jan  1 07:00:14 swi-mdm9x28-wp user.info kernel: [    0.272825] cpr_adjust_target_quots: apc_corner: Corner[3]: adjusted target quot = 911
Jan  1 07:00:14 swi-mdm9x28-wp user.info kernel: [    0.273017] cpr_config: apc_corner: Timer count: 0x17700 (for 5000 us)
Jan  1 07:00:14 swi-mdm9x28-wp user.info kernel: [    0.273659] apc_corner: 0 <--> 0 mV 
Jan  1 07:00:14 swi-mdm9x28-wp user.info kernel: [    0.274499] msm-thermal soc:qcom,msm-thermal: msm_thermal:Failed reading node=/soc/qcom,msm-thermal, key=qcom,core-limit-temp. err=-22. KTM continues
Jan  1 07:00:14 swi-mdm9x28-wp user.info kernel: [    0.274533] msm-thermal soc:qcom,msm-thermal: probe_therm_reset:Failed reading node=/soc/qcom,msm-thermal, key=qcom,therm-reset-temp err=-22. KTM continues
Jan  1 07:00:14 swi-mdm9x28-wp user.err kernel: [    0.274694] msm_thermal:get_kernel_cluster_info CPU0 topology not initialized.
Jan  1 07:00:14 swi-mdm9x28-wp user.err kernel: [    0.275629] cpu cpu0: dev_pm_opp_get_opp_count: device OPP not found (-19)
Jan  1 07:00:14 swi-mdm9x28-wp user.err kernel: [    0.275645] msm_thermal:get_cpu_freq_plan_len Error reading CPU0 freq table len. error:-19
Jan  1 07:00:14 swi-mdm9x28-wp user.info kernel: [    0.275658] msm_thermal:vdd_restriction_reg_init Defer vdd rstr freq init.
Jan  1 07:00:14 swi-mdm9x28-wp user.err kernel: [    0.276408] cpu cpu0: dev_pm_opp_get_opp_count: device OPP not found (-19)
Jan  1 07:00:14 swi-mdm9x28-wp user.err kernel: [    0.276425] msm_thermal:get_cpu_freq_plan_len Error reading CPU0 freq table len. error:-19
Jan  1 07:00:14 swi-mdm9x28-wp user.err kernel: [    0.276441] cpu cpu0: dev_pm_opp_get_opp_count: device OPP not found (-19)
Jan  1 07:00:14 swi-mdm9x28-wp user.err kernel: [    0.276454] msm_thermal:get_cpu_freq_plan_len Error reading CPU0 freq table len. error:-19
Jan  1 07:00:14 swi-mdm9x28-wp user.info kernel: [    0.291563] qcom,gcc-mdm9607 1800000.qcom,gcc: Registered GCC clocks
Jan  1 07:00:14 swi-mdm9x28-wp user.info kernel: [    0.292085] clock-a7 b010008.qcom,clock-a7: Speed bin: 4 PVS Version: 0
Jan  1 07:00:14 swi-mdm9x28-wp user.info kernel: [    0.292173] a7ssmux: set OPP pair(400000000 Hz: 1 uV) on cpu0
Jan  1 07:00:14 swi-mdm9x28-wp user.info kernel: [    0.292219] a7ssmux: set OPP pair(1305600000 Hz: 7 uV) on cpu0
Jan  1 07:00:14 swi-mdm9x28-wp user.debug kernel: [    0.362127] gpiochip_find_base: found new base at 1018
Jan  1 07:00:14 swi-mdm9x28-wp user.debug kernel: [    0.362360] gpiochip_add: registered GPIOs 1018 to 1023 on device: pm8019-gpio
Jan  1 07:00:14 swi-mdm9x28-wp user.debug kernel: [    0.362691] qcom,qpnp-pin qpnp-pin-6: qpnp_pin_probe: gpio_chip registered between 1018-1023
Jan  1 07:00:14 swi-mdm9x28-wp user.debug kernel: [    0.362862] gpiochip_find_base: found new base at 1012
Jan  1 07:00:14 swi-mdm9x28-wp user.debug kernel: [    0.363088] gpiochip_add: registered GPIOs 1012 to 1017 on device: pm8019-mpp
Jan  1 07:00:14 swi-mdm9x28-wp user.debug kernel: [    0.363556] qcom,qpnp-pin qpnp-pin-7: qpnp_pin_probe: gpio_chip registered between 1012-1017
Jan  1 07:00:14 swi-mdm9x28-wp user.info kernel: [    0.364126] sierra_gpio_wake_n soc:sierra_gpio_wake_n: wake_n probe
Jan  1 07:00:14 swi-mdm9x28-wp user.debug kernel: [    0.364237] of_get_named_gpiod_flags: parsed 'wake-n-gpio' property of node '/soc/sierra_gpio_wake_n[0]' - status (0)
Jan  1 07:00:14 swi-mdm9x28-wp user.info kernel: [    0.364414] gpio_check_and_wake: wake-n_gpio26 STATE=WAKEUP
Jan  1 07:00:14 swi-mdm9x28-wp user.info kernel: [    0.365178] KPI: Bootloader start count = 41093
Jan  1 07:00:14 swi-mdm9x28-wp user.info kernel: [    0.365195] KPI: Bootloader end count = 86010
Jan  1 07:00:14 swi-mdm9x28-wp user.info kernel: [    0.365208] KPI: Bootloader display count = 3386694218
Jan  1 07:00:14 swi-mdm9x28-wp user.info kernel: [    0.365220] KPI: Bootloader load kernel count = 31664
Jan  1 07:00:14 swi-mdm9x28-wp user.info kernel: [    0.365233] KPI: Kernel MPM timestamp = 113946
Jan  1 07:00:14 swi-mdm9x28-wp user.info kernel: [    0.365245] KPI: Kernel MPM Clock frequency = 32768
Jan  1 07:00:14 swi-mdm9x28-wp user.info kernel: [    0.365283] socinfo_print: v0.10, id=322, ver=1.0, raw_id=2419, raw_ver=0, hw_plat=8, hw_plat_ver=65536
Jan  1 07:00:14 swi-mdm9x28-wp user.info kernel: [    0.365283]  accessory_chip=0, hw_plat_subtype=129, pmic_model=65539, pmic_die_revision=131074 foundry_id=1 serial_number=1298085334
Jan  1 07:00:14 swi-mdm9x28-wp user.debug kernel: [    0.365656] of_get_named_gpiod_flags: can't parse 'gpio' property of node '/soc/sdcard_ext_vreg[0]'
Jan  1 07:00:14 swi-mdm9x28-wp user.info kernel: [    0.365935] sdcard_ext_vreg: no parameters
Jan  1 07:00:14 swi-mdm9x28-wp user.debug kernel: [    0.366187] of_get_named_gpiod_flags: can't parse 'gpio' property of node '/soc/rome_vreg[0]'
Jan  1 07:00:14 swi-mdm9x28-wp user.info kernel: [    0.366425] rome_vreg: no parameters
Jan  1 07:00:14 swi-mdm9x28-wp user.debug kernel: [    0.366666] of_get_named_gpiod_flags: can't parse 'gpio' property of node '/soc/emac_lan_vreg[0]'
Jan  1 07:00:14 swi-mdm9x28-wp user.info kernel: [    0.366881] emac_lan_vreg: no parameters
Jan  1 07:00:14 swi-mdm9x28-wp user.info kernel: [    0.367371] swimcu_i2c_init: start
Jan  1 07:00:14 swi-mdm9x28-wp user.notice kernel: [    0.368459] SCSI subsystem initialized
Jan  1 07:00:14 swi-mdm9x28-wp user.info kernel: [    0.368935] usbcore: registered new interface driver usbfs
Jan  1 07:00:14 swi-mdm9x28-wp user.info kernel: [    0.369058] usbcore: registered new interface driver hub
Jan  1 07:00:14 swi-mdm9x28-wp user.info kernel: [    0.369271] usbcore: registered new device driver usb
Jan  1 07:00:14 swi-mdm9x28-wp user.info kernel: [    0.370150] i2c-msm-v2 78b8000.i2c: probing driver i2c-msm-v2
Jan  1 07:00:14 swi-mdm9x28-wp user.err kernel: [    0.370281] AXI: msm_bus_scale_register_client(): msm_bus_scale_register_client: Bus driver not ready.
Jan  1 07:00:14 swi-mdm9x28-wp user.info kernel: [    0.370300] i2c-msm-v2 78b8000.i2c: msm_bus_scale_register_client(mstr-id:86):0 (not a problem)
Jan  1 07:00:14 swi-mdm9x28-wp user.warn kernel: [    0.371456] kworker/u2:2 (27) used greatest stack depth: 6992 bytes left
Jan  1 07:00:14 swi-mdm9x28-wp user.info kernel: [    0.371755] swimcu_i2c_probe: start 1
Jan  1 07:00:14 swi-mdm9x28-wp user.info kernel: [    0.371783] swimcu_device_init: start 0x0
Jan  1 07:00:14 swi-mdm9x28-wp user.info kernel: [    0.371797] sierra_gpio_wake_notifier_register
Jan  1 07:00:14 swi-mdm9x28-wp user.info kernel: [    0.372012] swimcu_device_init: start 0x3
Jan  1 07:00:14 swi-mdm9x28-wp user.info kernel: [    0.372094] swimcu_pm_sysfs_init: success func=0x10
Jan  1 07:00:14 swi-mdm9x28-wp user.err kernel: [    0.372144] AXI: msm_bus_scale_register_client(): msm_bus_scale_register_client: Bus driver not ready.
Jan  1 07:00:14 swi-mdm9x28-wp user.err kernel: [    0.372434] i2c-msm-v2 78b8000.i2c: NACK: slave not responding, ensure its powered: msgs(n:1 cur:0 tx) bc(rx:0 tx:2) mode:FIFO slv_addr:0x3a MSTR_STS:0x081343c8 OPER:0x00000090
Jan  1 07:00:14 swi-mdm9x28-wp user.err kernel: [    0.372493] i2c-msm-v2 78b8000.i2c: NACK: slave not responding, ensure its powered: msgs(n:1 cur:0 tx) bc(rx:0 tx:2) mode:FIFO slv_addr:0x3a MSTR_STS:0x081343c8 OPER:0x00000090
Jan  1 07:00:14 swi-mdm9x28-wp user.info kernel: [    0.375877] swimcu_device_init: mcufw ver=2.011 target=1 opt=0xF
Jan  1 07:00:14 swi-mdm9x28-wp user.info kernel: [    0.375893] swimcu_gpio_module_init handler=0x0 cache_init 0
Jan  1 07:00:14 swi-mdm9x28-wp user.info kernel: [    0.409155] swimcu_pm_data_restore: retrieved persistent data group 0 from MCU
Jan  1 07:00:14 swi-mdm9x28-wp user.info kernel: [    0.409170] swimcu_pm_data[0]:  0x00000000
Jan  1 07:00:14 swi-mdm9x28-wp user.info kernel: [    0.409182] swimcu_pm_data[1]:  0x00000000
Jan  1 07:00:14 swi-mdm9x28-wp user.info kernel: [    0.409193] swimcu_pm_data[2]:  0x00000000
Jan  1 07:00:14 swi-mdm9x28-wp user.info kernel: [    0.409205] swimcu_pm_data[3]:  0x00000000
Jan  1 07:00:14 swi-mdm9x28-wp user.info kernel: [    0.409217] swimcu_pm_data[4]:  0x00000000
Jan  1 07:00:14 swi-mdm9x28-wp user.info kernel: [    0.415643] swimcu_pm_data_restore: retrieved persistent data group 1 from MCU
Jan  1 07:00:14 swi-mdm9x28-wp user.info kernel: [    0.415658] swimcu_pm_data[0]:  0x00000000
Jan  1 07:00:14 swi-mdm9x28-wp user.info kernel: [    0.415670] swimcu_pm_data[1]:  0x00000000
Jan  1 07:00:14 swi-mdm9x28-wp user.info kernel: [    0.415682] swimcu_pm_data[2]:  0x00000000
Jan  1 07:00:14 swi-mdm9x28-wp user.info kernel: [    0.415694] swimcu_pm_data[3]:  0x00000000
Jan  1 07:00:14 swi-mdm9x28-wp user.info kernel: [    0.415706] swimcu_pm_data[4]:  0x00000000
Jan  1 07:00:14 swi-mdm9x28-wp user.info kernel: [    0.415773] swimcu_pm_sysfs_init: success func=0x1
Jan  1 07:00:14 swi-mdm9x28-wp user.info kernel: [    0.416026] swimcu_pm_sysfs_init: success func=0x2
Jan  1 07:00:14 swi-mdm9x28-wp user.info kernel: [    0.416275] swimcu_gpio_module_init handler=0xc023ba6c cache_init 1
Jan  1 07:00:14 swi-mdm9x28-wp user.debug kernel: [    0.416492] gpiochip_add: registered GPIOs 200 to 204 on device: swimcu
Jan  1 07:00:14 swi-mdm9x28-wp user.info kernel: [    0.416537] _swimcu_gpio_set: setting MCU pin as GPIO 0
Jan  1 07:00:14 swi-mdm9x28-wp user.info kernel: [    0.421596] _swimcu_gpio_set: setting MCU pin as GPIO 2
Jan  1 07:00:14 swi-mdm9x28-wp user.info kernel: [    0.428225] gpio_check_and_wake: wake-n_gpio26 STATE=SLEEP
Jan  1 07:00:14 swi-mdm9x28-wp user.info kernel: [    0.431789] swimcu_device_init: device initialization already in progress
Jan  1 07:00:14 swi-mdm9x28-wp user.info kernel: [    0.431805] swimcu_reset_recovery: swimcu_reset_recovery skipped
Jan  1 07:00:14 swi-mdm9x28-wp user.info kernel: [    0.431817] swimcu_set_reset_source: 0x82
Jan  1 07:00:14 swi-mdm9x28-wp user.info kernel: [    0.436981] swimcu_pm_lpo_calibrate_start: MCU LPO calibration started 30000
Jan  1 07:00:14 swi-mdm9x28-wp user.info kernel: [    0.436997] swimcu_pm_sysfs_init: success func=0x20
Jan  1 07:00:14 swi-mdm9x28-wp user.info kernel: [    0.437063] swimcu_pm_sysfs_init: success func=0x8
Jan  1 07:00:14 swi-mdm9x28-wp user.info kernel: [    0.437112] swimcu_pm_sysfs_init: success func=0x40
Jan  1 07:00:14 swi-mdm9x28-wp user.info kernel: [    0.437125] swimcu_device_init: device init success
Jan  1 07:00:14 swi-mdm9x28-wp user.debug kernel: [    0.437891] wm8944_i2c_probe 
Jan  1 07:00:14 swi-mdm9x28-wp user.debug kernel: [    0.437996] wm8944_device_init START
Jan  1 07:00:14 swi-mdm9x28-wp user.info kernel: [    0.439362] wm8944 4-001a: WM8944 revision B
Jan  1 07:00:14 swi-mdm9x28-wp user.warn kernel: [    0.440745] wm8944 4-001a: No interrupt specified, no interrupts
Jan  1 07:00:14 swi-mdm9x28-wp user.debug kernel: [    0.441223] wm8944_device_init OK
Jan  1 07:00:14 swi-mdm9x28-wp user.info kernel: [    0.441749] pps_core: LinuxPPS API ver. 1 registered
Jan  1 07:00:14 swi-mdm9x28-wp user.info kernel: [    0.441766] pps_core: Software ver. 5.3.6 - Copyright 2005-2007 Rodolfo Giometti <giometti@linux.it>
Jan  1 07:00:14 swi-mdm9x28-wp user.info kernel: [    0.442801] cpufreq: driver msm up and running
Jan  1 07:00:14 swi-mdm9x28-wp user.info kernel: [    0.443474] platform soc:qcom,ion:qcom,ion-heap@28: assigned reserved memory node audio_region@0
Jan  1 07:00:14 swi-mdm9x28-wp user.info kernel: [    0.443775] platform soc:qcom,ion:qcom,ion-heap@27: assigned reserved memory node qseecom_region@0
Jan  1 07:00:14 swi-mdm9x28-wp user.info kernel: [    0.444342] ION heap system created
Jan  1 07:00:14 swi-mdm9x28-wp user.info kernel: [    0.444563] ION heap audio created at 0x8f800000 with size 400000
Jan  1 07:00:14 swi-mdm9x28-wp user.info kernel: [    0.444585] ION heap qsecom created at 0x8f400000 with size 400000
Jan  1 07:00:14 swi-mdm9x28-wp user.err kernel: [    0.445048] msm_bus_fabric_init_driver
Jan  1 07:00:14 swi-mdm9x28-wp user.info kernel: [    0.455703] qcom,qpnp-power-on qpnp-power-on-1: PMIC@SID0 Power-on reason: Triggered from CBL (external power supply) and 'cold' boot
Jan  1 07:00:14 swi-mdm9x28-wp user.info kernel: [    0.455734] qcom,qpnp-power-on qpnp-power-on-1: PMIC@SID0: Unknown power-off reason
Jan  1 07:00:14 swi-mdm9x28-wp user.info kernel: [    0.456035] input: qpnp_pon as /devices/virtual/input/input0
Jan  1 07:00:14 swi-mdm9x28-wp user.info kernel: [    0.456533] PMIC@SID0: PM8019 v2.2 options: 3, 2, 2, 2
Jan  1 07:00:14 swi-mdm9x28-wp user.info kernel: [    0.457501] Advanced Linux Sound Architecture Driver Initialized.
Jan  1 07:00:14 swi-mdm9x28-wp user.info kernel: [    0.458461] NetLabel: Initializing
Jan  1 07:00:14 swi-mdm9x28-wp user.info kernel: [    0.458474] NetLabel:  domain hash size = 128
Jan  1 07:00:14 swi-mdm9x28-wp user.info kernel: [    0.458482] NetLabel:  protocols = UNLABELED CIPSOv4
Jan  1 07:00:14 swi-mdm9x28-wp user.info kernel: [    0.458538] NetLabel:  unlabeled traffic allowed by default
Jan  1 07:00:14 swi-mdm9x28-wp user.info kernel: [    0.459435] Switched to clocksource arch_mem_counter
Jan  1 07:00:14 swi-mdm9x28-wp user.info kernel: [    0.471917] gpio_check_and_wake: wake-n_gpio26 STATE=SLEEP
Jan  1 07:00:14 swi-mdm9x28-wp user.info kernel: [    0.473828] NET: Registered protocol family 2
Jan  1 07:00:14 swi-mdm9x28-wp user.info kernel: [    0.474512] TCP established hash table entries: 2048 (order: 1, 8192 bytes)
Jan  1 07:00:14 swi-mdm9x28-wp user.info kernel: [    0.474550] TCP bind hash table entries: 2048 (order: 3, 40960 bytes)
Jan  1 07:00:14 swi-mdm9x28-wp user.info kernel: [    0.474595] TCP: Hash tables configured (established 2048 bind 2048)
Jan  1 07:00:14 swi-mdm9x28-wp user.info kernel: [    0.474652] TCP: reno registered
Jan  1 07:00:14 swi-mdm9x28-wp user.info kernel: [    0.474666] UDP hash table entries: 256 (order: 1, 12288 bytes)
Jan  1 07:00:14 swi-mdm9x28-wp user.info kernel: [    0.474689] UDP-Lite hash table entries: 256 (order: 1, 12288 bytes)
Jan  1 07:00:14 swi-mdm9x28-wp user.info kernel: [    0.474893] NET: Registered protocol family 1
Jan  1 07:00:14 swi-mdm9x28-wp user.info kernel: [    0.475315] RPC: Registered named UNIX socket transport module.
Jan  1 07:00:14 swi-mdm9x28-wp user.info kernel: [    0.475329] RPC: Registered udp transport module.
Jan  1 07:00:14 swi-mdm9x28-wp user.info kernel: [    0.475338] RPC: Registered tcp transport module.
Jan  1 07:00:14 swi-mdm9x28-wp user.info kernel: [    0.475347] RPC: Registered tcp NFSv4.1 backchannel transport module.
Jan  1 07:00:14 swi-mdm9x28-wp user.info kernel: [    0.571945] gpio_check_and_wake: wake-n_gpio26 STATE=SLEEP
Jan  1 07:00:14 swi-mdm9x28-wp user.info kernel: [    0.640444] futex hash table entries: 256 (order: 0, 7168 bytes)
Jan  1 07:00:14 swi-mdm9x28-wp user.notice kernel: [    0.640478] Initialise system trusted keyring
Jan  1 07:00:14 swi-mdm9x28-wp user.info kernel: [    0.640576] audit: initializing netlink subsys (disabled)
Jan  1 07:00:14 swi-mdm9x28-wp user.notice kernel: [    0.640641] audit: type=2000 audit(0.639:1): initialized
Jan  1 07:00:14 swi-mdm9x28-wp user.notice kernel: [    0.650507] VFS: Disk quotas dquot_6.5.2
Jan  1 07:00:14 swi-mdm9x28-wp user.warn kernel: [    0.650738] Dquot-cache hash table entries: 1024 (order 0, 4096 bytes)
Jan  1 07:00:14 swi-mdm9x28-wp user.info kernel: [    0.651009] squashfs: version 4.0 (2009/01/31) Phillip Lougher
Jan  1 07:00:14 swi-mdm9x28-wp user.notice kernel: [    0.652204] NFS: Registering the id_resolver key type
Jan  1 07:00:14 swi-mdm9x28-wp user.notice kernel: [    0.652267] Key type id_resolver registered
Jan  1 07:00:14 swi-mdm9x28-wp user.notice kernel: [    0.652277] Key type id_legacy registered
Jan  1 07:00:14 swi-mdm9x28-wp user.info kernel: [    0.652301] nfs4filelayout_init: NFSv4 File Layout Driver Registering...
Jan  1 07:00:14 swi-mdm9x28-wp user.info kernel: [    0.652402] msgmni has been set to 358
Jan  1 07:00:14 swi-mdm9x28-wp user.notice kernel: [    0.654988] Key type asymmetric registered
Jan  1 07:00:14 swi-mdm9x28-wp user.notice kernel: [    0.655009] Asymmetric key parser 'x509' registered
Jan  1 07:00:14 swi-mdm9x28-wp user.info kernel: [    0.655321] Block layer SCSI generic (bsg) driver version 0.4 loaded (major 249)
Jan  1 07:00:14 swi-mdm9x28-wp user.info kernel: [    0.655340] io scheduler noop registered
Jan  1 07:00:14 swi-mdm9x28-wp user.info kernel: [    0.655354] io scheduler deadline registered
Jan  1 07:00:14 swi-mdm9x28-wp user.info kernel: [    0.655555] io scheduler cfq registered (default)
Jan  1 07:00:14 swi-mdm9x28-wp user.debug kernel: [    0.655699] gpiochip_find_base: found new base at 980
Jan  1 07:00:14 swi-mdm9x28-wp user.debug kernel: [    0.655855] gpiochip_add: registered GPIOs 980 to 1011 on device: smp2p
Jan  1 07:00:14 swi-mdm9x28-wp user.debug kernel: [    0.656071] gpiochip_find_base: found new base at 948
Jan  1 07:00:14 swi-mdm9x28-wp user.debug kernel: [    0.656224] gpiochip_add: registered GPIOs 948 to 979 on device: smp2p
Jan  1 07:00:14 swi-mdm9x28-wp user.debug kernel: [    0.656271] gpiochip_find_base: found new base at 916
Jan  1 07:00:14 swi-mdm9x28-wp user.debug kernel: [    0.656400] gpiochip_add: registered GPIOs 916 to 947 on device: smp2p
Jan  1 07:00:14 swi-mdm9x28-wp user.debug kernel: [    0.656598] gpiochip_find_base: found new base at 884
Jan  1 07:00:14 swi-mdm9x28-wp user.debug kernel: [    0.656727] gpiochip_add: registered GPIOs 884 to 915 on device: smp2p
Jan  1 07:00:14 swi-mdm9x28-wp user.debug kernel: [    0.656774] gpiochip_find_base: found new base at 852
Jan  1 07:00:14 swi-mdm9x28-wp user.debug kernel: [    0.656909] gpiochip_add: registered GPIOs 852 to 883 on device: slave-kernel
Jan  1 07:00:14 swi-mdm9x28-wp user.debug kernel: [    0.657062] gpiochip_find_base: found new base at 852
Jan  1 07:00:14 swi-mdm9x28-wp user.debug kernel: [    0.657191] gpiochip_add: registered GPIOs 852 to 883 on device: master-kernel
Jan  1 07:00:14 swi-mdm9x28-wp user.err kernel: [    0.664594] scm_call failed with error code -4
Jan  1 07:00:14 swi-mdm9x28-wp user.err kernel: [    0.664615] msm_audio_protect_memory_region: SCM call failed, scm_call_ret -95 tz_resp 0
Jan  1 07:00:14 swi-mdm9x28-wp user.notice kernel: [    0.666883] msm_rpm_log_probe: OK
Jan  1 07:00:14 swi-mdm9x28-wp user.warn kernel: [    0.668242] pil-q6v5-mss 4080000.qcom,mss: Failed to find the pas_id.
Jan  1 07:00:14 swi-mdm9x28-wp user.debug kernel: [    0.668293] of_get_named_gpiod_flags: parsed 'qcom,gpio-proxy-unvote' property of node '/soc/qcom,mss@4080000[0]' - status (-517)
Jan  1 07:00:14 swi-mdm9x28-wp user.debug kernel: [    0.670205] of_get_named_gpiod_flags: can't parse 'qcom,tx-gpio' property of node '/soc/uart@78b0000[0]'
Jan  1 07:00:14 swi-mdm9x28-wp user.err kernel: [    0.670222] uart_tx_gpio is not available
Jan  1 07:00:14 swi-mdm9x28-wp user.debug kernel: [    0.670235] of_get_named_gpiod_flags: can't parse 'qcom,rx-gpio' property of node '/soc/uart@78b0000[0]'
Jan  1 07:00:14 swi-mdm9x28-wp user.err kernel: [    0.670244] uart_rx_gpio is not available
Jan  1 07:00:14 swi-mdm9x28-wp user.debug kernel: [    0.670256] of_get_named_gpiod_flags: can't parse 'qcom,cts-gpio' property of node '/soc/uart@78b0000[0]'
Jan  1 07:00:14 swi-mdm9x28-wp user.err kernel: [    0.670264] uart_cts_gpio is not available
Jan  1 07:00:14 swi-mdm9x28-wp user.debug kernel: [    0.670276] of_get_named_gpiod_flags: can't parse 'qcom,rfr-gpio' property of node '/soc/uart@78b0000[0]'
Jan  1 07:00:14 swi-mdm9x28-wp user.err kernel: [    0.670284] uart_rfr_gpio is not available
Jan  1 07:00:14 swi-mdm9x28-wp user.info kernel: [    0.670326] symlink dir is msm_serial_hs.0, ret is 0
Jan  1 07:00:14 swi-mdm9x28-wp user.info kernel: [    0.670338]  uart_func_init(), line=0, uart_type=1, uart_func=1
Jan  1 07:00:14 swi-mdm9x28-wp user.info kernel: [    0.670347]  uart_func_init(), line=0, uart_type=1, uart_func=1
Jan  1 07:00:14 swi-mdm9x28-wp user.info kernel: [    0.670356] ttyHS0 is reserved for AT service.
Jan  1 07:00:14 swi-mdm9x28-wp user.err kernel: [    0.671007] sps: BAM device 0x07884000 is not registered yet.
Jan  1 07:00:14 swi-mdm9x28-wp user.info kernel: [    0.671383] sps:BAM 0x07884000 is registered.
Jan  1 07:00:14 swi-mdm9x28-wp user.info kernel: [    0.673744] 78b0000.uart: ttyHS0 at MMIO 0x78b0000 (irq = 49, base_baud = 460800) is a MSM HS UART
Jan  1 07:00:14 swi-mdm9x28-wp user.debug kernel: [    0.676071] of_get_named_gpiod_flags: can't parse 'qcom,tx-gpio' property of node '/soc/uart@78af000[0]'
Jan  1 07:00:14 swi-mdm9x28-wp user.err kernel: [    0.676085] uart_tx_gpio is not available
Jan  1 07:00:14 swi-mdm9x28-wp user.debug kernel: [    0.676096] of_get_named_gpiod_flags: can't parse 'qcom,rx-gpio' property of node '/soc/uart@78af000[0]'
Jan  1 07:00:14 swi-mdm9x28-wp user.err kernel: [    0.676105] uart_rx_gpio is not available
Jan  1 07:00:14 swi-mdm9x28-wp user.debug kernel: [    0.676117] of_get_named_gpiod_flags: can't parse 'qcom,cts-gpio' property of node '/soc/uart@78af000[0]'
Jan  1 07:00:14 swi-mdm9x28-wp user.err kernel: [    0.676125] uart_cts_gpio is not available
Jan  1 07:00:14 swi-mdm9x28-wp user.debug kernel: [    0.676137] of_get_named_gpiod_flags: can't parse 'qcom,rfr-gpio' property of node '/soc/uart@78af000[0]'
Jan  1 07:00:14 swi-mdm9x28-wp user.err kernel: [    0.676145] uart_rfr_gpio is not available
Jan  1 07:00:14 swi-mdm9x28-wp user.info kernel: [    0.676182] symlink dir is msm_serial_hs.1, ret is 0
Jan  1 07:00:14 swi-mdm9x28-wp user.info kernel: [    0.676194]  uart_func_init(), line=1, uart_type=1, uart_func=17
Jan  1 07:00:14 swi-mdm9x28-wp user.info kernel: [    0.676204]  uart_func_init(), line=1, uart_type=1, uart_func=17
Jan  1 07:00:14 swi-mdm9x28-wp user.info kernel: [    0.676213] ttyHS1 could be used as generic serial port.
Jan  1 07:00:14 swi-mdm9x28-wp user.info kernel: [    0.679072] 78af000.uart: ttyHS1 at MMIO 0x78af000 (irq = 48, base_baud = 460800) is a MSM HS UART
Jan  1 07:00:14 swi-mdm9x28-wp user.info kernel: [    0.681213] msm_serial_hs module loaded
Jan  1 07:00:14 swi-mdm9x28-wp user.err kernel: [    0.681840] mdm9607-pinctrl 1000000.pinctrl: pin GPIO_12 already requested by 78af000.uart; cannot claim for 78af000.serial
Jan  1 07:00:14 swi-mdm9x28-wp user.err kernel: [    0.681858] mdm9607-pinctrl 1000000.pinctrl: pin-12 (78af000.serial) status -22
Jan  1 07:00:14 swi-mdm9x28-wp user.err kernel: [    0.681872] mdm9607-pinctrl 1000000.pinctrl: could not request pin 12 (GPIO_12) from group gpio12  on device 1000000.pinctrl
Jan  1 07:00:14 swi-mdm9x28-wp user.err kernel: [    0.681883] msm_serial_hsl 78af000.serial: Error applying setting, reverse things back
Jan  1 07:00:14 swi-mdm9x28-wp user.info kernel: [    0.681953] symlink dir is msm_serial_hsl.1, ret is 0
Jan  1 07:00:14 swi-mdm9x28-wp user.info kernel: [    0.681965]  uart_func_init(), line=1, uart_type=0, uart_func=17
Jan  1 07:00:14 swi-mdm9x28-wp user.info kernel: [    0.681975]  uart_func_init(), line=1, uart_type=0, uart_func=0
Jan  1 07:00:14 swi-mdm9x28-wp user.info kernel: [    0.681984] ttyHSL1 is disabled.
Jan  1 07:00:14 swi-mdm9x28-wp user.warn kernel: [    0.682008] msm_serial_hsl: probe of 78af000.serial failed with error -1
Jan  1 07:00:14 swi-mdm9x28-wp user.err kernel: [    0.682147] mdm9607-pinctrl 1000000.pinctrl: pin GPIO_4 already requested by 78b0000.uart; cannot claim for 78b0000.serial
Jan  1 07:00:14 swi-mdm9x28-wp user.err kernel: [    0.682160] mdm9607-pinctrl 1000000.pinctrl: pin-4 (78b0000.serial) status -22
Jan  1 07:00:14 swi-mdm9x28-wp user.err kernel: [    0.682173] mdm9607-pinctrl 1000000.pinctrl: could not request pin 4 (GPIO_4) from group gpio4  on device 1000000.pinctrl
Jan  1 07:00:14 swi-mdm9x28-wp user.err kernel: [    0.682184] msm_serial_hsl 78b0000.serial: Error applying setting, reverse things back
Jan  1 07:00:14 swi-mdm9x28-wp user.info kernel: [    0.682234] symlink dir is msm_serial_hsl.0, ret is 0
Jan  1 07:00:14 swi-mdm9x28-wp user.info kernel: [    0.682245]  uart_func_init(), line=0, uart_type=0, uart_func=1
Jan  1 07:00:14 swi-mdm9x28-wp user.info kernel: [    0.682254]  uart_func_init(), line=0, uart_type=0, uart_func=0
Jan  1 07:00:14 swi-mdm9x28-wp user.info kernel: [    0.682262] ttyHSL0 is disabled.
Jan  1 07:00:14 swi-mdm9x28-wp user.warn kernel: [    0.682280] msm_serial_hsl: probe of 78b0000.serial failed with error -1
Jan  1 07:00:14 swi-mdm9x28-wp user.info kernel: [    0.682428] msm_serial_hsl_init: driver initialized
Jan  1 07:00:14 swi-mdm9x28-wp user.info kernel: [    0.706039] brd: module loaded
Jan  1 07:00:14 swi-mdm9x28-wp user.info kernel: [    0.710332] loop: module loaded
Jan  1 07:00:14 swi-mdm9x28-wp user.info kernel: [    0.711085] QSEECOM: qseecom_probe: qseecom.qsee_version = 0x405000
Jan  1 07:00:14 swi-mdm9x28-wp user.warn kernel: [    0.711133] QSEECOM: qseecom_retrieve_ce_data: Device does not support PFE/FDE
Jan  1 07:00:14 swi-mdm9x28-wp user.info kernel: [    0.711149] QSEECOM: qseecom_probe: qseecom clocks handled by other subsystem
Jan  1 07:00:14 swi-mdm9x28-wp user.warn kernel: [    0.711160] QSEECOM: qseecom_probe: qsee reentrancy support phase is not defined, setting to default 0
Jan  1 07:00:14 swi-mdm9x28-wp user.warn kernel: [    0.711422] QSEECOM: qseecom_probe: qseecom.whitelist_support = 0
Jan  1 07:00:14 swi-mdm9x28-wp user.info kernel: [    0.715979] sierra_tcxo_clk soc:sierra_tcxo_clk: sierra_tcxo_clk probe
Jan  1 07:00:14 swi-mdm9x28-wp user.debug kernel: [    0.716493] of_get_named_gpiod_flags: parsed 'sfpr-gpio' property of node '/soc/sierra_safe_pwr_remove[0]' - status (0)
Jan  1 07:00:14 swi-mdm9x28-wp user.warn kernel: [    0.716770] i2c-core: driver [tabla-i2c-core] using legacy suspend method
Jan  1 07:00:14 swi-mdm9x28-wp user.warn kernel: [    0.716781] i2c-core: driver [tabla-i2c-core] using legacy resume method
Jan  1 07:00:14 swi-mdm9x28-wp user.warn kernel: [    0.716925] i2c-core: driver [wcd9xxx-i2c-core] using legacy suspend method
Jan  1 07:00:14 swi-mdm9x28-wp user.warn kernel: [    0.716934] i2c-core: driver [wcd9xxx-i2c-core] using legacy resume method
Jan  1 07:00:14 swi-mdm9x28-wp user.warn kernel: [    0.717090] i2c-core: driver [tasha-i2c-core] using legacy suspend method
Jan  1 07:00:14 swi-mdm9x28-wp user.warn kernel: [    0.717100] i2c-core: driver [tasha-i2c-core] using legacy resume method
Jan  1 07:00:14 swi-mdm9x28-wp user.info kernel: [    0.717452] QCE50: __qce_get_device_tree_data: BAM Apps EE is not defined, setting to default 1
Jan  1 07:00:14 swi-mdm9x28-wp user.info kernel: [    0.717986] qce 720000.qcedev: Qualcomm Crypto 5.3.3 device found @0x720000
Jan  1 07:00:14 swi-mdm9x28-wp user.info kernel: [    0.718006] qce 720000.qcedev: CE device = 0x0
Jan  1 07:00:14 swi-mdm9x28-wp user.info kernel: [    0.718006] , IO base, CE = 0xd0b80000
Jan  1 07:00:14 swi-mdm9x28-wp user.info kernel: [    0.718006] , Consumer (IN) PIPE 2,    Producer (OUT) PIPE 3
Jan  1 07:00:14 swi-mdm9x28-wp user.info kernel: [    0.718006] IO base BAM = 0x  (null)
Jan  1 07:00:14 swi-mdm9x28-wp user.info kernel: [    0.718006] BAM IRQ 44
Jan  1 07:00:14 swi-mdm9x28-wp user.info kernel: [    0.718006] Engines Availability = 0x2010853
Jan  1 07:00:14 swi-mdm9x28-wp user.info kernel: [    0.718391] sps:BAM 0x00704000 is registered.
Jan  1 07:00:14 swi-mdm9x28-wp user.info kernel: [    0.718749] sps:BAM 0x00704000 (va:0xd0bc0000) enabled: ver:0x27, number of pipes:8
Jan  1 07:00:14 swi-mdm9x28-wp user.info kernel: [    0.719288] QCE50: qce_sps_init:  Qualcomm MSM CE-BAM at 0x0000000000704000 irq 44
Jan  1 07:00:14 swi-mdm9x28-wp user.info kernel: [    0.722915] QCE50: __qce_get_device_tree_data: BAM Apps EE is not defined, setting to default 1
Jan  1 07:00:14 swi-mdm9x28-wp user.info kernel: [    0.723531] qcrypto 720000.qcrypto: Qualcomm Crypto 5.3.3 device found @0x720000
Jan  1 07:00:14 swi-mdm9x28-wp user.info kernel: [    0.723551] qcrypto 720000.qcrypto: CE device = 0x0
Jan  1 07:00:14 swi-mdm9x28-wp user.info kernel: [    0.723551] , IO base, CE = 0xd0e40000
Jan  1 07:00:14 swi-mdm9x28-wp user.info kernel: [    0.723551] , Consumer (IN) PIPE 4,    Producer (OUT) PIPE 5
Jan  1 07:00:14 swi-mdm9x28-wp user.info kernel: [    0.723551] IO base BAM = 0x  (null)
Jan  1 07:00:14 swi-mdm9x28-wp user.info kernel: [    0.723551] BAM IRQ 44
Jan  1 07:00:14 swi-mdm9x28-wp user.info kernel: [    0.723551] Engines Availability = 0x2010853
Jan  1 07:00:14 swi-mdm9x28-wp user.info kernel: [    0.724298] QCE50: qce_sps_init:  Qualcomm MSM CE-BAM at 0x0000000000704000 irq 44
Jan  1 07:00:14 swi-mdm9x28-wp user.info kernel: [    0.726934] qcrypto 720000.qcrypto: qcrypto-ecb-aes
Jan  1 07:00:14 swi-mdm9x28-wp user.info kernel: [    0.727108] qcrypto 720000.qcrypto: qcrypto-cbc-aes
Jan  1 07:00:14 swi-mdm9x28-wp user.info kernel: [    0.727337] qcrypto 720000.qcrypto: qcrypto-ctr-aes
Jan  1 07:00:14 swi-mdm9x28-wp user.info kernel: [    0.727547] qcrypto 720000.qcrypto: qcrypto-ecb-des
Jan  1 07:00:14 swi-mdm9x28-wp user.info kernel: [    0.727754] qcrypto 720000.qcrypto: qcrypto-cbc-des
Jan  1 07:00:14 swi-mdm9x28-wp user.info kernel: [    0.727963] qcrypto 720000.qcrypto: qcrypto-ecb-3des
Jan  1 07:00:14 swi-mdm9x28-wp user.info kernel: [    0.728180] qcrypto 720000.qcrypto: qcrypto-cbc-3des
Jan  1 07:00:14 swi-mdm9x28-wp user.info kernel: [    0.728394] qcrypto 720000.qcrypto: qcrypto-xts-aes
Jan  1 07:00:14 swi-mdm9x28-wp user.info kernel: [    0.728610] qcrypto 720000.qcrypto: qcrypto-sha1
Jan  1 07:00:14 swi-mdm9x28-wp user.info kernel: [    0.728824] qcrypto 720000.qcrypto: qcrypto-sha256
Jan  1 07:00:14 swi-mdm9x28-wp user.info kernel: [    0.729036] qcrypto 720000.qcrypto: qcrypto-aead-hmac-sha1-cbc-aes
Jan  1 07:00:14 swi-mdm9x28-wp user.info kernel: [    0.729241] qcrypto 720000.qcrypto: qcrypto-aead-hmac-sha1-cbc-des
Jan  1 07:00:14 swi-mdm9x28-wp user.info kernel: [    0.729451] qcrypto 720000.qcrypto: qcrypto-aead-hmac-sha1-cbc-3des
Jan  1 07:00:14 swi-mdm9x28-wp user.info kernel: [    0.729658] qcrypto 720000.qcrypto: qcrypto-aead-hmac-sha256-cbc-aes
Jan  1 07:00:14 swi-mdm9x28-wp user.info kernel: [    0.729875] qcrypto 720000.qcrypto: qcrypto-aead-hmac-sha256-cbc-des
Jan  1 07:00:14 swi-mdm9x28-wp user.info kernel: [    0.730222] qcrypto 720000.qcrypto: qcrypto-aead-hmac-sha256-cbc-3des
Jan  1 07:00:14 swi-mdm9x28-wp user.warn kernel: [    0.730378] cryptomgr_test (119) used greatest stack depth: 6808 bytes left
Jan  1 07:00:14 swi-mdm9x28-wp user.info kernel: [    0.730465] qcrypto 720000.qcrypto: qcrypto-hmac-sha1
Jan  1 07:00:14 swi-mdm9x28-wp user.info kernel: [    0.730676] qcrypto 720000.qcrypto: qcrypto-hmac-sha256
Jan  1 07:00:14 swi-mdm9x28-wp user.info kernel: [    0.730895] qcrypto 720000.qcrypto: qcrypto-aes-ccm
Jan  1 07:00:14 swi-mdm9x28-wp user.info kernel: [    0.731103] qcrypto 720000.qcrypto: qcrypto-rfc4309-aes-ccm
Jan  1 07:00:14 swi-mdm9x28-wp user.info kernel: [    0.731607] SCSI Media Changer driver v0.25 
Jan  1 07:00:14 swi-mdm9x28-wp user.err kernel: [    0.735849] sps: BAM device 0x07984000 is not registered yet.
Jan  1 07:00:14 swi-mdm9x28-wp user.info kernel: [    0.736239] sps:BAM 0x07984000 is registered.
Jan  1 07:00:14 swi-mdm9x28-wp user.info kernel: [    0.736260] msm_nand_bam_init: msm_nand_bam_init: BAM device registered: bam_handle 0xcdaad000
Jan  1 07:00:14 swi-mdm9x28-wp user.info kernel: [    0.736550] sps:BAM 0x07984000 (va:0xd0b20000) enabled: ver:0x18, number of pipes:7
Jan  1 07:00:14 swi-mdm9x28-wp user.info kernel: [    0.738630] msm_nand_parse_smem_ptable: Parsing partition table info from SMEM
Jan  1 07:00:14 swi-mdm9x28-wp user.info kernel: [    0.738686] msm_nand_parse_smem_ptable: SMEM partition table found: ver: 4 len: 21
Jan  1 07:00:14 swi-mdm9x28-wp user.info kernel: [    0.738717] msm_nand_version_check: nand_major:1, nand_minor:5, qpic_major:1, qpic_minor:5
Jan  1 07:00:14 swi-mdm9x28-wp user.info kernel: [    0.739026] msm_nand_flash_onfi_probe: Found an ONFI compliant device MT29F4G08ABBEA3W    ,
Jan  1 07:00:14 swi-mdm9x28-wp user.info kernel: [    0.739040] msm_nand_scan: NAND Id: 0x2690ac2c Buswidth: 8Bits Density: 512 MByte
Jan  1 07:00:14 swi-mdm9x28-wp user.info kernel: [    0.739051] msm_nand_scan: pagesize: 4096 Erasesize: 262144 oobsize: 224 (in Bytes)
Jan  1 07:00:14 swi-mdm9x28-wp user.info kernel: [    0.739059] msm_nand_scan: BCH ECC: 8 Bit
Jan  1 07:00:14 swi-mdm9x28-wp user.info kernel: [    0.739074] msm_nand_scan: CFG0: 0x290409c0,           CFG1: 0x08045d5c
Jan  1 07:00:14 swi-mdm9x28-wp user.info kernel: [    0.739074]             RAWCFG0: 0x2b8401c0,        RAWCFG1: 0x0005055d
Jan  1 07:00:14 swi-mdm9x28-wp user.info kernel: [    0.739074]           ECCBUFCFG: 0x00000203,      ECCBCHCFG: 0x42040d10
Jan  1 07:00:14 swi-mdm9x28-wp user.info kernel: [    0.739074]           RAWECCCFG: 0x42000d11, BAD BLOCK BYTE: 0x00000175
Jan  1 07:00:14 swi-mdm9x28-wp user.notice kernel: [    0.739098] Creating 21 MTD partitions on "7980000.nand":
Jan  1 07:00:14 swi-mdm9x28-wp user.notice kernel: [    0.739114] 0x000000000000-0x000000280000 : "sbl"
Jan  1 07:00:14 swi-mdm9x28-wp user.notice kernel: [    0.740554] 0x000000280000-0x000000500000 : "mibib"
Jan  1 07:00:14 swi-mdm9x28-wp user.notice kernel: [    0.741643] 0x000000500000-0x000000b80000 : "backup"
Jan  1 07:00:14 swi-mdm9x28-wp user.notice kernel: [    0.742668] 0x000000b80000-0x000000c80000 : "security"
Jan  1 07:00:14 swi-mdm9x28-wp user.notice kernel: [    0.743702] 0x000000c80000-0x000000e80000 : "persist"
Jan  1 07:00:14 swi-mdm9x28-wp user.notice kernel: [    0.744748] 0x000000e80000-0x000002000000 : "efs2"
Jan  1 07:00:14 swi-mdm9x28-wp user.notice kernel: [    0.745802] 0x000002000000-0x000006f40000 : "swifota"
Jan  1 07:00:14 swi-mdm9x28-wp user.notice kernel: [    0.746896] 0x000006f40000-0x0000070c0000 : "tz"
Jan  1 07:00:14 swi-mdm9x28-wp user.notice kernel: [    0.747972] 0x0000070c0000-0x000007180000 : "devcfg"
Jan  1 07:00:14 swi-mdm9x28-wp user.notice kernel: [    0.748971] 0x000007180000-0x000007240000 : "rpm"
Jan  1 07:00:14 swi-mdm9x28-wp user.notice kernel: [    0.750032] 0x000007240000-0x000009240000 : "modem"
Jan  1 07:00:14 swi-mdm9x28-wp user.notice kernel: [    0.751356] 0x000009240000-0x000009340000 : "aboot"
Jan  1 07:00:14 swi-mdm9x28-wp user.notice kernel: [    0.752426] 0x000009340000-0x00000a240000 : "boot"
Jan  1 07:00:14 swi-mdm9x28-wp user.notice kernel: [    0.753512] 0x00000a240000-0x00000c040000 : "system"
Jan  1 07:00:14 swi-mdm9x28-wp user.notice kernel: [    0.754566] 0x00000c040000-0x00000c900000 : "lefwkro"
Jan  1 07:00:14 swi-mdm9x28-wp user.notice kernel: [    0.755671] 0x00000c900000-0x00000e200000 : "swirw"
Jan  1 07:00:14 swi-mdm9x28-wp user.notice kernel: [    0.756692] 0x00000e200000-0x000016500000 : "userapp"
Jan  1 07:00:14 swi-mdm9x28-wp user.notice kernel: [    0.757728] 0x000016500000-0x000019b80000 : "reserved"
Jan  1 07:00:14 swi-mdm9x28-wp user.notice kernel: [    0.758766] 0x000019b80000-0x00001bd00000 : "slot_2"
Jan  1 07:00:14 swi-mdm9x28-wp user.notice kernel: [    0.759824] 0x00001bd00000-0x00001de80000 : "slot_1"
Jan  1 07:00:14 swi-mdm9x28-wp user.notice kernel: [    0.761034] 0x00001de80000-0x000020000000 : "slot_0"
Jan  1 07:00:14 swi-mdm9x28-wp user.info kernel: [    0.762136] msm_nand_probe: NANDc phys addr 0x7980000, BAM phys addr 0x7984000, BAM IRQ 30
Jan  1 07:00:14 swi-mdm9x28-wp user.info kernel: [    0.762148] msm_nand_probe: Allocated DMA buffer at virt_addr 0xcf048000, phys_addr 0x8f048000
Jan  1 07:00:14 swi-mdm9x28-wp user.debug kernel: [    0.763736] of_get_named_gpiod_flags: can't parse 'qcom,gpio-clk' property of node '/soc/spi@78b6000[0]'
Jan  1 07:00:14 swi-mdm9x28-wp user.debug kernel: [    0.763754] of_get_named_gpiod_flags: can't parse 'qcom,gpio-miso' property of node '/soc/spi@78b6000[0]'
Jan  1 07:00:14 swi-mdm9x28-wp user.debug kernel: [    0.763766] of_get_named_gpiod_flags: can't parse 'qcom,gpio-mosi' property of node '/soc/spi@78b6000[0]'
Jan  1 07:00:14 swi-mdm9x28-wp user.debug kernel: [    0.763778] of_get_named_gpiod_flags: can't parse 'qcom,gpio-cs0' property of node '/soc/spi@78b6000[0]'
Jan  1 07:00:14 swi-mdm9x28-wp user.debug kernel: [    0.763790] of_get_named_gpiod_flags: can't parse 'qcom,gpio-cs1' property of node '/soc/spi@78b6000[0]'
Jan  1 07:00:14 swi-mdm9x28-wp user.debug kernel: [    0.763801] of_get_named_gpiod_flags: can't parse 'qcom,gpio-cs2' property of node '/soc/spi@78b6000[0]'
Jan  1 07:00:14 swi-mdm9x28-wp user.debug kernel: [    0.763812] of_get_named_gpiod_flags: can't parse 'qcom,gpio-cs3' property of node '/soc/spi@78b6000[0]'
Jan  1 07:00:14 swi-mdm9x28-wp user.info kernel: [    0.764726] tun: Universal TUN/TAP device driver, 1.6
Jan  1 07:00:14 swi-mdm9x28-wp user.info kernel: [    0.764740] tun: (C) 1999-2004 Max Krasnyansky <maxk@qualcomm.com>
Jan  1 07:00:14 swi-mdm9x28-wp user.info kernel: [    0.765059] vcan: Virtual CAN interface driver
Jan  1 07:00:14 swi-mdm9x28-wp user.info kernel: [    0.765077] CAN device driver interface
Jan  1 07:00:14 swi-mdm9x28-wp user.info kernel: [    0.766962] PPP generic driver version 2.4.2
Jan  1 07:00:14 swi-mdm9x28-wp user.info kernel: [    0.767508] usbcore: registered new interface driver asix
Jan  1 07:00:14 swi-mdm9x28-wp user.info kernel: [    0.767620] usbcore: registered new interface driver ax88179_178a
Jan  1 07:00:14 swi-mdm9x28-wp user.info kernel: [    0.767692] usbcore: registered new interface driver cdc_ether
Jan  1 07:00:14 swi-mdm9x28-wp user.info kernel: [    0.767781] usbcore: registered new interface driver smsc95xx
Jan  1 07:00:14 swi-mdm9x28-wp user.info kernel: [    0.767850] usbcore: registered new interface driver net1080
Jan  1 07:00:14 swi-mdm9x28-wp user.info kernel: [    0.767915] usbcore: registered new interface driver cdc_subset
Jan  1 07:00:14 swi-mdm9x28-wp user.info kernel: [    0.767982] usbcore: registered new interface driver zaurus
Jan  1 07:00:14 swi-mdm9x28-wp user.info kernel: [    0.768362] usbcore: registered new interface driver cdc_ncm
Jan  1 07:00:14 swi-mdm9x28-wp user.info kernel: [    0.768634] msm_otg 78d9000.usb: msm_otg probe
Jan  1 07:00:14 swi-mdm9x28-wp user.debug kernel: [    0.768942] of_get_named_gpiod_flags: can't parse 'qcom,hub-reset-gpio' property of node '/soc/usb@78d9000[0]'
Jan  1 07:00:14 swi-mdm9x28-wp user.debug kernel: [    0.768958] of_get_named_gpiod_flags: can't parse 'qcom,usbeth-reset-gpio' property of node '/soc/usb@78d9000[0]'
Jan  1 07:00:14 swi-mdm9x28-wp user.debug kernel: [    0.768972] of_get_named_gpiod_flags: can't parse 'qcom,sw-sel-gpio' property of node '/soc/usb@78d9000[0]'
Jan  1 07:00:14 swi-mdm9x28-wp user.debug kernel: [    0.769031] of_get_named_gpiod_flags: parsed 'qcom,usbid-gpio' property of node '/soc/usb@78d9000[0]' - status (0)
Jan  1 07:00:14 swi-mdm9x28-wp user.debug kernel: [    0.769053] of_get_named_gpiod_flags: can't parse 'qcom,hsusb-otg-vddmin-gpio' property of node '/soc/usb@78d9000[0]'
Jan  1 07:00:14 swi-mdm9x28-wp user.info kernel: [    0.771118] msm_otg 78d9000.usb: OTG regs = d09ae000
Jan  1 07:00:14 swi-mdm9x28-wp user.info kernel: [    0.774623] ehci_hcd: USB 2.0 'Enhanced' Host Controller (EHCI) Driver
Jan  1 07:00:14 swi-mdm9x28-wp user.debug kernel: [    0.774917] of_get_named_gpiod_flags: can't parse 'hsic,strobe-gpio' property of node '/soc/hsic_host@7c00000[0]'
Jan  1 07:00:14 swi-mdm9x28-wp user.debug kernel: [    0.774930] of_get_named_gpiod_flags: can't parse 'hsic,data-gpio' property of node '/soc/hsic_host@7c00000[0]'
Jan  1 07:00:14 swi-mdm9x28-wp user.debug kernel: [    0.774942] of_get_named_gpiod_flags: can't parse 'hsic,resume-gpio' property of node '/soc/hsic_host@7c00000[0]'
Jan  1 07:00:14 swi-mdm9x28-wp user.warn kernel: [    0.775068] 7c00000.hsic_host supply HSIC_GDSC not found, using dummy regulator
Jan  1 07:00:14 swi-mdm9x28-wp user.info kernel: [    0.787838] msm_hsic_host 7c00000.hsic_host: Qualcomm EHCI Host Controller using HSIC
Jan  1 07:00:14 swi-mdm9x28-wp user.info kernel: [    0.787886] msm_hsic_host 7c00000.hsic_host: new USB bus registered, assigned bus number 1
Jan  1 07:00:14 swi-mdm9x28-wp user.info kernel: [    0.788141] msm_hsic_host 7c00000.hsic_host: irq 28, io mem 0x07c00000
Jan  1 07:00:14 swi-mdm9x28-wp user.info kernel: [    0.800111] msm_hsic_host 7c00000.hsic_host: USB 2.0 started, EHCI 1.00
Jan  1 07:00:14 swi-mdm9x28-wp user.info kernel: [    0.800619] usb usb1: New USB device found, idVendor=1d6b, idProduct=0002
Jan  1 07:00:14 swi-mdm9x28-wp user.info kernel: [    0.800632] usb usb1: New USB device strings: Mfr=3, Product=2, SerialNumber=1
Jan  1 07:00:14 swi-mdm9x28-wp user.info kernel: [    0.800644] usb usb1: Product: Qualcomm EHCI Host Controller using HSIC
Jan  1 07:00:14 swi-mdm9x28-wp user.info kernel: [    0.800656] usb usb1: Manufacturer: Linux 3.18.131 ehci_hcd
Jan  1 07:00:14 swi-mdm9x28-wp user.info kernel: [    0.800667] usb usb1: SerialNumber: 7c00000.hsic_host
Jan  1 07:00:14 swi-mdm9x28-wp user.info kernel: [    0.801544] hub 1-0:1.0: USB hub found
Jan  1 07:00:14 swi-mdm9x28-wp user.info kernel: [    0.801621] hub 1-0:1.0: 1 port detected
Jan  1 07:00:14 swi-mdm9x28-wp user.debug kernel: [    0.802695] of_get_named_gpiod_flags: can't parse 'hsic,swi_reset_gpio' property of node '/soc/hsic_host@7c00000[0]'
Jan  1 07:00:14 swi-mdm9x28-wp user.info kernel: [    0.803446] ehci-msm: Qualcomm On-Chip EHCI Host Controller
Jan  1 07:00:14 swi-mdm9x28-wp user.warn kernel: [    0.804290] 78d9000.usb supply vbus_otg not found, using dummy regulator
Jan  1 07:00:14 swi-mdm9x28-wp user.info kernel: [    0.804675] usbcore: registered new interface driver cdc_acm
Jan  1 07:00:14 swi-mdm9x28-wp user.info kernel: [    0.804688] cdc_acm: USB Abstract Control Model driver for USB modems and ISDN adapters
Jan  1 07:00:14 swi-mdm9x28-wp user.info kernel: [    0.804801] usbcore: registered new interface driver usb-storage
Jan  1 07:00:14 swi-mdm9x28-wp user.info kernel: [    0.804862] usbcore: registered new interface driver ums-alauda
Jan  1 07:00:14 swi-mdm9x28-wp user.info kernel: [    0.804920] usbcore: registered new interface driver ums-cypress
Jan  1 07:00:14 swi-mdm9x28-wp user.info kernel: [    0.804976] usbcore: registered new interface driver ums-datafab
Jan  1 07:00:14 swi-mdm9x28-wp user.info kernel: [    0.805058] usbcore: registered new interface driver ums-freecom
Jan  1 07:00:14 swi-mdm9x28-wp user.info kernel: [    0.805124] usbcore: registered new interface driver ums-isd200
Jan  1 07:00:14 swi-mdm9x28-wp user.info kernel: [    0.805179] usbcore: registered new interface driver ums-jumpshot
Jan  1 07:00:14 swi-mdm9x28-wp user.info kernel: [    0.805235] usbcore: registered new interface driver ums-karma
Jan  1 07:00:14 swi-mdm9x28-wp user.info kernel: [    0.805291] usbcore: registered new interface driver ums-onetouch
Jan  1 07:00:14 swi-mdm9x28-wp user.info kernel: [    0.805345] usbcore: registered new interface driver ums-sddr09
Jan  1 07:00:14 swi-mdm9x28-wp user.info kernel: [    0.805402] usbcore: registered new interface driver ums-sddr55
Jan  1 07:00:14 swi-mdm9x28-wp user.info kernel: [    0.805456] usbcore: registered new interface driver ums-usbat
Jan  1 07:00:14 swi-mdm9x28-wp user.info kernel: [    0.805522] usbcore: registered new interface driver usb_ehset_test
Jan  1 07:00:14 swi-mdm9x28-wp user.info kernel: [    0.807101] gbridge_init: gbridge_init successs.
Jan  1 07:00:14 swi-mdm9x28-wp user.info kernel: [    0.809321] qcom,qpnp-rtc qpnp-rtc-5: rtc core: registered qpnp_rtc as rtc0
Jan  1 07:00:14 swi-mdm9x28-wp user.info kernel: [    0.809488] msm_otg 78d9000.usb: phy_reset: success
Jan  1 07:00:14 swi-mdm9x28-wp user.info kernel: [    0.809631] i2c /dev entries driver
Jan  1 07:00:14 swi-mdm9x28-wp user.debug kernel: [    0.810672] of_get_named_gpiod_flags: parsed 'gpios' property of node '/soc/pps[0]' - status (0)
Jan  1 07:00:14 swi-mdm9x28-wp user.info kernel: [    0.811041] pps pps0: new PPS source soc:pps.-1
Jan  1 07:00:14 swi-mdm9x28-wp user.info kernel: [    0.811153] pps pps0: Registered IRQ 105 as PPS source
Jan  1 07:00:14 swi-mdm9x28-wp user.err kernel: [    0.811948] unable to find DT imem DLOAD mode node
Jan  1 07:00:14 swi-mdm9x28-wp user.err kernel: [    0.812292] unable to find DT imem EDLOAD mode node
Jan  1 07:00:14 swi-mdm9x28-wp user.err kernel: [    0.812590] unable to find DT imem dload-type node
Jan  1 07:00:14 swi-mdm9x28-wp user.info kernel: [    0.813943] swimcu_hwmon_probe: start
Jan  1 07:00:14 swi-mdm9x28-wp user.info kernel: [    0.814112] swimcu_hwmon_probe: success num 2
Jan  1 07:00:14 swi-mdm9x28-wp user.info kernel: [    0.836019] device-mapper: ioctl: 4.28.0-ioctl (2014-09-17) initialised: dm-devel@redhat.com
Jan  1 07:00:14 swi-mdm9x28-wp user.info kernel: [    0.836581] sdhci: Secure Digital Host Controller Interface driver
Jan  1 07:00:14 swi-mdm9x28-wp user.info kernel: [    0.836593] sdhci: Copyright(c) Pierre Ossman
Jan  1 07:00:14 swi-mdm9x28-wp user.info kernel: [    0.836609] sdhci-pltfm: SDHCI platform and OF driver helper
Jan  1 07:00:14 swi-mdm9x28-wp user.info kernel: [    0.837030] usbcore: registered new interface driver usbhid
Jan  1 07:00:14 swi-mdm9x28-wp user.info kernel: [    0.837042] usbhid: USB HID core driver
Jan  1 07:00:14 swi-mdm9x28-wp user.debug kernel: [    0.837631] of_get_named_gpiod_flags: can't parse 'qcom,gpio-mode-sel' property of node '/soc/usb_detect[0]'
Jan  1 07:00:14 swi-mdm9x28-wp user.info kernel: [    0.838820] bimc-bwmon 408000.qcom,cpu-bwmon: BW HWmon governor registered.
Jan  1 07:00:14 swi-mdm9x28-wp user.err kernel: [    0.839623] devfreq soc:qcom,cpubw: Couldn't update frequency transition information.
Jan  1 07:00:14 swi-mdm9x28-wp user.err kernel: [    0.839872] coresight_event: error registering on panic -38
Jan  1 07:00:14 swi-mdm9x28-wp user.info kernel: [    0.840207] coresight-fuse a601c.fuse: QPDI fuse not specified
Jan  1 07:00:14 swi-mdm9x28-wp user.info kernel: [    0.840342] coresight-fuse a601c.fuse: Fuse initialized
Jan  1 07:00:14 swi-mdm9x28-wp user.info kernel: [    0.843989] coresight-csr 6001000.csr: CSR initialized
Jan  1 07:00:14 swi-mdm9x28-wp user.warn kernel: [    0.845498] sdhci_msm 7864900.sdhci: sdhci_msm_probe: ICE device is not enabled
Jan  1 07:00:14 swi-mdm9x28-wp user.debug kernel: [    0.845525] of_get_named_gpiod_flags: can't parse 'cd-gpios' property of node '/soc/sdhci@07864900[0]'
Jan  1 07:00:14 swi-mdm9x28-wp user.err kernel: [    0.845915] sdhci_msm 7864900.sdhci: sdhci_msm_pm_qos_parse_irq: error -22 reading irq cpu
Jan  1 07:00:14 swi-mdm9x28-wp user.notice kernel: [    0.845928] sdhci_msm 7864900.sdhci: sdhci_msm_pm_qos_parse: PM QoS voting for IRQ will be disabled
Jan  1 07:00:14 swi-mdm9x28-wp user.notice kernel: [    0.845942] sdhci_msm 7864900.sdhci: sdhci_msm_pm_qos_parse: PM QoS voting for cpu group will be disabled
Jan  1 07:00:14 swi-mdm9x28-wp user.info kernel: [    0.847240] tz_log 8600720.tz-log: Hyp log service is not supported
Jan  1 07:00:14 swi-mdm9x28-wp user.info kernel: [    0.849985] sdhci_msm 7864900.sdhci: No vmmc regulator found
Jan  1 07:00:14 swi-mdm9x28-wp user.info kernel: [    0.850002] sdhci_msm 7864900.sdhci: No vqmmc regulator found
Jan  1 07:00:14 swi-mdm9x28-wp user.info kernel: [    0.850456] coresight-tmc 6026000.tmc: Byte Counter feature enabled
Jan  1 07:00:14 swi-mdm9x28-wp user.info kernel: [    0.850853] sps:BAM 0x06084000 is registered.
Jan  1 07:00:14 swi-mdm9x28-wp user.info kernel: [    0.851367] coresight-tmc 6026000.tmc: TMC initialized
Jan  1 07:00:14 swi-mdm9x28-wp user.info kernel: [    0.851925] coresight-tmc 6025000.tmc: TMC initialized
Jan  1 07:00:14 swi-mdm9x28-wp user.info kernel: [    0.854117] nidnt boot config: 0
Jan  1 07:00:14 swi-mdm9x28-wp user.info kernel: [    0.855345] coresight-tpiu 6020000.tpiu: NIDnT on SDCARD only mode
Jan  1 07:00:14 swi-mdm9x28-wp user.info kernel: [    0.855542] coresight-tpiu 6020000.tpiu: TPIU initialized
Jan  1 07:00:14 swi-mdm9x28-wp user.info kernel: [    0.857000] coresight-replicator 6024000.replicator: REPLICATOR initialized
Jan  1 07:00:14 swi-mdm9x28-wp user.info kernel: [    0.857498] coresight-dbgui 606d000.dbgui: DebugUI capture enabled
Jan  1 07:00:14 swi-mdm9x28-wp user.info kernel: [    0.857718] coresight-dbgui 606d000.dbgui: DebugUI initializaed
Jan  1 07:00:14 swi-mdm9x28-wp user.info kernel: [    0.858607] mmc0: SDHCI controller on 7864900.sdhci [7864900.sdhci] using 32-bit ADMA in legacy mode
Jan  1 07:00:14 swi-mdm9x28-wp user.info kernel: [    0.859122] coresight-stm 6002000.stm: STM initialized
Jan  1 07:00:14 swi-mdm9x28-wp user.info kernel: [    0.860422] coresight-hwevent 606c000.hwevent: Hardware Event driver initialized
Jan  1 07:00:14 swi-mdm9x28-wp user.info kernel: [    0.861318] coresight-etm 6042000.etm: ETM initialized
Jan  1 07:00:14 swi-mdm9x28-wp user.info kernel: [    0.862579] coresight-remote-etm soc:rpm_etm0: Remote ETM initialized
Jan  1 07:00:14 swi-mdm9x28-wp user.info kernel: [    0.862963] coresight-remote-etm soc:modem_etm0: Remote ETM initialized
Jan  1 07:00:14 swi-mdm9x28-wp user.warn kernel: [    0.865355] wm8944_codec_init registering platform driver
Jan  1 07:00:14 swi-mdm9x28-wp user.info kernel: [    0.876091] msm_pcm_probe: dev name soc:qcom,msm-voice-host-pcm
Jan  1 07:00:14 swi-mdm9x28-wp user.err kernel: [    0.882647] mdm9607-asoc-snd soc:sound-wm8944: Defering mdm_asoc_machine_probe, q6_state 0
Jan  1 07:00:14 swi-mdm9x28-wp user.info kernel: [    0.882951] Netfilter messages via NETLINK v0.30.
Jan  1 07:00:14 swi-mdm9x28-wp user.info kernel: [    0.883049] nf_conntrack version 0.5.0 (2868 buckets, 11472 max)
Jan  1 07:00:14 swi-mdm9x28-wp user.info kernel: [    0.883623] ctnetlink v0.93: registering with nfnetlink.
Jan  1 07:00:14 swi-mdm9x28-wp user.info kernel: [    0.884028] ip_set: protocol 6
Jan  1 07:00:14 swi-mdm9x28-wp user.info kernel: [    0.884401] ip_tables: (C) 2000-2006 Netfilter Core Team
Jan  1 07:00:14 swi-mdm9x28-wp user.info kernel: [    0.884581] arp_tables: (C) 2002 David S. Miller
Jan  1 07:00:14 swi-mdm9x28-wp user.info kernel: [    0.884645] TCP: cubic registered
Jan  1 07:00:14 swi-mdm9x28-wp user.info kernel: [    0.885514] NET: Registered protocol family 10
Jan  1 07:00:14 swi-mdm9x28-wp user.info kernel: [    0.886670] ip6_tables: (C) 2000-2006 Netfilter Core Team
Jan  1 07:00:14 swi-mdm9x28-wp user.info kernel: [    0.886909] sit: IPv6 over IPv4 tunneling driver
Jan  1 07:00:14 swi-mdm9x28-wp user.info kernel: [    0.887619] NET: Registered protocol family 17
Jan  1 07:00:14 swi-mdm9x28-wp user.info kernel: [    0.887752] bridge: automatic filtering via arp/ip/ip6tables has been deprecated. Update your scripts to load br_netfilter if you need this.
Jan  1 07:00:14 swi-mdm9x28-wp user.notice kernel: [    0.887793] Bridge firewalling registered
Jan  1 07:00:14 swi-mdm9x28-wp user.info kernel: [    0.887809] Ebtables v2.0 registered
Jan  1 07:00:14 swi-mdm9x28-wp user.info kernel: [    0.887932] can: controller area network core (rev 20120528 abi 9)
Jan  1 07:00:14 swi-mdm9x28-wp user.info kernel: [    0.888698] NET: Registered protocol family 29
Jan  1 07:00:14 swi-mdm9x28-wp user.info kernel: [    0.888729] can: raw protocol (rev 20120528)
Jan  1 07:00:14 swi-mdm9x28-wp user.info kernel: [    0.888745] can: broadcast manager protocol (rev 20120528 t)
Jan  1 07:00:14 swi-mdm9x28-wp user.info kernel: [    0.888769] can: netlink gateway (rev 20130117) max_hops=1
Jan  1 07:00:14 swi-mdm9x28-wp user.notice kernel: [    0.890664] Key type dns_resolver registered
Jan  1 07:00:14 swi-mdm9x28-wp user.info kernel: [    0.893581] NET: Registered protocol family 27
Jan  1 07:00:14 swi-mdm9x28-wp user.debug kernel: [    0.897147] gpiochip_find_base: found new base at 852
Jan  1 07:00:14 swi-mdm9x28-wp user.debug kernel: [    0.897316] gpiochip_add: registered GPIOs 852 to 883 on device: slave-kernel
Jan  1 07:00:14 swi-mdm9x28-wp user.debug kernel: [    0.897640] gpiochip_find_base: found new base at 820
Jan  1 07:00:14 swi-mdm9x28-wp user.debug kernel: [    0.897774] gpiochip_add: registered GPIOs 820 to 851 on device: master-kernel
Jan  1 07:00:14 swi-mdm9x28-wp user.warn kernel: [    0.898400] pil-q6v5-mss 4080000.qcom,mss: Failed to find the pas_id.
Jan  1 07:00:14 swi-mdm9x28-wp user.debug kernel: [    0.898441] of_get_named_gpiod_flags: parsed 'qcom,gpio-proxy-unvote' property of node '/soc/qcom,mss@4080000[0]' - status (0)
Jan  1 07:00:14 swi-mdm9x28-wp user.debug kernel: [    0.899440] of_get_named_gpiod_flags: parsed 'qcom,gpio-err-fatal' property of node '/soc/qcom,mss@4080000[0]' - status (0)
Jan  1 07:00:14 swi-mdm9x28-wp user.debug kernel: [    0.899462] of_get_named_gpiod_flags: parsed 'qcom,gpio-err-ready' property of node '/soc/qcom,mss@4080000[0]' - status (0)
Jan  1 07:00:14 swi-mdm9x28-wp user.debug kernel: [    0.899479] of_get_named_gpiod_flags: parsed 'qcom,gpio-stop-ack' property of node '/soc/qcom,mss@4080000[0]' - status (0)
Jan  1 07:00:14 swi-mdm9x28-wp user.debug kernel: [    0.899496] of_get_named_gpiod_flags: parsed 'qcom,gpio-force-stop' property of node '/soc/qcom,mss@4080000[0]' - status (0)
Jan  1 07:00:14 swi-mdm9x28-wp user.debug kernel: [    0.899512] of_get_named_gpiod_flags: parsed 'qcom,gpio-shutdown-ack' property of node '/soc/qcom,mss@4080000[0]' - status (0)
Jan  1 07:00:14 swi-mdm9x28-wp user.info kernel: [    0.899707] pil-q6v5-mss 4080000.qcom,mss: for modem segments only will be dumped.
Jan  1 07:00:14 swi-mdm9x28-wp user.err kernel: [    0.902845] mdm9607-asoc-snd soc:sound-wm8944: Defering mdm_asoc_machine_probe, q6_state 0
Jan  1 07:00:14 swi-mdm9x28-wp user.info kernel: [    0.903624] wl12xx WLAN_EN GPIO: 58
Jan  1 07:00:14 swi-mdm9x28-wp user.info kernel: [    0.903636] wl12xx IRQ: 131
Jan  1 07:00:14 swi-mdm9x28-wp user.info kernel: [    0.903645] wl18xx board initialization done
Jan  1 07:00:14 swi-mdm9x28-wp user.info kernel: [    0.904041] sierra_monitor_probe monitor times: 120, 0, 0
Jan  1 07:00:14 swi-mdm9x28-wp user.notice kernel: [    0.908068] Loading compiled-in X.509 certificates
Jan  1 07:00:14 swi-mdm9x28-wp user.warn kernel: [    0.913411] modprobe (153) used greatest stack depth: 6484 bytes left
Jan  1 07:00:14 swi-mdm9x28-wp user.warn kernel: [    0.917391] modprobe (156) used greatest stack depth: 6176 bytes left
Jan  1 07:00:14 swi-mdm9x28-wp user.notice kernel: [    0.923650] Key type encrypted registered
Jan  1 07:00:14 swi-mdm9x28-wp user.info kernel: [    0.923688] ima: No TPM chip found, activating TPM-bypass!
Jan  1 07:00:14 swi-mdm9x28-wp user.info kernel: [    0.923755] ima: Allocated hash algorithm: sha1
Jan  1 07:00:14 swi-mdm9x28-wp user.info kernel: [    0.923929] evm: HMAC attrs: 0x1
Jan  1 07:00:14 swi-mdm9x28-wp user.err kernel: [    0.933305] mdm9607-asoc-snd soc:sound-wm8944: Defering mdm_asoc_machine_probe, q6_state 0
Jan  1 07:00:14 swi-mdm9x28-wp user.info kernel: [    0.934762] file system registered
Jan  1 07:00:14 swi-mdm9x28-wp user.info kernel: [    0.934881] mbim_init: initialize 1 instances
Jan  1 07:00:14 swi-mdm9x28-wp user.info kernel: [    0.935117] mbim_init: Initialized 1 ports
Jan  1 07:00:14 swi-mdm9x28-wp user.info kernel: [    0.943661] rndis_qc_init: initialize rndis QC instance
Jan  1 07:00:14 swi-mdm9x28-wp user.info kernel: [    0.944225] Number of LUNs=8
Jan  1 07:00:14 swi-mdm9x28-wp user.info kernel: [    0.944241] Mass Storage Function, version: 2009/09/11
Jan  1 07:00:14 swi-mdm9x28-wp user.info kernel: [    0.944254] LUN: removable file: (no medium)
Jan  1 07:00:14 swi-mdm9x28-wp user.info kernel: [    0.944276] Number of LUNs=1
Jan  1 07:00:14 swi-mdm9x28-wp user.info kernel: [    0.944381] LUN: removable file: (no medium)
Jan  1 07:00:14 swi-mdm9x28-wp user.info kernel: [    0.944392] Number of LUNs=1
Jan  1 07:00:14 swi-mdm9x28-wp user.info kernel: [    0.944971] android_usb gadget: android_usb ready
Jan  1 07:00:14 swi-mdm9x28-wp user.info kernel: [    0.944989] msm_hsusb msm_hsusb: [ci13xxx_start] hw_ep_max = 32
Jan  1 07:00:14 swi-mdm9x28-wp user.info kernel: [    0.945036] msm_hsusb msm_hsusb: CI13XXX_CONTROLLER_RESET_EVENT received
Jan  1 07:00:14 swi-mdm9x28-wp user.info kernel: [    0.945053] msm_hsusb msm_hsusb: CI13XXX_CONTROLLER_UDC_STARTED_EVENT received
Jan  1 07:00:14 swi-mdm9x28-wp user.err kernel: [    0.945487] mdm9607-asoc-snd soc:sound-wm8944: Defering mdm_asoc_machine_probe, q6_state 0
Jan  1 07:00:14 swi-mdm9x28-wp user.info kernel: [    0.946002] qcom,qpnp-rtc qpnp-rtc-5: setting system clock to 1970-01-01 00:00:04 UTC (4)
Jan  1 07:00:14 swi-mdm9x28-wp user.info kernel: [    0.947081] parse_legacy_cluster_params(): Ignoring cluster params
Jan  1 07:00:14 swi-mdm9x28-wp user.info kernel: [    0.947120] /soc/qcom,lpm-levels/qcom,pm-cluster@0: No CPU phandle, assuming single cluster
Jan  1 07:00:14 swi-mdm9x28-wp user.err kernel: [    0.947158] calculate_residency: residency < 0 for LPM
Jan  1 07:00:14 swi-mdm9x28-wp user.err kernel: [    0.947168] parse_cpu_levels: idx 1 420
Jan  1 07:00:14 swi-mdm9x28-wp user.err kernel: [    0.947176] calculate_residency: residency < 0 for LPM
Jan  1 07:00:14 swi-mdm9x28-wp user.err kernel: [    0.947185] parse_cpu_levels: idx 2 500
Jan  1 07:00:14 swi-mdm9x28-wp user.err kernel: [    0.947195] parse_cpu_levels: idx 2 3040
Jan  1 07:00:14 swi-mdm9x28-wp user.err kernel: [    0.948163] mdm9607-asoc-snd soc:sound-wm8944: Defering mdm_asoc_machine_probe, q6_state 0
Jan  1 07:00:14 swi-mdm9x28-wp user.info kernel: [    0.953438] qcom,cc-debug-mdm9607 1800000.qcom,debug: Registered Debug Mux successfully
Jan  1 07:00:14 swi-mdm9x28-wp user.err kernel: [    0.953864] mdm9607-asoc-snd soc:sound-wm8944: Defering mdm_asoc_machine_probe, q6_state 0
Jan  1 07:00:14 swi-mdm9x28-wp user.debug kernel: [    0.960630] PM: Hibernation image not present or could not be loaded.
Jan  1 07:00:14 swi-mdm9x28-wp user.info kernel: [    0.960659] mem_acc_corner: disabling
Jan  1 07:00:14 swi-mdm9x28-wp user.info kernel: [    0.960715] sdcard_ext_vreg: disabling
Jan  1 07:00:14 swi-mdm9x28-wp user.info kernel: [    0.960726] rome_vreg: disabling
Jan  1 07:00:14 swi-mdm9x28-wp user.info kernel: [    0.960736] emac_lan_vreg: disabling
Jan  1 07:00:14 swi-mdm9x28-wp user.info kernel: [    0.960751] clock_late_init: Removing enables held for handed-off clocks
Jan  1 07:00:14 swi-mdm9x28-wp user.info kernel: [    0.962562] ALSA device list:
Jan  1 07:00:14 swi-mdm9x28-wp user.info kernel: [    0.962574]   No soundcards found.
Jan  1 07:00:14 swi-mdm9x28-wp user.err kernel: [    0.962714] Warning: unable to open an initial console.
Jan  1 07:00:14 swi-mdm9x28-wp user.info kernel: [    1.025028] Freeing unused kernel memory: 3388K
Jan  1 07:00:14 swi-mdm9x28-wp user.warn kernel: [    1.025044] This architecture does not have kernel memory protection.
Jan  1 07:00:14 swi-mdm9x28-wp user.warn kernel: [    1.104593] dd (187) used greatest stack depth: 5608 bytes left
Jan  1 07:00:14 swi-mdm9x28-wp user.notice kernel: [    1.107674] ubi0: attaching mtd13
Jan  1 07:00:14 swi-mdm9x28-wp user.info kernel: [    1.120152] usb 1-1: new high-speed USB device number 2 using msm_hsic_host
Jan  1 07:00:14 swi-mdm9x28-wp user.notice kernel: [    1.215117] ubi0: scanning is finished
Jan  1 07:00:14 swi-mdm9x28-wp user.warn kernel: [    1.220541] ubi0 warning: print_rsvd_warning: cannot reserve enough PEBs for bad PEB handling, reserved 28, need 40
Jan  1 07:00:14 swi-mdm9x28-wp user.notice kernel: [    1.221852] ubi0: attached mtd13 (name "system", size 30 MiB)
Jan  1 07:00:14 swi-mdm9x28-wp user.notice kernel: [    1.221868] ubi0: PEB size: 262144 bytes (256 KiB), LEB size: 253952 bytes
Jan  1 07:00:14 swi-mdm9x28-wp user.notice kernel: [    1.221878] ubi0: min./max. I/O unit sizes: 4096/4096, sub-page size 4096
Jan  1 07:00:14 swi-mdm9x28-wp user.notice kernel: [    1.221888] ubi0: VID header offset: 4096 (aligned 4096), data offset: 8192
Jan  1 07:00:14 swi-mdm9x28-wp user.notice kernel: [    1.221898] ubi0: good PEBs: 120, bad PEBs: 0, corrupted PEBs: 0
Jan  1 07:00:14 swi-mdm9x28-wp user.notice kernel: [    1.221907] ubi0: user volume: 3, internal volumes: 1, max. volumes count: 128
Jan  1 07:00:14 swi-mdm9x28-wp user.notice kernel: [    1.221919] ubi0: max/mean erase counter: 57/56, WL threshold: 4096, image sequence number: 1714389763
Jan  1 07:00:14 swi-mdm9x28-wp user.notice kernel: [    1.221929] ubi0: available PEBs: 0, total reserved PEBs: 120, PEBs reserved for bad PEB handling: 28
Jan  1 07:00:14 swi-mdm9x28-wp user.notice kernel: [    1.224329] ubi0: background thread "ubi_bgt0d" started, PID 190
Jan  1 07:00:14 swi-mdm9x28-wp user.info kernel: [    1.270892] usb 1-1: New USB device found, idVendor=0424, idProduct=3503
Jan  1 07:00:14 swi-mdm9x28-wp user.info kernel: [    1.270911] usb 1-1: New USB device strings: Mfr=0, Product=0, SerialNumber=0
Jan  1 07:00:14 swi-mdm9x28-wp user.info kernel: [    1.271854] hub 1-1:1.0: USB hub found
Jan  1 07:00:14 swi-mdm9x28-wp user.info kernel: [    1.272001] hub 1-1:1.0: 3 ports detected
Jan  1 07:00:14 swi-mdm9x28-wp user.err kernel: [    1.273798] mdm9607-asoc-snd soc:sound-wm8944: Defering mdm_asoc_machine_probe, q6_state 0
Jan  1 07:00:14 swi-mdm9x28-wp user.info kernel: [    1.550145] usb 1-1.1: new full-speed USB device number 3 using msm_hsic_host
Jan  1 07:00:14 swi-mdm9x28-wp user.info kernel: [    1.668135] usb 1-1.1: New USB device found, idVendor=0403, idProduct=6015
Jan  1 07:00:14 swi-mdm9x28-wp user.info kernel: [    1.668154] usb 1-1.1: New USB device strings: Mfr=1, Product=2, SerialNumber=3
Jan  1 07:00:14 swi-mdm9x28-wp user.info kernel: [    1.668166] usb 1-1.1: Product: FT230X Basic UART
Jan  1 07:00:14 swi-mdm9x28-wp user.info kernel: [    1.668177] usb 1-1.1: Manufacturer: FTDI
Jan  1 07:00:14 swi-mdm9x28-wp user.info kernel: [    1.668188] usb 1-1.1: SerialNumber: DM00TUGN
Jan  1 07:00:14 swi-mdm9x28-wp user.err kernel: [    1.673058] mdm9607-asoc-snd soc:sound-wm8944: Defering mdm_asoc_machine_probe, q6_state 0
Jan  1 07:00:14 swi-mdm9x28-wp user.info kernel: [    1.750159] usb 1-1.3: new high-speed USB device number 4 using msm_hsic_host
Jan  1 07:00:14 swi-mdm9x28-wp user.info kernel: [    1.860766] usb 1-1.3: New USB device found, idVendor=0424, idProduct=9514
Jan  1 07:00:14 swi-mdm9x28-wp user.info kernel: [    1.860784] usb 1-1.3: New USB device strings: Mfr=0, Product=0, SerialNumber=0
Jan  1 07:00:14 swi-mdm9x28-wp user.info kernel: [    1.861736] hub 1-1.3:1.0: USB hub found
Jan  1 07:00:14 swi-mdm9x28-wp user.info kernel: [    1.861874] hub 1-1.3:1.0: 5 ports detected
Jan  1 07:00:14 swi-mdm9x28-wp user.err kernel: [    1.864011] mdm9607-asoc-snd soc:sound-wm8944: Defering mdm_asoc_machine_probe, q6_state 0
Jan  1 07:00:14 swi-mdm9x28-wp user.info kernel: [    2.140158] usb 1-1.3.1: new high-speed USB device number 5 using msm_hsic_host
Jan  1 07:00:14 swi-mdm9x28-wp user.info kernel: [    2.250770] usb 1-1.3.1: New USB device found, idVendor=0424, idProduct=ec00
Jan  1 07:00:14 swi-mdm9x28-wp user.info kernel: [    2.250789] usb 1-1.3.1: New USB device strings: Mfr=0, Product=0, SerialNumber=0
Jan  1 07:00:14 swi-mdm9x28-wp user.info kernel: [    2.253899] smsc95xx v1.0.4
Jan  1 07:00:14 swi-mdm9x28-wp user.info kernel: [    2.315168] smsc95xx 1-1.3.1:1.0 eth0: register 'smsc95xx' at usb-7c00000.hsic_host-1.3.1, smsc95xx USB 2.0 Ethernet, cd15d288
Jan  1 07:00:14 swi-mdm9x28-wp user.err kernel: [    2.315801] mdm9607-asoc-snd soc:sound-wm8944: Defering mdm_asoc_machine_probe, q6_state 0
Jan  1 07:00:14 swi-mdm9x28-wp user.warn kernel: [    3.470059] dd (191) used greatest stack depth: 5288 bytes left
Jan  1 07:00:14 swi-mdm9x28-wp user.info kernel: [    3.478909] block ubiblock0_0: created from ubi0:0(rootfs)
Jan  1 07:00:14 swi-mdm9x28-wp user.info kernel: [    3.511212] block ubiblock0_1: created from ubi0:1(rootfs_hs)
Jan  1 07:00:14 swi-mdm9x28-wp user.notice kernel: [    4.939128] ubi3: attaching mtd16
Jan  1 07:00:14 swi-mdm9x28-wp user.notice kernel: [    5.419639] ubi3: scanning is finished
Jan  1 07:00:14 swi-mdm9x28-wp user.notice kernel: [    5.426455] ubi3: attached mtd16 (name "userapp", size 131 MiB)
Jan  1 07:00:14 swi-mdm9x28-wp user.notice kernel: [    5.426471] ubi3: PEB size: 262144 bytes (256 KiB), LEB size: 253952 bytes
Jan  1 07:00:14 swi-mdm9x28-wp user.notice kernel: [    5.426481] ubi3: min./max. I/O unit sizes: 4096/4096, sub-page size 4096
Jan  1 07:00:14 swi-mdm9x28-wp user.notice kernel: [    5.426491] ubi3: VID header offset: 4096 (aligned 4096), data offset: 8192
Jan  1 07:00:14 swi-mdm9x28-wp user.notice kernel: [    5.426501] ubi3: good PEBs: 524, bad PEBs: 0, corrupted PEBs: 0
Jan  1 07:00:14 swi-mdm9x28-wp user.notice kernel: [    5.426511] ubi3: user volume: 1, internal volumes: 1, max. volumes count: 128
Jan  1 07:00:14 swi-mdm9x28-wp user.notice kernel: [    5.426522] ubi3: max/mean erase counter: 68/49, WL threshold: 4096, image sequence number: 505739477
Jan  1 07:00:14 swi-mdm9x28-wp user.notice kernel: [    5.426532] ubi3: available PEBs: 5, total reserved PEBs: 519, PEBs reserved for bad PEB handling: 40
Jan  1 07:00:14 swi-mdm9x28-wp user.notice kernel: [    5.429769] ubi3: background thread "ubi_bgt3d" started, PID 325
Jan  1 07:00:14 swi-mdm9x28-wp user.notice kernel: [    5.480146] UBIFS (ubi3:0): background thread "ubifs_bgt3_0" started, PID 331
Jan  1 07:00:14 swi-mdm9x28-wp user.notice kernel: [    5.530951] UBIFS (ubi3:0): recovery needed
Jan  1 07:00:14 swi-mdm9x28-wp user.notice kernel: [    6.072336] UBIFS (ubi3:0): recovery completed
Jan  1 07:00:14 swi-mdm9x28-wp user.notice kernel: [    6.072493] UBIFS (ubi3:0): UBIFS: mounted UBI device 3, volume 0, name "userapp_vol0"
Jan  1 07:00:14 swi-mdm9x28-wp user.notice kernel: [    6.072505] UBIFS (ubi3:0): LEB size: 253952 bytes (248 KiB), min./max. I/O unit sizes: 4096 bytes/4096 bytes
Jan  1 07:00:14 swi-mdm9x28-wp user.notice kernel: [    6.072519] UBIFS (ubi3:0): FS size: 118087680 bytes (112 MiB, 465 LEBs), journal size 5840896 bytes (5 MiB, 23 LEBs)
Jan  1 07:00:14 swi-mdm9x28-wp user.notice kernel: [    6.072529] UBIFS (ubi3:0): reserved for root: 4952683 bytes (4836 KiB)
Jan  1 07:00:14 swi-mdm9x28-wp user.notice kernel: [    6.072544] UBIFS (ubi3:0): media format: w4/r0 (latest is w4/r0), UUID 683726F8-AC89-481D-A345-07326930CE6B, small LPT model
Jan  1 07:00:14 swi-mdm9x28-wp user.warn kernel: [    6.075621] mount (329) used greatest stack depth: 5064 bytes left
Jan  1 07:00:14 swi-mdm9x28-wp user.notice kernel: [    6.369138] ubi2: attaching mtd14
Jan  1 07:00:14 swi-mdm9x28-wp user.notice kernel: [    6.400617] ubi2: scanning is finished
Jan  1 07:00:14 swi-mdm9x28-wp user.warn kernel: [    6.405910] ubi2 warning: print_rsvd_warning: cannot reserve enough PEBs for bad PEB handling, reserved 10, need 40
Jan  1 07:00:14 swi-mdm9x28-wp user.notice kernel: [    6.406913] ubi2: attached mtd14 (name "lefwkro", size 8 MiB)
Jan  1 07:00:14 swi-mdm9x28-wp user.notice kernel: [    6.406928] ubi2: PEB size: 262144 bytes (256 KiB), LEB size: 253952 bytes
Jan  1 07:00:14 swi-mdm9x28-wp user.notice kernel: [    6.406938] ubi2: min./max. I/O unit sizes: 4096/4096, sub-page size 4096
Jan  1 07:00:14 swi-mdm9x28-wp user.notice kernel: [    6.406948] ubi2: VID header offset: 4096 (aligned 4096), data offset: 8192
Jan  1 07:00:14 swi-mdm9x28-wp user.notice kernel: [    6.406958] ubi2: good PEBs: 35, bad PEBs: 0, corrupted PEBs: 0
Jan  1 07:00:14 swi-mdm9x28-wp user.notice kernel: [    6.406968] ubi2: user volume: 1, internal volumes: 1, max. volumes count: 128
Jan  1 07:00:14 swi-mdm9x28-wp user.notice kernel: [    6.406978] ubi2: max/mean erase counter: 8/7, WL threshold: 4096, image sequence number: 42986220
Jan  1 07:00:14 swi-mdm9x28-wp user.notice kernel: [    6.406988] ubi2: available PEBs: 0, total reserved PEBs: 35, PEBs reserved for bad PEB handling: 10
Jan  1 07:00:14 swi-mdm9x28-wp user.notice kernel: [    6.409324] ubi2: background thread "ubi_bgt2d" started, PID 367
Jan  1 07:00:14 swi-mdm9x28-wp user.info kernel: [    6.460825] block ubiblock2_0: created from ubi2:0(legato)
Jan  1 07:00:14 swi-mdm9x28-wp user.notice kernel: [    6.603925] ubi4: attaching mtd15
Jan  1 07:00:14 swi-mdm9x28-wp user.notice kernel: [    6.696342] ubi4: scanning is finished
Jan  1 07:00:14 swi-mdm9x28-wp user.notice kernel: [    6.702708] ubi4: attached mtd15 (name "swirw", size 25 MiB)
Jan  1 07:00:14 swi-mdm9x28-wp user.notice kernel: [    6.702724] ubi4: PEB size: 262144 bytes (256 KiB), LEB size: 253952 bytes
Jan  1 07:00:14 swi-mdm9x28-wp user.notice kernel: [    6.702734] ubi4: min./max. I/O unit sizes: 4096/4096, sub-page size 4096
Jan  1 07:00:14 swi-mdm9x28-wp user.notice kernel: [    6.702744] ubi4: VID header offset: 4096 (aligned 4096), data offset: 8192
Jan  1 07:00:14 swi-mdm9x28-wp user.notice kernel: [    6.702754] ubi4: good PEBs: 100, bad PEBs: 0, corrupted PEBs: 0
Jan  1 07:00:14 swi-mdm9x28-wp user.notice kernel: [    6.702764] ubi4: user volume: 1, internal volumes: 1, max. volumes count: 128
Jan  1 07:00:14 swi-mdm9x28-wp user.notice kernel: [    6.702775] ubi4: max/mean erase counter: 43/21, WL threshold: 4096, image sequence number: 286978008
Jan  1 07:00:14 swi-mdm9x28-wp user.notice kernel: [    6.702786] ubi4: available PEBs: 2, total reserved PEBs: 98, PEBs reserved for bad PEB handling: 40
Jan  1 07:00:14 swi-mdm9x28-wp user.notice kernel: [    6.705112] ubi4: background thread "ubi_bgt4d" started, PID 406
Jan  1 07:00:14 swi-mdm9x28-wp user.notice kernel: [    6.750268] UBIFS (ubi4:0): background thread "ubifs_bgt4_0" started, PID 412
Jan  1 07:00:14 swi-mdm9x28-wp user.notice kernel: [    6.808431] UBIFS (ubi4:0): recovery needed
Jan  1 07:00:14 swi-mdm9x28-wp user.notice kernel: [    6.934682] UBIFS (ubi4:0): recovery completed
Jan  1 07:00:14 swi-mdm9x28-wp user.notice kernel: [    6.934805] UBIFS (ubi4:0): UBIFS: mounted UBI device 4, volume 0, name "swirw_vol0"
Jan  1 07:00:14 swi-mdm9x28-wp user.notice kernel: [    6.934817] UBIFS (ubi4:0): LEB size: 253952 bytes (248 KiB), min./max. I/O unit sizes: 4096 bytes/4096 bytes
Jan  1 07:00:14 swi-mdm9x28-wp user.notice kernel: [    6.934830] UBIFS (ubi4:0): FS size: 11173888 bytes (10 MiB, 44 LEBs), journal size 2031617 bytes (1 MiB, 6 LEBs)
Jan  1 07:00:14 swi-mdm9x28-wp user.notice kernel: [    6.934841] UBIFS (ubi4:0): reserved for root: 527769 bytes (515 KiB)
Jan  1 07:00:14 swi-mdm9x28-wp user.notice kernel: [    6.934855] UBIFS (ubi4:0): media format: w4/r0 (latest is w4/r0), UUID D8752ECE-5A59-432E-85EB-C864D585C466, small LPT model
Jan  1 07:00:14 swi-mdm9x28-wp user.notice kernel: [    7.347251] random: nonblocking pool is initialized
Jan  1 07:00:14 swi-mdm9x28-wp user.warn kernel: [    7.773483] mount (507) used greatest stack depth: 5048 bytes left
Jan  1 07:00:14 swi-mdm9x28-wp user.err kernel: [    7.828573] UBIFS error (pid: 517): cannot open "ubi0:usrfs", error -19
Jan  1 07:00:14 swi-mdm9x28-wp user.notice kernel: [    7.861529] ubi1: attaching mtd10
Jan  1 07:00:14 swi-mdm9x28-wp user.notice kernel: [    7.977402] ubi1: scanning is finished
Jan  1 07:00:14 swi-mdm9x28-wp user.notice kernel: [    7.983810] ubi1: attached mtd10 (name "modem", size 32 MiB)
Jan  1 07:00:14 swi-mdm9x28-wp user.notice kernel: [    7.983826] ubi1: PEB size: 262144 bytes (256 KiB), LEB size: 253952 bytes
Jan  1 07:00:14 swi-mdm9x28-wp user.notice kernel: [    7.983837] ubi1: min./max. I/O unit sizes: 4096/4096, sub-page size 4096
Jan  1 07:00:14 swi-mdm9x28-wp user.notice kernel: [    7.983846] ubi1: VID header offset: 4096 (aligned 4096), data offset: 8192
Jan  1 07:00:14 swi-mdm9x28-wp user.notice kernel: [    7.983856] ubi1: good PEBs: 128, bad PEBs: 0, corrupted PEBs: 0
Jan  1 07:00:14 swi-mdm9x28-wp user.notice kernel: [    7.983866] ubi1: user volume: 1, internal volumes: 1, max. volumes count: 128
Jan  1 07:00:14 swi-mdm9x28-wp user.notice kernel: [    7.983877] ubi1: max/mean erase counter: 161/160, WL threshold: 4096, image sequence number: 32454366
Jan  1 07:00:14 swi-mdm9x28-wp user.notice kernel: [    7.983887] ubi1: available PEBs: 21, total reserved PEBs: 107, PEBs reserved for bad PEB handling: 40
Jan  1 07:00:14 swi-mdm9x28-wp user.notice kernel: [    7.986295] ubi1: background thread "ubi_bgt1d" started, PID 529
Jan  1 07:00:14 swi-mdm9x28-wp user.info kernel: [    9.662137] block ubiblock1_0: created from ubi1:0(modem)
Jan  1 07:00:14 swi-mdm9x28-wp user.info kernel: [    9.754204] pil-q6v5-mss 4080000.qcom,mss: modem: loading from 0x82a00000 to 0x85b00000
Jan  1 07:00:14 swi-mdm9x28-wp user.warn kernel: [    9.791097] pil-q6v5-mss 4080000.qcom,mss: Debug policy not present - msadp. Continue.
Jan  1 07:00:14 swi-mdm9x28-wp user.info kernel: [    9.800666] pil-q6v5-mss 4080000.qcom,mss: Loading MBA and DP (if present) from 0x8f200000 to 0x8f300000 size 100000
Jan  1 07:00:14 swi-mdm9x28-wp user.info kernel: [    9.849980] pil-q6v5-mss 4080000.qcom,mss: MBA boot done
Jan  1 07:00:14 swi-mdm9x28-wp user.warn kernel: [   10.001748] ud_getusbinfo (567) used greatest stack depth: 4976 bytes left
Jan  1 07:00:14 swi-mdm9x28-wp user.err kernel: [   10.141610] enable_store: android_usb: already disabled
Jan  1 07:00:14 swi-mdm9x28-wp user.info kernel: [   10.150051] Match for Function Name: diag, Int #0
Jan  1 07:00:14 swi-mdm9x28-wp user.info kernel: [   10.161044] Match for Function Name: nmea, Int #2
Jan  1 07:00:14 swi-mdm9x28-wp user.info kernel: [   10.161100] Match for Function Name: modem, Int #3
Jan  1 07:00:14 swi-mdm9x28-wp user.info kernel: [   10.170681] Match for Function Name: rmnet0, Int #8
Jan  1 07:00:14 swi-mdm9x28-wp user.info kernel: [   10.170716] ecm_function_bind_config: ecm_function_bind_config MAC: 
Jan  1 07:00:14 swi-mdm9x28-wp user.warn kernel: [   10.170801] gether_setup_name_default: using random self ethernet address
Jan  1 07:00:14 swi-mdm9x28-wp user.warn kernel: [   10.170818] gether_setup_name_default: using random host ethernet address
Jan  1 07:00:14 swi-mdm9x28-wp user.info kernel: [   10.171602] ecm0: HOST MAC ce:09:dd:d8:bc:31
Jan  1 07:00:14 swi-mdm9x28-wp user.info kernel: [   10.171663] ecm0: MAC 7e:6c:ee:73:b2:7c
Jan  1 07:00:14 swi-mdm9x28-wp user.info kernel: [   10.171693] Match for Function Name: cdc_ethernet, Int #19
Jan  1 07:00:14 swi-mdm9x28-wp user.info kernel: [   10.171705] Match for Function Name: cdc_ethernet, Int #20
Jan  1 07:00:14 swi-mdm9x28-wp user.info kernel: [   10.171781] msm_hsusb msm_hsusb: CI13XXX_CONTROLLER_CONNECT_EVENT received
Jan  1 07:00:14 swi-mdm9x28-wp user.info kernel: [   10.174886] msm_otg 78d9000.usb: Avail curr from USB = 2
Jan  1 07:00:14 swi-mdm9x28-wp user.info kernel: [   10.174925] msm_hsusb msm_hsusb: CI13XXX_CONTROLLER_SUSPEND_EVENT received
Jan  1 07:00:14 swi-mdm9x28-wp user.info kernel: [   10.234747] android_work: android_work: did not send uevent (0 0 00000000)
Jan  1 07:00:14 swi-mdm9x28-wp user.warn kernel: [   10.287503] S09usb (558) used greatest stack depth: 4656 bytes left
Jan  1 07:00:14 swi-mdm9x28-wp user.info kernel: [   10.315883] msm_hsusb msm_hsusb: CI13XXX_CONTROLLER_RESUME_EVENT received
Jan  1 07:00:14 swi-mdm9x28-wp user.info kernel: [   10.315960] msm_otg 78d9000.usb: Avail curr from USB = 100
Jan  1 07:00:14 swi-mdm9x28-wp user.info kernel: [   10.335294] android_work: android_work: did not send uevent (0 0 00000000)
Jan  1 07:00:14 swi-mdm9x28-wp user.info kernel: [   10.445031] android_work: android_work: sent uevent USB_STATE=CONNECTED
Jan  1 07:00:14 swi-mdm9x28-wp user.info kernel: [   10.479368] android_work: android_work: sent uevent USB_STATE=DISCONNECTED
Jan  1 07:00:14 swi-mdm9x28-wp user.info kernel: [   10.608245] android_usb gadget: high-speed config #1: 86000c8.android_usb
Jan  1 07:00:14 swi-mdm9x28-wp user.info kernel: [   10.608273] diag: USB channel diag connected
Jan  1 07:00:14 swi-mdm9x28-wp user.info kernel: [   10.608375] msm_otg 78d9000.usb: Avail curr from USB = 500
Jan  1 07:00:14 swi-mdm9x28-wp user.err kernel: [   10.608501] gbam_connect_work: gbam_connect_work: Bam channel is not ready
Jan  1 07:00:14 swi-mdm9x28-wp user.err kernel: [   10.615236] qti_ctrl_queue_notify: qti_ctrl_queue_notify: rmnet ctrl file handler cd7b7a80 is not open
Jan  1 07:00:14 swi-mdm9x28-wp user.info kernel: [   10.670211] android_work: android_work: sent uevent USB_STATE=CONFIGURED
Jan  1 07:00:14 swi-mdm9x28-wp user.info kernel: [   11.184946] smsc95xx 1-1.3.1:1.0 eth0: hardware isn't capable of remote wakeup
Jan  1 07:00:14 swi-mdm9x28-wp user.info kernel: [   11.185239] IPv6: ADDRCONF(NETDEV_UP): eth0: link is not ready
Jan  1 07:00:15 swi-mdm9x28-wp user.err time_daemon_mdm:[672]: genoff_pre_init::Base = 0
Jan  1 07:00:15 swi-mdm9x28-wp user.err time_daemon_mdm:[672]: ats_rtc_init: Time read from RTC -- year = 70, month = 0,day = 1
Jan  1 07:00:15 swi-mdm9x28-wp user.err time_daemon_mdm:[672]: Value read from RTC seconds = 14000
Jan  1 07:00:15 swi-mdm9x28-wp user.err time_daemon_mdm:[672]: genoff_init_config: ATS_RTC initialized
Jan  1 07:00:15 swi-mdm9x28-wp user.err time_daemon_mdm:[672]: genoff_pre_init::Base = 1
Jan  1 07:00:15 swi-mdm9x28-wp user.err time_daemon_mdm:[672]:  Storage Name: ats_1 
Jan  1 07:00:15 swi-mdm9x28-wp user.err time_daemon_mdm:[672]: Opening File: /data/time/ats_1
Jan  1 07:00:15 swi-mdm9x28-wp user.err time_daemon_mdm:[672]: time_persistent_memory_opr:Genoff Read operation 
Jan  1 07:00:15 swi-mdm9x28-wp user.err time_daemon_mdm:[672]: genoff_pre_init::Base = 2
Jan  1 07:00:15 swi-mdm9x28-wp user.err time_daemon_mdm:[672]:  Storage Name: ats_2 
Jan  1 07:00:15 swi-mdm9x28-wp user.err time_daemon_mdm:[672]: Opening File: /data/time/ats_2
Jan  1 07:00:15 swi-mdm9x28-wp user.err time_daemon_mdm:[672]: time_persistent_memory_opr:Genoff Read operation 
Jan  1 07:00:15 swi-mdm9x28-wp user.err time_daemon_mdm:[672]: Unable to open filefor read
