Dec 31 19:01:07 swi-mdm9x28-wp syslog.info syslogd started: BusyBox v1.27.2
Dec 31 19:01:07 swi-mdm9x28-wp user.notice kernel: klogd started: BusyBox v1.27.2 (2020-06-10 03:29:29 UTC)
Dec 31 19:01:07 swi-mdm9x28-wp user.info kernel: [    0.000000] Booting Linux on physical CPU 0x0
Dec 31 19:01:07 swi-mdm9x28-wp user.info kernel: [    0.000000] Initializing cgroup subsys cpuset
Dec 31 19:01:07 swi-mdm9x28-wp user.info kernel: [    0.000000] Initializing cgroup subsys cpu
Dec 31 19:01:07 swi-mdm9x28-wp user.info kernel: [    0.000000] Initializing cgroup subsys cpuacct
Dec 31 19:01:07 swi-mdm9x28-wp user.notice kernel: [    0.000000] Linux version 3.18.140 (oe-user@oe-host) (gcc version 7.3.0 (GCC) ) #1 PREEMPT Wed Jun 10 03:41:13 UTC 2020
Dec 31 19:01:07 swi-mdm9x28-wp user.info kernel: [    0.000000] CPU: ARMv7 Processor [410fc075] revision 5 (ARMv7), cr=10c53c7d
Dec 31 19:01:07 swi-mdm9x28-wp user.info kernel: [    0.000000] CPU: PIPT / VIPT nonaliasing data cache, VIPT aliasing instruction cache
Dec 31 19:01:07 swi-mdm9x28-wp user.info kernel: [    0.000000] Machine model: Sierra Wireless, Inc. MDM WP7xxx series
Dec 31 19:01:07 swi-mdm9x28-wp user.info kernel: [    0.000000] Reserved memory: reserved region for node 'modem_adsp_region@0': base 0x82a00000, size 49 MiB
Dec 31 19:01:07 swi-mdm9x28-wp user.info kernel: [    0.000000] Reserved memory: reserved region for node 'external_image_region@0': base 0x87900000, size 7 MiB
Dec 31 19:01:07 swi-mdm9x28-wp user.info kernel: [    0.000000] Reserved memory: reserved region for node 'sierra_region@0x8ff00000': base 0x8ff00000, size 1 MiB
Dec 31 19:01:07 swi-mdm9x28-wp user.info kernel: [    0.000000] Removed memory: created DMA memory pool at 0x82a00000, size 49 MiB
Dec 31 19:01:07 swi-mdm9x28-wp user.info kernel: [    0.000000] Reserved memory: initialized node modem_adsp_region@0, compatible id removed-dma-pool
Dec 31 19:01:07 swi-mdm9x28-wp user.info kernel: [    0.000000] Removed memory: created DMA memory pool at 0x87900000, size 7 MiB
Dec 31 19:01:07 swi-mdm9x28-wp user.info kernel: [    0.000000] Reserved memory: initialized node external_image_region@0, compatible id removed-dma-pool
Dec 31 19:01:07 swi-mdm9x28-wp user.info kernel: [    0.000000] Reserved memory: allocated memory for 'audio_region@0' node: base 0x8f800000, size 4 MiB
Dec 31 19:01:07 swi-mdm9x28-wp user.info kernel: [    0.000000] Reserved memory: created CMA memory pool at 0x8f800000, size 4 MiB
Dec 31 19:01:07 swi-mdm9x28-wp user.info kernel: [    0.000000] Reserved memory: initialized node audio_region@0, compatible id shared-dma-pool
Dec 31 19:01:07 swi-mdm9x28-wp user.info kernel: [    0.000000] Reserved memory: allocated memory for 'qseecom_region@0' node: base 0x8f400000, size 4 MiB
Dec 31 19:01:07 swi-mdm9x28-wp user.info kernel: [    0.000000] Reserved memory: created CMA memory pool at 0x8f400000, size 4 MiB
Dec 31 19:01:07 swi-mdm9x28-wp user.info kernel: [    0.000000] Reserved memory: initialized node qseecom_region@0, compatible id shared-dma-pool
Dec 31 19:01:07 swi-mdm9x28-wp user.info kernel: [    0.000000] Removed memory: created DMA memory pool at 0x8ff00000, size 1 MiB
Dec 31 19:01:07 swi-mdm9x28-wp user.info kernel: [    0.000000] Reserved memory: initialized node sierra_region@0x8ff00000, compatible id removed-dma-pool
Dec 31 19:01:07 swi-mdm9x28-wp user.info kernel: [    0.000000] cma: Reserved 4 MiB at 0x8f000000
Dec 31 19:01:07 swi-mdm9x28-wp user.info kernel: [    0.000000] Memory policy: Data cache writeback
Dec 31 19:01:07 swi-mdm9x28-wp user.debug kernel: [    0.000000] On node 0 totalpages: 63488
Dec 31 19:01:07 swi-mdm9x28-wp user.debug kernel: [    0.000000] free_area_init_node: node 0, pgdat c0ec220c, node_mem_map cfcdb000
Dec 31 19:01:07 swi-mdm9x28-wp user.debug kernel: [    0.000000]   Normal zone: 512 pages used for memmap
Dec 31 19:01:07 swi-mdm9x28-wp user.debug kernel: [    0.000000]   Normal zone: 0 pages reserved
Dec 31 19:01:07 swi-mdm9x28-wp user.debug kernel: [    0.000000]   Normal zone: 63488 pages, LIFO batch:15
Dec 31 19:01:07 swi-mdm9x28-wp user.info kernel: [    0.000000] CPU: All CPU(s) started in SVC mode.
Dec 31 19:01:07 swi-mdm9x28-wp user.debug kernel: [    0.000000] pcpu-alloc: s0 r0 d32768 u32768 alloc=1*32768
Dec 31 19:01:07 swi-mdm9x28-wp user.debug kernel: [    0.000000] pcpu-alloc: [0] 0 
Dec 31 19:01:07 swi-mdm9x28-wp user.warn kernel: [    0.000000] Built 1 zonelists in Zone order, mobility grouping on.  Total pages: 62976
Dec 31 19:01:07 swi-mdm9x28-wp user.notice kernel: [    0.000000] Kernel command line: console=ttyHSL0,115200 console=ttyHSL1,115200 root=/dev/ram rootfs_ro=true user1_fs=ubifs verity=on ima_ready=0 lkversion=SWI9X06Y_02.35.02.00 androidboot.serialno=b0b0d89e androidboot.author
Dec 31 19:01:07 swi-mdm9x28-wp user.info kernel: [    0.000000] PID hash table entries: 1024 (order: 0, 4096 bytes)
Dec 31 19:01:07 swi-mdm9x28-wp user.info kernel: [    0.000000] Dentry cache hash table entries: 32768 (order: 5, 131072 bytes)
Dec 31 19:01:07 swi-mdm9x28-wp user.info kernel: [    0.000000] Inode-cache hash table entries: 16384 (order: 4, 65536 bytes)
Dec 31 19:01:07 swi-mdm9x28-wp user.info kernel: [    0.000000] allocated 524288 bytes of page_cgroup
Dec 31 19:01:07 swi-mdm9x28-wp user.info kernel: [    0.000000] please try 'cgroup_disable=memory' option if you don't want memory cgroups
Dec 31 19:01:07 swi-mdm9x28-wp user.warn kernel: [    0.000000] Memory: 171688K/253952K available (7740K kernel code, 1043K rwdata, 3380K rodata, 2909K init, 1160K bss, 69976K reserved, 12288K cma-reserved)
Dec 31 19:01:07 swi-mdm9x28-wp user.notice kernel: [    0.000000] Virtual kernel memory layout:
Dec 31 19:01:07 swi-mdm9x28-wp user.notice kernel: [    0.000000]     vector  : 0xffff0000 - 0xffff1000   (   4 kB)
Dec 31 19:01:07 swi-mdm9x28-wp user.notice kernel: [    0.000000]     fixmap  : 0xffc00000 - 0xfff00000   (3072 kB)
Dec 31 19:01:07 swi-mdm9x28-wp user.notice kernel: [    0.000000]     vmalloc : 0xd0800000 - 0xff000000   ( 744 MB)
Dec 31 19:01:07 swi-mdm9x28-wp user.notice kernel: [    0.000000]     lowmem  : 0xc0000000 - 0xd0000000   ( 256 MB)
Dec 31 19:01:07 swi-mdm9x28-wp user.notice kernel: [    0.000000]     modules : 0xbf000000 - 0xc0000000   (  16 MB)
Dec 31 19:01:07 swi-mdm9x28-wp user.notice kernel: [    0.000000]       .text : 0xc0008000 - 0xc07975d8   (7742 kB)
Dec 31 19:01:07 swi-mdm9x28-wp user.notice kernel: [    0.000000]       .init : 0xc0b1a000 - 0xc0df146c   (2910 kB)
Dec 31 19:01:07 swi-mdm9x28-wp user.notice kernel: [    0.000000]       .data : 0xc0df2000 - 0xc0ef6ec8   (1044 kB)
Dec 31 19:01:07 swi-mdm9x28-wp user.notice kernel: [    0.000000]        .bss : 0xc0ef6f8c - 0xc101910c   (1161 kB)
Dec 31 19:01:07 swi-mdm9x28-wp user.info kernel: [    0.000000] SLUB: HWalign=64, Order=0-3, MinObjects=0, CPUs=1, Nodes=1
Dec 31 19:01:07 swi-mdm9x28-wp user.info kernel: [    0.000000] Preemptible hierarchical RCU implementation.
Dec 31 19:01:07 swi-mdm9x28-wp user.info kernel: [    0.000000] NR_IRQS:16 nr_irqs:16 16
Dec 31 19:01:07 swi-mdm9x28-wp user.crit kernel: [    0.000000] GIC CPU mask not found - kernel will fail to boot.
Dec 31 19:01:07 swi-mdm9x28-wp user.crit kernel: [    0.000000] GIC CPU mask not found - kernel will fail to boot.
Dec 31 19:01:07 swi-mdm9x28-wp user.warn kernel: [    0.000000] mpm_init_irq_domain(): Cannot find irq controller for qcom,gpio-parent
Dec 31 19:01:07 swi-mdm9x28-wp user.err kernel: [    0.000000] MPM 1 irq mapping errored -517
Dec 31 19:01:07 swi-mdm9x28-wp user.info kernel: [    0.000000] Architected mmio timer(s) running at 19.20MHz (virt).
Dec 31 19:01:07 swi-mdm9x28-wp user.info kernel: [    0.000011] sched_clock: 56 bits at 19MHz, resolution 52ns, wraps every 3579139424256ns
Dec 31 19:01:07 swi-mdm9x28-wp user.info kernel: [    0.000028] Switching to timer-based delay loop, resolution 52ns
Dec 31 19:01:07 swi-mdm9x28-wp user.info kernel: [    0.000049] Switched to clocksource arch_mem_counter
Dec 31 19:01:07 swi-mdm9x28-wp user.info kernel: [    0.000940] Console: colour dummy device 80x30
Dec 31 19:01:07 swi-mdm9x28-wp user.info kernel: [    0.000958] kmemleak: Kernel memory leak detector disabled
Dec 31 19:01:07 swi-mdm9x28-wp user.info kernel: [    0.000976] Calibrating delay loop (skipped), value calculated using timer frequency.. 38.40 BogoMIPS (lpj=192000)
Dec 31 19:01:07 swi-mdm9x28-wp user.info kernel: [    0.000995] pid_max: default: 32768 minimum: 301
Dec 31 19:01:07 swi-mdm9x28-wp user.info kernel: [    0.001098] Security Framework initialized
Dec 31 19:01:07 swi-mdm9x28-wp user.info kernel: [    0.001157] Smack:  Initializing.
Dec 31 19:01:07 swi-mdm9x28-wp user.info kernel: [    0.001168] Smack:  IPv6 port labeling enabled.
Dec 31 19:01:07 swi-mdm9x28-wp user.info kernel: [    0.001233] Mount-cache hash table entries: 1024 (order: 0, 4096 bytes)
Dec 31 19:01:07 swi-mdm9x28-wp user.info kernel: [    0.001248] Mountpoint-cache hash table entries: 1024 (order: 0, 4096 bytes)
Dec 31 19:01:07 swi-mdm9x28-wp user.info kernel: [    0.002045] Initializing cgroup subsys blkio
Dec 31 19:01:07 swi-mdm9x28-wp user.info kernel: [    0.002073] Initializing cgroup subsys memory
Dec 31 19:01:07 swi-mdm9x28-wp user.info kernel: [    0.002113] Initializing cgroup subsys devices
Dec 31 19:01:07 swi-mdm9x28-wp user.info kernel: [    0.002135] Initializing cgroup subsys freezer
Dec 31 19:01:07 swi-mdm9x28-wp user.info kernel: [    0.002154] Initializing cgroup subsys debug
Dec 31 19:01:07 swi-mdm9x28-wp user.info kernel: [    0.002209] CPU: Testing write buffer coherency: ok
Dec 31 19:01:07 swi-mdm9x28-wp user.info kernel: [    0.002623] Setting up static identity map for 0x80796a20 - 0x80796a78
Dec 31 19:01:07 swi-mdm9x28-wp user.info kernel: [    0.016124] MSM Memory Dump base table set up
Dec 31 19:01:07 swi-mdm9x28-wp user.info kernel: [    0.016175] MSM Memory Dump apps data table set up
Dec 31 19:01:07 swi-mdm9x28-wp user.info kernel: [    0.018101] devtmpfs: initialized
Dec 31 19:01:07 swi-mdm9x28-wp user.info kernel: [    0.019622] evm: security.SMACK64
Dec 31 19:01:07 swi-mdm9x28-wp user.info kernel: [    0.019635] evm: security.SMACK64EXEC
Dec 31 19:01:07 swi-mdm9x28-wp user.info kernel: [    0.019645] evm: security.SMACK64TRANSMUTE
Dec 31 19:01:07 swi-mdm9x28-wp user.info kernel: [    0.019654] evm: security.SMACK64MMAP
Dec 31 19:01:07 swi-mdm9x28-wp user.info kernel: [    0.019664] evm: security.ima
Dec 31 19:01:07 swi-mdm9x28-wp user.info kernel: [    0.019673] evm: security.capability
Dec 31 19:01:07 swi-mdm9x28-wp user.info kernel: [    0.020985] VFP support v0.3: implementor 41 architecture 2 part 30 variant 7 rev 5
Dec 31 19:01:07 swi-mdm9x28-wp user.info kernel: [    0.022495] pinctrl core: initialized pinctrl subsystem
Dec 31 19:01:07 swi-mdm9x28-wp user.info kernel: [    0.023095] regulator-dummy: no parameters
Dec 31 19:01:07 swi-mdm9x28-wp user.info kernel: [    0.074509] NET: Registered protocol family 16
Dec 31 19:01:07 swi-mdm9x28-wp user.info kernel: [    0.076696] DMA: preallocated 256 KiB pool for atomic coherent allocations
Dec 31 19:01:07 swi-mdm9x28-wp user.info kernel: [    0.130111] cpuidle: using governor ladder
Dec 31 19:01:07 swi-mdm9x28-wp user.info kernel: [    0.160104] cpuidle: using governor menu
Dec 31 19:01:07 swi-mdm9x28-wp user.info kernel: [    0.190104] cpuidle: using governor qcom
Dec 31 19:01:07 swi-mdm9x28-wp user.info kernel: [    0.203283] msm_watchdog b017000.qcom,wdt: wdog absent resource not present
Dec 31 19:01:07 swi-mdm9x28-wp user.info kernel: [    0.203637] msm_watchdog b017000.qcom,wdt: MSM Watchdog Initialized
Dec 31 19:01:07 swi-mdm9x28-wp user.info kernel: [    0.208852] platform soc:qcom,msm-audio-ion: assigned reserved memory node audio_region@0
Dec 31 19:01:07 swi-mdm9x28-wp user.err kernel: [    0.215727] spmi_pmic_arb 200f000.qcom,spmi: PMIC Arb Version-2 0x20010000
Dec 31 19:01:07 swi-mdm9x28-wp user.info kernel: [    0.219750] platform 4080000.qcom,mss: assigned reserved memory node modem_adsp_region@0
Dec 31 19:01:07 swi-mdm9x28-wp user.warn kernel: [    0.222103] irq: no irq domain found for /soc/pinctrl@1000000 !
Dec 31 19:01:07 swi-mdm9x28-wp user.info kernel: [    0.223349] mem_acc_corner: 0 <--> 0 mV 
Dec 31 19:01:07 swi-mdm9x28-wp user.info kernel: [    0.224681] platform soc:sierra_ssmem@0x8ff00000: assigned reserved memory node sierra_region@0x8ff00000
Dec 31 19:01:07 swi-mdm9x28-wp user.warn kernel: [    0.225583] irq: no irq domain found for /soc/pinctrl@1000000 !
Dec 31 19:01:07 swi-mdm9x28-wp user.warn kernel: [    0.227342] irq: no irq domain found for /soc/pinctrl@1000000 !
Dec 31 19:01:07 swi-mdm9x28-wp user.warn kernel: [    0.228604] hw-breakpoint: Failed to enable monitor mode on CPU 0.
Dec 31 19:01:07 swi-mdm9x28-wp user.debug kernel: [    0.229865] gpiochip_add: registered GPIOs 0 to 79 on device: 1000000.pinctrl
Dec 31 19:01:07 swi-mdm9x28-wp user.debug kernel: [    0.229890] GPIO chip 1000000.pinctrl: created GPIO range 0->79 ==> 1000000.pinctrl PIN 0->79
Dec 31 19:01:07 swi-mdm9x28-wp user.warn kernel: [    0.230871] __of_mpm_init(): MPM driver mapping exists
Dec 31 19:01:07 swi-mdm9x28-wp user.err kernel: [    0.231169] SWI ssmem_framework_init: SSMEM init OK
Dec 31 19:01:07 swi-mdm9x28-wp user.info kernel: [    0.231214] mdm9607-pinctrl 1000000.pinctrl: Feature "wp" (1)
Dec 31 19:01:07 swi-mdm9x28-wp user.info kernel: [    0.231231] mdm9607-pinctrl 1000000.pinctrl: Cores GPIO mask 0x3fffffffffd7
Dec 31 19:01:07 swi-mdm9x28-wp user.err kernel: [    0.231253] mdm9607-pinctrl 1000000.pinctrl: gpio-bit-map = 36
Dec 31 19:01:07 swi-mdm9x28-wp user.info kernel: [    0.231298] mdm9607-pinctrl 1000000.pinctrl: RI is GPIO 25
Dec 31 19:01:07 swi-mdm9x28-wp user.warn kernel: [    0.231896] msm_rpm_glink_dt_parse: qcom,rpm-glink compatible not matches
Dec 31 19:01:07 swi-mdm9x28-wp user.info kernel: [    0.231912] msm_rpm_dev_probe: APSS-RPM communication over SMD
Dec 31 19:01:07 swi-mdm9x28-wp user.info kernel: [    0.231925] smd_open() before smd_init()
Dec 31 19:01:07 swi-mdm9x28-wp user.err kernel: [    0.232785] msm_mpm_dev_probe(): Cannot get clk resource for XO: -517
Dec 31 19:01:07 swi-mdm9x28-wp user.err kernel: [    0.235966] smd_channel_probe_now: allocation table not initialized
Dec 31 19:01:07 swi-mdm9x28-wp user.info kernel: [    0.238696] mdm9607_s1: 1050 <--> 1350 mV at 1100 mV normal idle 
Dec 31 19:01:07 swi-mdm9x28-wp user.info kernel: [    0.238974] spm_regulator_probe: name=mdm9607_s1, range=LV, voltage=1100000 uV, mode=AUTO, step rate=4800 uV/us
Dec 31 19:01:07 swi-mdm9x28-wp user.info kernel: [    0.239622] cpr_efuse_init: apc_corner: efuse_addr = 0x000a4000 (len=0x1000)
Dec 31 19:01:07 swi-mdm9x28-wp user.info kernel: [    0.239676] cpr_read_fuse_revision: apc_corner: fuse revision = 2
Dec 31 19:01:07 swi-mdm9x28-wp user.info kernel: [    0.239696] cpr_parse_speed_bin_fuse: apc_corner: [row: 37]: 0x19716532b0b0d89e, speed_bits = 4
Dec 31 19:01:07 swi-mdm9x28-wp user.info kernel: [    0.239790] cpr_adjust_init_voltages: apc_corner: adjusted initial voltage[1]: 1050000 -> 1075000 uV
Dec 31 19:01:07 swi-mdm9x28-wp user.info kernel: [    0.239808] cpr_adjust_init_voltages: apc_corner: adjusted initial voltage[2]: 1100000 -> 1125000 uV
Dec 31 19:01:07 swi-mdm9x28-wp user.info kernel: [    0.239825] cpr_adjust_init_voltages: apc_corner: adjusted initial voltage[3]: 1250000 -> 1275000 uV
Dec 31 19:01:07 swi-mdm9x28-wp user.info kernel: [    0.239840] cpr_pvs_per_corner_init: apc_corner: Warning: initial voltage[1] 1075000 above ceiling 1050000
Dec 31 19:01:07 swi-mdm9x28-wp user.info kernel: [    0.239859] cpr_pvs_init: apc_corner: pvs voltage: [1050000 1125000 1275000] uV
Dec 31 19:01:07 swi-mdm9x28-wp user.info kernel: [    0.239875] cpr_pvs_init: apc_corner: ceiling voltage: [1050000 1225000 1350000] uV
Dec 31 19:01:07 swi-mdm9x28-wp user.info kernel: [    0.239889] cpr_pvs_init: apc_corner: floor voltage: [1050000 1050000 1150000] uV
Dec 31 19:01:07 swi-mdm9x28-wp user.info kernel: [    0.243567] msm-thermal soc:qcom,msm-thermal: msm_thermal:Failed reading node=/soc/qcom,msm-thermal, key=qcom,core-limit-temp. err=-22. KTM continues
Dec 31 19:01:07 swi-mdm9x28-wp user.info kernel: [    0.243604] msm-thermal soc:qcom,msm-thermal: probe_therm_reset:Failed reading node=/soc/qcom,msm-thermal, key=qcom,therm-reset-temp err=-22. KTM continues
Dec 31 19:01:07 swi-mdm9x28-wp user.err kernel: [    0.243670] msm_thermal:msm_thermal_dev_probe Failed reading node=/soc/qcom,msm-thermal, key=qcom,online-hotplug-core. err:-517
Dec 31 19:01:07 swi-mdm9x28-wp user.info kernel: [    0.245189] sps:sps is ready.
Dec 31 19:01:07 swi-mdm9x28-wp user.warn kernel: [    0.247823] msm_rpm_glink_dt_parse: qcom,rpm-glink compatible not matches
Dec 31 19:01:07 swi-mdm9x28-wp user.info kernel: [    0.247842] msm_rpm_dev_probe: APSS-RPM communication over SMD
Dec 31 19:01:07 swi-mdm9x28-wp user.info kernel: [    0.249115] mdm9607_s2: 750 <--> 1275 mV at 750 mV normal idle 
Dec 31 19:01:07 swi-mdm9x28-wp user.info kernel: [    0.250452] mdm9607_s3_level: 0 <--> 0 mV at 0 mV normal idle 
Dec 31 19:01:07 swi-mdm9x28-wp user.info kernel: [    0.251241] mdm9607_s3_level_ao: 0 <--> 0 mV at 0 mV normal idle 
Dec 31 19:01:07 swi-mdm9x28-wp user.info kernel: [    0.252000] mdm9607_s3_floor_level: 0 <--> 0 mV at 0 mV normal idle 
Dec 31 19:01:07 swi-mdm9x28-wp user.info kernel: [    0.252755] mdm9607_s3_level_so: 0 <--> 0 mV at 0 mV normal idle 
Dec 31 19:01:07 swi-mdm9x28-wp user.info kernel: [    0.253786] mdm9607_s4: 1800 <--> 1950 mV at 1800 mV normal idle 
Dec 31 19:01:07 swi-mdm9x28-wp user.info kernel: [    0.254834] mdm9607_l1: 1250 mV normal idle 
Dec 31 19:01:07 swi-mdm9x28-wp user.info kernel: [    0.255851] mdm9607_l2: 1800 mV normal idle 
Dec 31 19:01:07 swi-mdm9x28-wp user.info kernel: [    0.256905] mdm9607_l3: 1800 mV normal idle 
Dec 31 19:01:07 swi-mdm9x28-wp user.info kernel: [    0.257969] mdm9607_l4: 3075 mV normal idle 
Dec 31 19:01:07 swi-mdm9x28-wp user.info kernel: [    0.259023] mdm9607_l5: 1700 <--> 3050 mV at 1700 mV normal idle 
Dec 31 19:01:07 swi-mdm9x28-wp user.info kernel: [    0.260314] mdm9607_l6: 1700 <--> 3050 mV at 1700 mV normal idle 
Dec 31 19:01:07 swi-mdm9x28-wp user.info kernel: [    0.261432] mdm9607_l7: 1700 <--> 1900 mV at 1700 mV normal idle 
Dec 31 19:01:07 swi-mdm9x28-wp user.info kernel: [    0.262503] mdm9607_l8: 1800 mV normal idle 
Dec 31 19:01:07 swi-mdm9x28-wp user.info kernel: [    0.263594] mdm9607_l9: 1200 <--> 1250 mV at 1200 mV normal idle 
Dec 31 19:01:07 swi-mdm9x28-wp user.info kernel: [    0.264661] mdm9607_l10: 1050 mV normal idle 
Dec 31 19:01:07 swi-mdm9x28-wp user.info kernel: [    0.265758] mdm9607_l11: 1800 mV normal idle 
Dec 31 19:01:07 swi-mdm9x28-wp user.info kernel: [    0.266859] mdm9607_l12_level: 0 <--> 0 mV at 0 mV normal idle 
Dec 31 19:01:07 swi-mdm9x28-wp user.info kernel: [    0.267633] mdm9607_l12_level_ao: 0 <--> 0 mV at 0 mV normal idle 
Dec 31 19:01:07 swi-mdm9x28-wp user.info kernel: [    0.268380] mdm9607_l12_level_so: 0 <--> 0 mV at 0 mV normal idle 
Dec 31 19:01:07 swi-mdm9x28-wp user.info kernel: [    0.269146] mdm9607_l12_floor_lebel: 0 <--> 0 mV at 0 mV normal idle 
Dec 31 19:01:07 swi-mdm9x28-wp user.info kernel: [    0.270354] mdm9607_l13: 1800 <--> 2850 mV at 2850 mV normal idle 
Dec 31 19:01:07 swi-mdm9x28-wp user.info kernel: [    0.271402] mdm9607_l14: 2650 <--> 3000 mV at 2650 mV normal idle 
Dec 31 19:01:07 swi-mdm9x28-wp user.err kernel: [    0.271780] msm_mpm_dev_probe(): Cannot get clk resource for XO: -517
Dec 31 19:01:07 swi-mdm9x28-wp user.info kernel: [    0.272150] cpr_efuse_init: apc_corner: efuse_addr = 0x000a4000 (len=0x1000)
Dec 31 19:01:07 swi-mdm9x28-wp user.info kernel: [    0.272206] cpr_read_fuse_revision: apc_corner: fuse revision = 2
Dec 31 19:01:07 swi-mdm9x28-wp user.info kernel: [    0.272225] cpr_parse_speed_bin_fuse: apc_corner: [row: 37]: 0x19716532b0b0d89e, speed_bits = 4
Dec 31 19:01:07 swi-mdm9x28-wp user.info kernel: [    0.272317] cpr_adjust_init_voltages: apc_corner: adjusted initial voltage[1]: 1050000 -> 1075000 uV
Dec 31 19:01:07 swi-mdm9x28-wp user.info kernel: [    0.272336] cpr_adjust_init_voltages: apc_corner: adjusted initial voltage[2]: 1100000 -> 1125000 uV
Dec 31 19:01:07 swi-mdm9x28-wp user.info kernel: [    0.272354] cpr_adjust_init_voltages: apc_corner: adjusted initial voltage[3]: 1250000 -> 1275000 uV
Dec 31 19:01:07 swi-mdm9x28-wp user.info kernel: [    0.272368] cpr_pvs_per_corner_init: apc_corner: Warning: initial voltage[1] 1075000 above ceiling 1050000
Dec 31 19:01:07 swi-mdm9x28-wp user.info kernel: [    0.272386] cpr_pvs_init: apc_corner: pvs voltage: [1050000 1125000 1275000] uV
Dec 31 19:01:07 swi-mdm9x28-wp user.info kernel: [    0.272402] cpr_pvs_init: apc_corner: ceiling voltage: [1050000 1225000 1350000] uV
Dec 31 19:01:07 swi-mdm9x28-wp user.info kernel: [    0.272415] cpr_pvs_init: apc_corner: floor voltage: [1050000 1050000 1150000] uV
Dec 31 19:01:07 swi-mdm9x28-wp user.info kernel: [    0.272702] cpr_init_cpr_parameters: apc_corner: up threshold = 2, down threshold = 3
Dec 31 19:01:07 swi-mdm9x28-wp user.info kernel: [    0.272736] cpr_init_cpr_parameters: apc_corner: CPR is enabled by default.
Dec 31 19:01:07 swi-mdm9x28-wp user.info kernel: [    0.272772] cpr_init_cpr_efuse: apc_corner: [row:65] = 0x156002aa2aa38f
Dec 31 19:01:07 swi-mdm9x28-wp user.info kernel: [    0.272796] cpr_init_cpr_efuse: apc_corner: CPR disable fuse = 0
Dec 31 19:01:07 swi-mdm9x28-wp user.info kernel: [    0.272812] cpr_init_cpr_efuse: apc_corner: Corner[1]: ro_sel = 0, target quot = 682
Dec 31 19:01:07 swi-mdm9x28-wp user.info kernel: [    0.272827] cpr_init_cpr_efuse: apc_corner: Corner[2]: ro_sel = 0, target quot = 682
Dec 31 19:01:07 swi-mdm9x28-wp user.info kernel: [    0.272840] cpr_init_cpr_efuse: apc_corner: Corner[3]: ro_sel = 0, target quot = 911
Dec 31 19:01:07 swi-mdm9x28-wp user.info kernel: [    0.272886] cpr_adjust_target_quots: apc_corner: Corner[1]: adjusted target quot = 724
Dec 31 19:01:07 swi-mdm9x28-wp user.info kernel: [    0.272903] cpr_adjust_target_quots: apc_corner: Corner[2]: adjusted target quot = 724
Dec 31 19:01:07 swi-mdm9x28-wp user.info kernel: [    0.272920] cpr_adjust_target_quots: apc_corner: Corner[3]: adjusted target quot = 953
Dec 31 19:01:07 swi-mdm9x28-wp user.info kernel: [    0.273120] cpr_config: apc_corner: Timer count: 0x17700 (for 5000 us)
Dec 31 19:01:07 swi-mdm9x28-wp user.info kernel: [    0.273752] apc_corner: 0 <--> 0 mV 
Dec 31 19:01:07 swi-mdm9x28-wp user.info kernel: [    0.274598] msm-thermal soc:qcom,msm-thermal: msm_thermal:Failed reading node=/soc/qcom,msm-thermal, key=qcom,core-limit-temp. err=-22. KTM continues
Dec 31 19:01:07 swi-mdm9x28-wp user.info kernel: [    0.274633] msm-thermal soc:qcom,msm-thermal: probe_therm_reset:Failed reading node=/soc/qcom,msm-thermal, key=qcom,therm-reset-temp err=-22. KTM continues
Dec 31 19:01:07 swi-mdm9x28-wp user.err kernel: [    0.274783] msm_thermal:get_kernel_cluster_info CPU0 topology not initialized.
Dec 31 19:01:07 swi-mdm9x28-wp user.err kernel: [    0.275716] cpu cpu0: dev_pm_opp_get_opp_count: device OPP not found (-19)
Dec 31 19:01:07 swi-mdm9x28-wp user.err kernel: [    0.275734] msm_thermal:get_cpu_freq_plan_len Error reading CPU0 freq table len. error:-19
Dec 31 19:01:07 swi-mdm9x28-wp user.info kernel: [    0.275746] msm_thermal:vdd_restriction_reg_init Defer vdd rstr freq init.
Dec 31 19:01:07 swi-mdm9x28-wp user.err kernel: [    0.276474] cpu cpu0: dev_pm_opp_get_opp_count: device OPP not found (-19)
Dec 31 19:01:07 swi-mdm9x28-wp user.err kernel: [    0.276490] msm_thermal:get_cpu_freq_plan_len Error reading CPU0 freq table len. error:-19
Dec 31 19:01:07 swi-mdm9x28-wp user.err kernel: [    0.276506] cpu cpu0: dev_pm_opp_get_opp_count: device OPP not found (-19)
Dec 31 19:01:07 swi-mdm9x28-wp user.err kernel: [    0.276519] msm_thermal:get_cpu_freq_plan_len Error reading CPU0 freq table len. error:-19
Dec 31 19:01:07 swi-mdm9x28-wp user.info kernel: [    0.291308] qcom,gcc-mdm9607 1800000.qcom,gcc: Registered GCC clocks
Dec 31 19:01:07 swi-mdm9x28-wp user.info kernel: [    0.291821] clock-a7 b010008.qcom,clock-a7: Speed bin: 4 PVS Version: 0
Dec 31 19:01:07 swi-mdm9x28-wp user.info kernel: [    0.291933] a7ssmux: set OPP pair(400000000 Hz: 1 uV) on cpu0
Dec 31 19:01:07 swi-mdm9x28-wp user.info kernel: [    0.291976] a7ssmux: set OPP pair(1305600000 Hz: 7 uV) on cpu0
Dec 31 19:01:07 swi-mdm9x28-wp user.debug kernel: [    0.362073] gpiochip_find_base: found new base at 1018
Dec 31 19:01:07 swi-mdm9x28-wp user.debug kernel: [    0.362322] gpiochip_add: registered GPIOs 1018 to 1023 on device: pm8019-gpio
Dec 31 19:01:07 swi-mdm9x28-wp user.debug kernel: [    0.362651] qcom,qpnp-pin qpnp-pin-6: qpnp_pin_probe: gpio_chip registered between 1018-1023
Dec 31 19:01:07 swi-mdm9x28-wp user.debug kernel: [    0.362842] gpiochip_find_base: found new base at 1012
Dec 31 19:01:07 swi-mdm9x28-wp user.debug kernel: [    0.363053] gpiochip_add: registered GPIOs 1012 to 1017 on device: pm8019-mpp
Dec 31 19:01:07 swi-mdm9x28-wp user.debug kernel: [    0.363515] qcom,qpnp-pin qpnp-pin-7: qpnp_pin_probe: gpio_chip registered between 1012-1017
Dec 31 19:01:07 swi-mdm9x28-wp user.info kernel: [    0.364084] sierra_gpio_wake_n soc:sierra_gpio_wake_n: wake_n probe
Dec 31 19:01:07 swi-mdm9x28-wp user.debug kernel: [    0.364188] of_get_named_gpiod_flags: parsed 'wake-n-gpio' property of node '/soc/sierra_gpio_wake_n[0]' - status (0)
Dec 31 19:01:07 swi-mdm9x28-wp user.info kernel: [    0.364365] gpio_check_and_wake: wake-n_gpio26 STATE=WAKEUP
Dec 31 19:01:07 swi-mdm9x28-wp user.info kernel: [    0.365108] KPI: Bootloader start count = 30321
Dec 31 19:01:07 swi-mdm9x28-wp user.info kernel: [    0.365126] KPI: Bootloader end count = 87054
Dec 31 19:01:07 swi-mdm9x28-wp user.info kernel: [    0.365139] KPI: Bootloader display count = 3719812071
Dec 31 19:01:07 swi-mdm9x28-wp user.info kernel: [    0.365150] KPI: Bootloader load kernel count = 41892
Dec 31 19:01:07 swi-mdm9x28-wp user.info kernel: [    0.365163] KPI: Kernel MPM timestamp = 114809
Dec 31 19:01:07 swi-mdm9x28-wp user.info kernel: [    0.365174] KPI: Kernel MPM Clock frequency = 32768
Dec 31 19:01:07 swi-mdm9x28-wp user.info kernel: [    0.365212] socinfo_print: v0.10, id=322, ver=1.0, raw_id=2419, raw_ver=0, hw_plat=8, hw_plat_ver=65536
Dec 31 19:01:07 swi-mdm9x28-wp user.info kernel: [    0.365212]  accessory_chip=0, hw_plat_subtype=129, pmic_model=65539, pmic_die_revision=131074 foundry_id=6 serial_number=2964379806
Dec 31 19:01:07 swi-mdm9x28-wp user.debug kernel: [    0.365577] of_get_named_gpiod_flags: can't parse 'gpio' property of node '/soc/sdcard_ext_vreg[0]'
Dec 31 19:01:07 swi-mdm9x28-wp user.info kernel: [    0.365854] sdcard_ext_vreg: no parameters
Dec 31 19:01:07 swi-mdm9x28-wp user.debug kernel: [    0.366100] of_get_named_gpiod_flags: can't parse 'gpio' property of node '/soc/rome_vreg[0]'
Dec 31 19:01:07 swi-mdm9x28-wp user.info kernel: [    0.366314] rome_vreg: no parameters
Dec 31 19:01:07 swi-mdm9x28-wp user.debug kernel: [    0.366549] of_get_named_gpiod_flags: can't parse 'gpio' property of node '/soc/emac_lan_vreg[0]'
Dec 31 19:01:07 swi-mdm9x28-wp user.info kernel: [    0.366783] emac_lan_vreg: no parameters
Dec 31 19:01:07 swi-mdm9x28-wp user.info kernel: [    0.367273] swimcu_i2c_init: start
Dec 31 19:01:07 swi-mdm9x28-wp user.notice kernel: [    0.368333] SCSI subsystem initialized
Dec 31 19:01:07 swi-mdm9x28-wp user.info kernel: [    0.368821] usbcore: registered new interface driver usbfs
Dec 31 19:01:07 swi-mdm9x28-wp user.info kernel: [    0.368933] usbcore: registered new interface driver hub
Dec 31 19:01:07 swi-mdm9x28-wp user.info kernel: [    0.369140] usbcore: registered new device driver usb
Dec 31 19:01:07 swi-mdm9x28-wp user.info kernel: [    0.369886] i2c-msm-v2 78b8000.i2c: probing driver i2c-msm-v2
Dec 31 19:01:07 swi-mdm9x28-wp user.err kernel: [    0.370011] AXI: msm_bus_scale_register_client(): msm_bus_scale_register_client: Bus driver not ready.
Dec 31 19:01:07 swi-mdm9x28-wp user.info kernel: [    0.370030] i2c-msm-v2 78b8000.i2c: msm_bus_scale_register_client(mstr-id:86):0 (not a problem)
Dec 31 19:01:07 swi-mdm9x28-wp user.warn kernel: [    0.371305] kworker/u2:2 (27) used greatest stack depth: 6992 bytes left
Dec 31 19:01:07 swi-mdm9x28-wp user.info kernel: [    0.371588] swimcu_i2c_probe: start 1
Dec 31 19:01:07 swi-mdm9x28-wp user.info kernel: [    0.371617] swimcu_device_init: start 0x0
Dec 31 19:01:07 swi-mdm9x28-wp user.info kernel: [    0.371629] sierra_gpio_wake_notifier_register
Dec 31 19:01:07 swi-mdm9x28-wp user.info kernel: [    0.371835] swimcu_device_init: start 0x3
Dec 31 19:01:07 swi-mdm9x28-wp user.info kernel: [    0.371917] swimcu_pm_sysfs_init: success func=0x10
Dec 31 19:01:07 swi-mdm9x28-wp user.err kernel: [    0.371966] AXI: msm_bus_scale_register_client(): msm_bus_scale_register_client: Bus driver not ready.
Dec 31 19:01:07 swi-mdm9x28-wp user.info kernel: [    0.375640] swimcu_device_init: mcufw ver=2.014 target=1 opt=0xF
Dec 31 19:01:07 swi-mdm9x28-wp user.info kernel: [    0.375657] swimcu_gpio_module_init handler=0x0 cache_init 0
Dec 31 19:01:07 swi-mdm9x28-wp user.info kernel: [    0.408949] swimcu_pm_data_restore: retrieved persistent data group 0 from MCU
Dec 31 19:01:07 swi-mdm9x28-wp user.info kernel: [    0.408964] swimcu_pm_data[0]:  0x00000000
Dec 31 19:01:07 swi-mdm9x28-wp user.info kernel: [    0.408976] swimcu_pm_data[1]:  0x00000000
Dec 31 19:01:07 swi-mdm9x28-wp user.info kernel: [    0.408988] swimcu_pm_data[2]:  0x00000000
Dec 31 19:01:07 swi-mdm9x28-wp user.info kernel: [    0.408999] swimcu_pm_data[3]:  0x00000000
Dec 31 19:01:07 swi-mdm9x28-wp user.info kernel: [    0.409010] swimcu_pm_data[4]:  0x00000000
Dec 31 19:01:07 swi-mdm9x28-wp user.info kernel: [    0.415458] swimcu_pm_data_restore: retrieved persistent data group 1 from MCU
Dec 31 19:01:07 swi-mdm9x28-wp user.info kernel: [    0.415471] swimcu_pm_data[0]:  0x00000000
Dec 31 19:01:07 swi-mdm9x28-wp user.info kernel: [    0.415483] swimcu_pm_data[1]:  0x00000000
Dec 31 19:01:07 swi-mdm9x28-wp user.info kernel: [    0.415495] swimcu_pm_data[2]:  0x00000000
Dec 31 19:01:07 swi-mdm9x28-wp user.info kernel: [    0.415506] swimcu_pm_data[3]:  0x00000000
Dec 31 19:01:07 swi-mdm9x28-wp user.info kernel: [    0.415517] swimcu_pm_data[4]:  0x00000000
Dec 31 19:01:07 swi-mdm9x28-wp user.info kernel: [    0.415608] swimcu_pm_sysfs_init: success func=0x1
Dec 31 19:01:07 swi-mdm9x28-wp user.info kernel: [    0.415828] swimcu_pm_sysfs_init: success func=0x2
Dec 31 19:01:07 swi-mdm9x28-wp user.info kernel: [    0.416080] swimcu_gpio_module_init handler=0xc023bf7c cache_init 1
Dec 31 19:01:07 swi-mdm9x28-wp user.debug kernel: [    0.416317] gpiochip_add: registered GPIOs 200 to 204 on device: swimcu
Dec 31 19:01:07 swi-mdm9x28-wp user.info kernel: [    0.416363] _swimcu_gpio_set: setting MCU pin as GPIO 0
Dec 31 19:01:07 swi-mdm9x28-wp user.info kernel: [    0.421414] _swimcu_gpio_set: setting MCU pin as GPIO 2
Dec 31 19:01:07 swi-mdm9x28-wp user.info kernel: [    0.428041] gpio_check_and_wake: wake-n_gpio26 STATE=SLEEP
Dec 31 19:01:07 swi-mdm9x28-wp user.info kernel: [    0.431713] swimcu_device_init: device initialization already in progress
Dec 31 19:01:07 swi-mdm9x28-wp user.info kernel: [    0.431728] swimcu_reset_recovery: swimcu_reset_recovery skipped
Dec 31 19:01:07 swi-mdm9x28-wp user.info kernel: [    0.431741] swimcu_set_reset_source: 0x82
Dec 31 19:01:07 swi-mdm9x28-wp user.info kernel: [    0.436907] swimcu_pm_lpo_calibrate_start: MCU LPO calibration started 30000
Dec 31 19:01:07 swi-mdm9x28-wp user.info kernel: [    0.436922] swimcu_pm_sysfs_init: success func=0x20
Dec 31 19:01:07 swi-mdm9x28-wp user.info kernel: [    0.437005] swimcu_pm_sysfs_init: success func=0x8
Dec 31 19:01:07 swi-mdm9x28-wp user.info kernel: [    0.437041] swimcu_pm_sysfs_init: success func=0x40
Dec 31 19:01:07 swi-mdm9x28-wp user.info kernel: [    0.437054] swimcu_device_init: device init success
Dec 31 19:01:07 swi-mdm9x28-wp user.debug kernel: [    0.437809] wm8944_i2c_probe 
Dec 31 19:01:07 swi-mdm9x28-wp user.debug kernel: [    0.437913] wm8944_device_init START
Dec 31 19:01:07 swi-mdm9x28-wp user.err kernel: [    0.438163] wm8944 4-001a: Failed to read ID register
Dec 31 19:01:07 swi-mdm9x28-wp user.debug kernel: [    0.438182] wm8944_device_init - Failed to add children: -107
Dec 31 19:01:07 swi-mdm9x28-wp user.warn kernel: [    0.438290] wm8944: probe of 4-001a failed with error -107
Dec 31 19:01:07 swi-mdm9x28-wp user.info kernel: [    0.438775] pps_core: LinuxPPS API ver. 1 registered
Dec 31 19:01:07 swi-mdm9x28-wp user.info kernel: [    0.438792] pps_core: Software ver. 5.3.6 - Copyright 2005-2007 Rodolfo Giometti <giometti@linux.it>
Dec 31 19:01:07 swi-mdm9x28-wp user.info kernel: [    0.439841] cpufreq: driver msm up and running
Dec 31 19:01:07 swi-mdm9x28-wp user.info kernel: [    0.440644] platform soc:qcom,ion:qcom,ion-heap@28: assigned reserved memory node audio_region@0
Dec 31 19:01:07 swi-mdm9x28-wp user.info kernel: [    0.440956] platform soc:qcom,ion:qcom,ion-heap@27: assigned reserved memory node qseecom_region@0
Dec 31 19:01:07 swi-mdm9x28-wp user.info kernel: [    0.441490] ION heap system created
Dec 31 19:01:07 swi-mdm9x28-wp user.info kernel: [    0.441707] ION heap audio created at 0x8f800000 with size 400000
Dec 31 19:01:07 swi-mdm9x28-wp user.info kernel: [    0.441729] ION heap qsecom created at 0x8f400000 with size 400000
Dec 31 19:01:07 swi-mdm9x28-wp user.err kernel: [    0.442198] msm_bus_fabric_init_driver
Dec 31 19:01:07 swi-mdm9x28-wp user.info kernel: [    0.452753] qcom,qpnp-power-on qpnp-power-on-1: PMIC@SID0 Power-on reason: Triggered from CBL (external power supply) and 'warm' boot
Dec 31 19:01:07 swi-mdm9x28-wp user.info kernel: [    0.452783] qcom,qpnp-power-on qpnp-power-on-1: PMIC@SID0: Unknown power-off reason
Dec 31 19:01:07 swi-mdm9x28-wp user.info kernel: [    0.453067] input: qpnp_pon as /devices/virtual/input/input0
Dec 31 19:01:07 swi-mdm9x28-wp user.info kernel: [    0.453560] PMIC@SID0: PM8019 v2.2 options: 3, 2, 2, 2
Dec 31 19:01:07 swi-mdm9x28-wp user.info kernel: [    0.454543] Advanced Linux Sound Architecture Driver Initialized.
Dec 31 19:01:07 swi-mdm9x28-wp user.info kernel: [    0.455476] NetLabel: Initializing
Dec 31 19:01:07 swi-mdm9x28-wp user.info kernel: [    0.455488] NetLabel:  domain hash size = 128
Dec 31 19:01:07 swi-mdm9x28-wp user.info kernel: [    0.455497] NetLabel:  protocols = UNLABELED CIPSOv4
Dec 31 19:01:07 swi-mdm9x28-wp user.info kernel: [    0.455558] NetLabel:  unlabeled traffic allowed by default
Dec 31 19:01:07 swi-mdm9x28-wp user.info kernel: [    0.456454] Switched to clocksource arch_mem_counter
Dec 31 19:01:07 swi-mdm9x28-wp user.info kernel: [    0.470561] NET: Registered protocol family 2
Dec 31 19:01:07 swi-mdm9x28-wp user.info kernel: [    0.471244] TCP established hash table entries: 2048 (order: 1, 8192 bytes)
Dec 31 19:01:07 swi-mdm9x28-wp user.info kernel: [    0.471280] TCP bind hash table entries: 2048 (order: 3, 40960 bytes)
Dec 31 19:01:07 swi-mdm9x28-wp user.info kernel: [    0.471325] TCP: Hash tables configured (established 2048 bind 2048)
Dec 31 19:01:07 swi-mdm9x28-wp user.info kernel: [    0.471381] TCP: reno registered
Dec 31 19:01:07 swi-mdm9x28-wp user.info kernel: [    0.471396] UDP hash table entries: 256 (order: 1, 12288 bytes)
Dec 31 19:01:07 swi-mdm9x28-wp user.info kernel: [    0.471420] UDP-Lite hash table entries: 256 (order: 1, 12288 bytes)
Dec 31 19:01:07 swi-mdm9x28-wp user.info kernel: [    0.471618] NET: Registered protocol family 1
Dec 31 19:01:07 swi-mdm9x28-wp user.info kernel: [    0.472043] RPC: Registered named UNIX socket transport module.
Dec 31 19:01:07 swi-mdm9x28-wp user.info kernel: [    0.472058] RPC: Registered udp transport module.
Dec 31 19:01:07 swi-mdm9x28-wp user.info kernel: [    0.472067] RPC: Registered tcp transport module.
Dec 31 19:01:07 swi-mdm9x28-wp user.info kernel: [    0.472075] RPC: Registered tcp NFSv4.1 backchannel transport module.
Dec 31 19:01:07 swi-mdm9x28-wp user.info kernel: [    0.607029] futex hash table entries: 256 (order: 0, 7168 bytes)
Dec 31 19:01:07 swi-mdm9x28-wp user.notice kernel: [    0.607066] Initialise system trusted keyring
Dec 31 19:01:07 swi-mdm9x28-wp user.info kernel: [    0.607163] audit: initializing netlink subsys (disabled)
Dec 31 19:01:07 swi-mdm9x28-wp user.notice kernel: [    0.607226] audit: type=2000 audit(0.599:1): initialized
Dec 31 19:01:07 swi-mdm9x28-wp user.notice kernel: [    0.617201] VFS: Disk quotas dquot_6.5.2
Dec 31 19:01:07 swi-mdm9x28-wp user.warn kernel: [    0.617431] Dquot-cache hash table entries: 1024 (order 0, 4096 bytes)
Dec 31 19:01:07 swi-mdm9x28-wp user.info kernel: [    0.617702] squashfs: version 4.0 (2009/01/31) Phillip Lougher
Dec 31 19:01:07 swi-mdm9x28-wp user.notice kernel: [    0.618896] NFS: Registering the id_resolver key type
Dec 31 19:01:07 swi-mdm9x28-wp user.notice kernel: [    0.618956] Key type id_resolver registered
Dec 31 19:01:07 swi-mdm9x28-wp user.notice kernel: [    0.618967] Key type id_legacy registered
Dec 31 19:01:07 swi-mdm9x28-wp user.info kernel: [    0.618992] nfs4filelayout_init: NFSv4 File Layout Driver Registering...
Dec 31 19:01:07 swi-mdm9x28-wp user.info kernel: [    0.619096] msgmni has been set to 359
Dec 31 19:01:07 swi-mdm9x28-wp user.notice kernel: [    0.621846] Key type asymmetric registered
Dec 31 19:01:07 swi-mdm9x28-wp user.notice kernel: [    0.621866] Asymmetric key parser 'x509' registered
Dec 31 19:01:07 swi-mdm9x28-wp user.info kernel: [    0.622175] Block layer SCSI generic (bsg) driver version 0.4 loaded (major 249)
Dec 31 19:01:07 swi-mdm9x28-wp user.info kernel: [    0.622194] io scheduler noop registered
Dec 31 19:01:07 swi-mdm9x28-wp user.info kernel: [    0.622207] io scheduler deadline registered
Dec 31 19:01:07 swi-mdm9x28-wp user.info kernel: [    0.622410] io scheduler cfq registered (default)
Dec 31 19:01:07 swi-mdm9x28-wp user.debug kernel: [    0.622548] gpiochip_find_base: found new base at 980
Dec 31 19:01:07 swi-mdm9x28-wp user.debug kernel: [    0.622720] gpiochip_add: registered GPIOs 980 to 1011 on device: smp2p
Dec 31 19:01:07 swi-mdm9x28-wp user.debug kernel: [    0.622945] gpiochip_find_base: found new base at 948
Dec 31 19:01:07 swi-mdm9x28-wp user.debug kernel: [    0.623080] gpiochip_add: registered GPIOs 948 to 979 on device: smp2p
Dec 31 19:01:07 swi-mdm9x28-wp user.debug kernel: [    0.623133] gpiochip_find_base: found new base at 916
Dec 31 19:01:07 swi-mdm9x28-wp user.debug kernel: [    0.623266] gpiochip_add: registered GPIOs 916 to 947 on device: smp2p
Dec 31 19:01:07 swi-mdm9x28-wp user.debug kernel: [    0.623468] gpiochip_find_base: found new base at 884
Dec 31 19:01:07 swi-mdm9x28-wp user.debug kernel: [    0.623598] gpiochip_add: registered GPIOs 884 to 915 on device: smp2p
Dec 31 19:01:07 swi-mdm9x28-wp user.debug kernel: [    0.623642] gpiochip_find_base: found new base at 852
Dec 31 19:01:07 swi-mdm9x28-wp user.debug kernel: [    0.623780] gpiochip_add: registered GPIOs 852 to 883 on device: slave-kernel
Dec 31 19:01:07 swi-mdm9x28-wp user.debug kernel: [    0.623935] gpiochip_find_base: found new base at 852
Dec 31 19:01:07 swi-mdm9x28-wp user.debug kernel: [    0.624066] gpiochip_add: registered GPIOs 852 to 883 on device: master-kernel
Dec 31 19:01:07 swi-mdm9x28-wp user.err kernel: [    0.624945] sierra_gpio soc:sierra_gpio: property "compatible": length 12
Dec 31 19:01:07 swi-mdm9x28-wp user.err kernel: [    0.624961] sierra_gpio soc:sierra_gpio: property "alias-2": length 12
Dec 31 19:01:07 swi-mdm9x28-wp user.debug kernel: [    0.625049] of_get_named_gpiod_flags: parsed 'alias-2' property of node '/soc/sierra_gpio[0]' - status (0)
Dec 31 19:01:07 swi-mdm9x28-wp user.info kernel: [    0.625075] sierra_gpio soc:sierra_gpio: 0 PIN 38 FUNC 1 NAME "2"
Dec 31 19:01:07 swi-mdm9x28-wp user.err kernel: [    0.625086] sierra_gpio soc:sierra_gpio: property "alias-4": length 12
Dec 31 19:01:07 swi-mdm9x28-wp user.debug kernel: [    0.625115] of_get_named_gpiod_flags: parsed 'alias-4' property of node '/soc/sierra_gpio[0]' - status (0)
Dec 31 19:01:07 swi-mdm9x28-wp user.info kernel: [    0.625135] sierra_gpio soc:sierra_gpio: 1 PIN 30 FUNC 0 NAME "4"
Dec 31 19:01:07 swi-mdm9x28-wp user.err kernel: [    0.625146] sierra_gpio soc:sierra_gpio: property "alias-6": length 12
Dec 31 19:01:07 swi-mdm9x28-wp user.debug kernel: [    0.625171] of_get_named_gpiod_flags: parsed 'alias-6' property of node '/soc/sierra_gpio[0]' - status (0)
Dec 31 19:01:07 swi-mdm9x28-wp user.info kernel: [    0.625191] sierra_gpio soc:sierra_gpio: 2 PIN 1022 FUNC 1 NAME "6"
Dec 31 19:01:07 swi-mdm9x28-wp user.err kernel: [    0.625202] sierra_gpio soc:sierra_gpio: property "alias-7": length 12
Dec 31 19:01:07 swi-mdm9x28-wp user.debug kernel: [    0.625227] of_get_named_gpiod_flags: parsed 'alias-7' property of node '/soc/sierra_gpio[0]' - status (0)
Dec 31 19:01:07 swi-mdm9x28-wp user.info kernel: [    0.625246] sierra_gpio soc:sierra_gpio: 3 PIN 16 FUNC 1 NAME "7"
Dec 31 19:01:07 swi-mdm9x28-wp user.err kernel: [    0.625258] sierra_gpio soc:sierra_gpio: property "alias-8": length 12
Dec 31 19:01:07 swi-mdm9x28-wp user.debug kernel: [    0.625282] of_get_named_gpiod_flags: parsed 'alias-8' property of node '/soc/sierra_gpio[0]' - status (0)
Dec 31 19:01:07 swi-mdm9x28-wp user.info kernel: [    0.625300] sierra_gpio soc:sierra_gpio: 4 PIN 58 FUNC 1 NAME "8"
Dec 31 19:01:07 swi-mdm9x28-wp user.err kernel: [    0.625311] sierra_gpio soc:sierra_gpio: property "alias-13": length 12
Dec 31 19:01:07 swi-mdm9x28-wp user.debug kernel: [    0.625335] of_get_named_gpiod_flags: parsed 'alias-13' property of node '/soc/sierra_gpio[0]' - status (0)
Dec 31 19:01:07 swi-mdm9x28-wp user.info kernel: [    0.625354] sierra_gpio soc:sierra_gpio: 5 PIN 76 FUNC 1 NAME "13"
Dec 31 19:01:07 swi-mdm9x28-wp user.err kernel: [    0.625365] sierra_gpio soc:sierra_gpio: property "alias-21": length 12
Dec 31 19:01:07 swi-mdm9x28-wp user.debug kernel: [    0.625389] of_get_named_gpiod_flags: parsed 'alias-21' property of node '/soc/sierra_gpio[0]' - status (0)
Dec 31 19:01:07 swi-mdm9x28-wp user.info kernel: [    0.625407] sierra_gpio soc:sierra_gpio: 6 PIN 8 FUNC 1 NAME "21"
Dec 31 19:01:07 swi-mdm9x28-wp user.err kernel: [    0.625418] sierra_gpio soc:sierra_gpio: property "alias-22": length 12
Dec 31 19:01:07 swi-mdm9x28-wp user.debug kernel: [    0.625442] of_get_named_gpiod_flags: parsed 'alias-22' property of node '/soc/sierra_gpio[0]' - status (0)
Dec 31 19:01:07 swi-mdm9x28-wp user.info kernel: [    0.625460] sierra_gpio soc:sierra_gpio: 7 PIN 9 FUNC 1 NAME "22"
Dec 31 19:01:07 swi-mdm9x28-wp user.err kernel: [    0.625472] sierra_gpio soc:sierra_gpio: property "alias-23": length 12
Dec 31 19:01:07 swi-mdm9x28-wp user.debug kernel: [    0.625496] of_get_named_gpiod_flags: parsed 'alias-23' property of node '/soc/sierra_gpio[0]' - status (0)
Dec 31 19:01:07 swi-mdm9x28-wp user.info kernel: [    0.625514] sierra_gpio soc:sierra_gpio: 8 PIN 10 FUNC 1 NAME "23"
Dec 31 19:01:07 swi-mdm9x28-wp user.err kernel: [    0.625525] sierra_gpio soc:sierra_gpio: property "alias-24": length 12
Dec 31 19:01:07 swi-mdm9x28-wp user.debug kernel: [    0.625548] of_get_named_gpiod_flags: parsed 'alias-24' property of node '/soc/sierra_gpio[0]' - status (0)
Dec 31 19:01:07 swi-mdm9x28-wp user.info kernel: [    0.625567] sierra_gpio soc:sierra_gpio: 9 PIN 11 FUNC 1 NAME "24"
Dec 31 19:01:07 swi-mdm9x28-wp user.err kernel: [    0.625578] sierra_gpio soc:sierra_gpio: property "alias-25": length 12
Dec 31 19:01:07 swi-mdm9x28-wp user.debug kernel: [    0.625602] of_get_named_gpiod_flags: parsed 'alias-25' property of node '/soc/sierra_gpio[0]' - status (0)
Dec 31 19:01:07 swi-mdm9x28-wp user.info kernel: [    0.625621] sierra_gpio soc:sierra_gpio: 10 PIN 51 FUNC 1 NAME "25"
Dec 31 19:01:07 swi-mdm9x28-wp user.err kernel: [    0.625632] sierra_gpio soc:sierra_gpio: property "alias-28": length 12
Dec 31 19:01:07 swi-mdm9x28-wp user.debug kernel: [    0.625656] of_get_named_gpiod_flags: parsed 'alias-28' property of node '/soc/sierra_gpio[0]' - status (0)
Dec 31 19:01:07 swi-mdm9x28-wp user.info kernel: [    0.625676] sierra_gpio soc:sierra_gpio: 11 PIN 45 FUNC 1 NAME "28"
Dec 31 19:01:07 swi-mdm9x28-wp user.err kernel: [    0.625687] sierra_gpio soc:sierra_gpio: property "alias-29": length 12
Dec 31 19:01:07 swi-mdm9x28-wp user.debug kernel: [    0.625711] of_get_named_gpiod_flags: parsed 'alias-29' property of node '/soc/sierra_gpio[0]' - status (0)
Dec 31 19:01:07 swi-mdm9x28-wp user.info kernel: [    0.625729] sierra_gpio soc:sierra_gpio: 12 PIN 46 FUNC 1 NAME "29"
Dec 31 19:01:07 swi-mdm9x28-wp user.err kernel: [    0.625740] sierra_gpio soc:sierra_gpio: property "alias-30": length 12
Dec 31 19:01:07 swi-mdm9x28-wp user.debug kernel: [    0.625764] of_get_named_gpiod_flags: parsed 'alias-30' property of node '/soc/sierra_gpio[0]' - status (0)
Dec 31 19:01:07 swi-mdm9x28-wp user.info kernel: [    0.625782] sierra_gpio soc:sierra_gpio: 13 PIN 47 FUNC 1 NAME "30"
Dec 31 19:01:07 swi-mdm9x28-wp user.err kernel: [    0.625793] sierra_gpio soc:sierra_gpio: property "alias-31": length 12
Dec 31 19:01:07 swi-mdm9x28-wp user.debug kernel: [    0.625817] of_get_named_gpiod_flags: parsed 'alias-31' property of node '/soc/sierra_gpio[0]' - status (0)
Dec 31 19:01:07 swi-mdm9x28-wp user.info kernel: [    0.625835] sierra_gpio soc:sierra_gpio: 14 PIN 48 FUNC 1 NAME "31"
Dec 31 19:01:07 swi-mdm9x28-wp user.err kernel: [    0.625846] sierra_gpio soc:sierra_gpio: property "alias-32": length 12
Dec 31 19:01:07 swi-mdm9x28-wp user.debug kernel: [    0.625870] of_get_named_gpiod_flags: parsed 'alias-32' property of node '/soc/sierra_gpio[0]' - status (0)
Dec 31 19:01:07 swi-mdm9x28-wp user.info kernel: [    0.625889] sierra_gpio soc:sierra_gpio: 15 PIN 77 FUNC 1 NAME "32"
Dec 31 19:01:07 swi-mdm9x28-wp user.err kernel: [    0.625900] sierra_gpio soc:sierra_gpio: property "alias-33": length 12
Dec 31 19:01:07 swi-mdm9x28-wp user.debug kernel: [    0.625924] of_get_named_gpiod_flags: parsed 'alias-33' property of node '/soc/sierra_gpio[0]' - status (0)
Dec 31 19:01:07 swi-mdm9x28-wp user.info kernel: [    0.625942] sierra_gpio soc:sierra_gpio: 16 PIN 78 FUNC 1 NAME "33"
Dec 31 19:01:07 swi-mdm9x28-wp user.err kernel: [    0.625953] sierra_gpio soc:sierra_gpio: property "alias-35": length 12
Dec 31 19:01:07 swi-mdm9x28-wp user.debug kernel: [    0.625977] of_get_named_gpiod_flags: parsed 'alias-35' property of node '/soc/sierra_gpio[0]' - status (0)
Dec 31 19:01:07 swi-mdm9x28-wp user.info kernel: [    0.625995] sierra_gpio soc:sierra_gpio: 17 PIN 37 FUNC 1 NAME "35"
Dec 31 19:01:07 swi-mdm9x28-wp user.err kernel: [    0.626006] sierra_gpio soc:sierra_gpio: property "alias-36": length 8
Dec 31 19:01:07 swi-mdm9x28-wp user.info kernel: [    0.626026] sierra_gpio soc:sierra_gpio: 18 PIN 200 FUNC 1 NAME "36"
Dec 31 19:01:07 swi-mdm9x28-wp user.err kernel: [    0.626037] sierra_gpio soc:sierra_gpio: property "alias-37": length 8
Dec 31 19:01:07 swi-mdm9x28-wp user.info kernel: [    0.626056] sierra_gpio soc:sierra_gpio: 19 PIN 201 FUNC 1 NAME "37"
Dec 31 19:01:07 swi-mdm9x28-wp user.err kernel: [    0.626067] sierra_gpio soc:sierra_gpio: property "alias-38": length 8
Dec 31 19:01:07 swi-mdm9x28-wp user.info kernel: [    0.626085] sierra_gpio soc:sierra_gpio: 20 PIN 202 FUNC 1 NAME "38"
Dec 31 19:01:07 swi-mdm9x28-wp user.err kernel: [    0.626096] sierra_gpio soc:sierra_gpio: property "alias-40": length 8
Dec 31 19:01:07 swi-mdm9x28-wp user.info kernel: [    0.626114] sierra_gpio soc:sierra_gpio: 21 PIN 203 FUNC 1 NAME "40"
Dec 31 19:01:07 swi-mdm9x28-wp user.err kernel: [    0.626125] sierra_gpio soc:sierra_gpio: property "alias-41": length 8
Dec 31 19:01:07 swi-mdm9x28-wp user.info kernel: [    0.626144] sierra_gpio soc:sierra_gpio: 22 PIN 204 FUNC 1 NAME "41"
Dec 31 19:01:07 swi-mdm9x28-wp user.err kernel: [    0.626155] sierra_gpio soc:sierra_gpio: property "alias-42": length 12
Dec 31 19:01:07 swi-mdm9x28-wp user.debug kernel: [    0.626181] of_get_named_gpiod_flags: parsed 'alias-42' property of node '/soc/sierra_gpio[0]' - status (0)
Dec 31 19:01:07 swi-mdm9x28-wp user.info kernel: [    0.626199] sierra_gpio soc:sierra_gpio: 23 PIN 79 FUNC 1 NAME "42"
Dec 31 19:01:07 swi-mdm9x28-wp user.err kernel: [    0.626211] sierra_gpio soc:sierra_gpio: property "alias-RI": length 12
Dec 31 19:01:07 swi-mdm9x28-wp user.debug kernel: [    0.626235] of_get_named_gpiod_flags: parsed 'alias-RI' property of node '/soc/sierra_gpio[0]' - status (0)
Dec 31 19:01:07 swi-mdm9x28-wp user.info kernel: [    0.626257] sierra_gpio soc:sierra_gpio: 24 PIN 25 FUNC 1 NAME "RI"
Dec 31 19:01:07 swi-mdm9x28-wp user.err kernel: [    0.626268] sierra_gpio soc:sierra_gpio: property "alias-WLAN_EN": length 12
Dec 31 19:01:07 swi-mdm9x28-wp user.debug kernel: [    0.626293] of_get_named_gpiod_flags: parsed 'alias-WLAN_EN' property of node '/soc/sierra_gpio[0]' - status (0)
Dec 31 19:01:07 swi-mdm9x28-wp user.info kernel: [    0.626313] sierra_gpio soc:sierra_gpio: 25 PIN 58 FUNC 1 NAME "WLAN_EN"
Dec 31 19:01:07 swi-mdm9x28-wp user.err kernel: [    0.626324] sierra_gpio soc:sierra_gpio: property "alias-WIFI_IRQ": length 12
Dec 31 19:01:07 swi-mdm9x28-wp user.debug kernel: [    0.626349] of_get_named_gpiod_flags: parsed 'alias-WIFI_IRQ' property of node '/soc/sierra_gpio[0]' - status (0)
Dec 31 19:01:07 swi-mdm9x28-wp user.info kernel: [    0.626368] sierra_gpio soc:sierra_gpio: 26 PIN 79 FUNC 1 NAME "WIFI_IRQ"
Dec 31 19:01:07 swi-mdm9x28-wp user.err kernel: [    0.626379] sierra_gpio soc:sierra_gpio: property "name": length 12
Dec 31 19:01:07 swi-mdm9x28-wp user.err kernel: [    0.626390] sierra_gpio soc:sierra_gpio: Skipping unknown property "name"
Dec 31 19:01:07 swi-mdm9x28-wp user.info kernel: [    0.626403] sierra_gpio soc:sierra_gpio: Export to v2 gpiochip 1000000.pinctrl
Dec 31 19:01:07 swi-mdm9x28-wp user.info kernel: [    0.626414] gpiochip_export_v2: Export gpiochip 1000000.pinctrl [0,80] to v2
Dec 31 19:01:07 swi-mdm9x28-wp user.info kernel: [    0.626433] sierra_gpio soc:sierra_gpio: Export to v2 gpiochip pm8019-gpio
Dec 31 19:01:07 swi-mdm9x28-wp user.info kernel: [    0.626444] gpiochip_export_v2: Export gpiochip pm8019-gpio [1018,6] to v2
Dec 31 19:01:07 swi-mdm9x28-wp user.info kernel: [    0.626461] sierra_gpio soc:sierra_gpio: Export to v2 gpiochip pm8019-mpp
Dec 31 19:01:07 swi-mdm9x28-wp user.info kernel: [    0.626472] gpiochip_export_v2: Export gpiochip pm8019-mpp [1012,6] to v2
Dec 31 19:01:07 swi-mdm9x28-wp user.info kernel: [    0.626489] sierra_gpio soc:sierra_gpio: Export to v2 gpiochip swimcu
Dec 31 19:01:07 swi-mdm9x28-wp user.info kernel: [    0.626500] gpiochip_export_v2: Export gpiochip swimcu [200,5] to v2
Dec 31 19:01:07 swi-mdm9x28-wp user.info kernel: [    0.626535] sierra_gpio soc:sierra_gpio: Export to v2 gpiochip smp2p
Dec 31 19:01:07 swi-mdm9x28-wp user.info kernel: [    0.626546] gpiochip_export_v2: Export gpiochip smp2p [980,32] to v2
Dec 31 19:01:07 swi-mdm9x28-wp user.info kernel: [    0.626567] sierra_gpio soc:sierra_gpio: Export to v2 gpiochip smp2p
Dec 31 19:01:07 swi-mdm9x28-wp user.info kernel: [    0.626578] gpiochip_export_v2: Export gpiochip smp2p [948,32] to v2
Dec 31 19:01:07 swi-mdm9x28-wp user.info kernel: [    0.626596] sierra_gpio soc:sierra_gpio: Export to v2 gpiochip smp2p
Dec 31 19:01:07 swi-mdm9x28-wp user.info kernel: [    0.626607] gpiochip_export_v2: Export gpiochip smp2p [916,32] to v2
Dec 31 19:01:07 swi-mdm9x28-wp user.info kernel: [    0.626624] sierra_gpio soc:sierra_gpio: Export to v2 gpiochip smp2p
Dec 31 19:01:07 swi-mdm9x28-wp user.info kernel: [    0.626634] gpiochip_export_v2: Export gpiochip smp2p [884,32] to v2
Dec 31 19:01:07 swi-mdm9x28-wp user.err kernel: [    0.630619] scm_call failed with error code -4
Dec 31 19:01:07 swi-mdm9x28-wp user.err kernel: [    0.630639] msm_audio_protect_memory_region: SCM call failed, scm_call_ret -95 tz_resp 0
Dec 31 19:01:07 swi-mdm9x28-wp user.notice kernel: [    0.632872] msm_rpm_log_probe: OK
Dec 31 19:01:07 swi-mdm9x28-wp user.warn kernel: [    0.634246] pil-q6v5-mss 4080000.qcom,mss: Failed to find the pas_id.
Dec 31 19:01:07 swi-mdm9x28-wp user.debug kernel: [    0.634300] of_get_named_gpiod_flags: parsed 'qcom,gpio-proxy-unvote' property of node '/soc/qcom,mss@4080000[0]' - status (-517)
Dec 31 19:01:07 swi-mdm9x28-wp user.debug kernel: [    0.636049] of_get_named_gpiod_flags: can't parse 'qcom,tx-gpio' property of node '/soc/uart@78b0000[0]'
Dec 31 19:01:07 swi-mdm9x28-wp user.err kernel: [    0.636064] uart_tx_gpio is not available
Dec 31 19:01:07 swi-mdm9x28-wp user.debug kernel: [    0.636077] of_get_named_gpiod_flags: can't parse 'qcom,rx-gpio' property of node '/soc/uart@78b0000[0]'
Dec 31 19:01:07 swi-mdm9x28-wp user.err kernel: [    0.636085] uart_rx_gpio is not available
Dec 31 19:01:07 swi-mdm9x28-wp user.debug kernel: [    0.636097] of_get_named_gpiod_flags: can't parse 'qcom,cts-gpio' property of node '/soc/uart@78b0000[0]'
Dec 31 19:01:07 swi-mdm9x28-wp user.err kernel: [    0.636105] uart_cts_gpio is not available
Dec 31 19:01:07 swi-mdm9x28-wp user.debug kernel: [    0.636116] of_get_named_gpiod_flags: can't parse 'qcom,rfr-gpio' property of node '/soc/uart@78b0000[0]'
Dec 31 19:01:07 swi-mdm9x28-wp user.err kernel: [    0.636124] uart_rfr_gpio is not available
Dec 31 19:01:07 swi-mdm9x28-wp user.info kernel: [    0.636162] symlink dir is msm_serial_hs.0, ret is 0
Dec 31 19:01:07 swi-mdm9x28-wp user.info kernel: [    0.636174]  uart_func_init(), line=0, uart_type=1, uart_func=1
Dec 31 19:01:07 swi-mdm9x28-wp user.info kernel: [    0.636183]  uart_func_init(), line=0, uart_type=1, uart_func=1<6>[    0.636193] ttyHS0 is reserved for AT service.
Dec 31 19:01:07 swi-mdm9x28-wp user.err kernel: [    0.636832] sps: BAM device 0x07884000 is not registered yet.
Dec 31 19:01:07 swi-mdm9x28-wp user.info kernel: [    0.637212] sps:BAM 0x07884000 is registered.
Dec 31 19:01:07 swi-mdm9x28-wp user.info kernel: [    0.639573] 78b0000.uart: ttyHS0 at MMIO 0x78b0000 (irq = 49, base_baud = 460800) is a MSM HS UART
Dec 31 19:01:07 swi-mdm9x28-wp user.debug kernel: [    0.641981] of_get_named_gpiod_flags: can't parse 'qcom,tx-gpio' property of node '/soc/uart@78af000[0]'
Dec 31 19:01:07 swi-mdm9x28-wp user.err kernel: [    0.641994] uart_tx_gpio is not available
Dec 31 19:01:07 swi-mdm9x28-wp user.debug kernel: [    0.642006] of_get_named_gpiod_flags: can't parse 'qcom,rx-gpio' property of node '/soc/uart@78af000[0]'
Dec 31 19:01:07 swi-mdm9x28-wp user.err kernel: [    0.642015] uart_rx_gpio is not available
Dec 31 19:01:07 swi-mdm9x28-wp user.debug kernel: [    0.642027] of_get_named_gpiod_flags: can't parse 'qcom,cts-gpio' property of node '/soc/uart@78af000[0]'
Dec 31 19:01:07 swi-mdm9x28-wp user.err kernel: [    0.642034] uart_cts_gpio is not available
Dec 31 19:01:07 swi-mdm9x28-wp user.debug kernel: [    0.642045] of_get_named_gpiod_flags: can't parse 'qcom,rfr-gpio' property of node '/soc/uart@78af000[0]'
Dec 31 19:01:07 swi-mdm9x28-wp user.err kernel: [    0.642053] uart_rfr_gpio is not available
Dec 31 19:01:07 swi-mdm9x28-wp user.info kernel: [    0.642103] symlink dir is msm_serial_hs.1, ret is 0
Dec 31 19:01:07 swi-mdm9x28-wp user.info kernel: [    0.642115]  uart_func_init(), line=1, uart_type=1, uart_func=16
Dec 31 19:01:07 swi-mdm9x28-wp user.info kernel: [    0.642124]  uart_func_init(), line=1, uart_type=1, uart_func=-1<6>[    0.642134] ttyHS1 function -1 is not valid on application processor.
Dec 31 19:01:07 swi-mdm9x28-wp user.warn kernel: [    0.642172] msm_serial_hs: probe of 78af000.uart failed with error -1
Dec 31 19:01:07 swi-mdm9x28-wp user.info kernel: [    0.642347] msm_serial_hs module loaded
Dec 31 19:01:07 swi-mdm9x28-wp user.info kernel: [    0.642952] symlink dir is msm_serial_hsl.1, ret is 0
Dec 31 19:01:07 swi-mdm9x28-wp user.info kernel: [    0.642967]  uart_func_init(), line=1, uart_type=0, uart_func=16
Dec 31 19:01:07 swi-mdm9x28-wp user.info kernel: [    0.642977]  uart_func_init(), line=1, uart_type=0, uart_func=16<6>[    0.642986] ttyHSL1 is reserved for CONSOLE service.
Dec 31 19:01:07 swi-mdm9x28-wp user.info kernel: [    0.642996] msm_serial_hsl_probe: detected port #1 (ttyHSL1)
Dec 31 19:01:07 swi-mdm9x28-wp user.info kernel: [    0.643307] 78af000.serial: ttyHSL1 at MMIO 0x78af000 (irq = 48, base_baud = 460800) is a MSM
Dec 31 19:01:07 swi-mdm9x28-wp user.info kernel: [    0.644871] msm_hsl_console_setup: console setup on port #1
Dec 31 19:01:07 swi-mdm9x28-wp user.info kernel: [    1.036223] console [ttyHSL1] enabled
Dec 31 19:01:07 swi-mdm9x28-wp user.err kernel: [    1.036829] mdm9607-pinctrl 1000000.pinctrl: pin GPIO_4 already requested by 78b0000.uart; cannot claim for 78b0000.serial
Dec 31 19:01:07 swi-mdm9x28-wp user.err kernel: [    1.047249] mdm9607-pinctrl 1000000.pinctrl: pin-4 (78b0000.serial) status -22
Dec 31 19:01:07 swi-mdm9x28-wp user.err kernel: [    1.054429] mdm9607-pinctrl 1000000.pinctrl: could not request pin 4 (GPIO_4) from group gpio4  on device 1000000.pinctrl
Dec 31 19:01:07 swi-mdm9x28-wp user.err kernel: [    1.065361] msm_serial_hsl 78b0000.serial: Error applying setting, reverse things back
Dec 31 19:01:07 swi-mdm9x28-wp user.info kernel: [    1.073314] symlink dir is msm_serial_hsl.0, ret is 0
Dec 31 19:01:07 swi-mdm9x28-wp user.info kernel: [    1.073326]  uart_func_init(), line=0, uart_type=0, uart_func=1
Dec 31 19:01:07 swi-mdm9x28-wp user.info kernel: [    1.073335]  uart_func_init(), line=0, uart_type=0, uart_func=0<6>[    1.073344] ttyHSL0 is disabled.
Dec 31 19:01:07 swi-mdm9x28-wp user.warn kernel: [    1.073366] msm_serial_hsl: probe of 78b0000.serial failed with error -1
Dec 31 19:01:07 swi-mdm9x28-wp user.info kernel: [    1.073536] msm_serial_hsl_init: driver initialized
Dec 31 19:01:07 swi-mdm9x28-wp user.info kernel: [    1.096734] brd: module loaded
Dec 31 19:01:07 swi-mdm9x28-wp user.info kernel: [    1.100953] loop: module loaded
Dec 31 19:01:07 swi-mdm9x28-wp user.info kernel: [    1.101678] QSEECOM: qseecom_probe: qseecom.qsee_version = 0x405000
Dec 31 19:01:07 swi-mdm9x28-wp user.warn kernel: [    1.101722] QSEECOM: qseecom_retrieve_ce_data: Device does not support PFE/FDE
Dec 31 19:01:07 swi-mdm9x28-wp user.info kernel: [    1.101738] QSEECOM: qseecom_probe: qseecom clocks handled by other subsystem
Dec 31 19:01:07 swi-mdm9x28-wp user.warn kernel: [    1.101748] QSEECOM: qseecom_probe: qsee reentrancy support phase is not defined, setting to default 0
Dec 31 19:01:07 swi-mdm9x28-wp user.warn kernel: [    1.102004] QSEECOM: qseecom_probe: qseecom.whitelist_support = 0
Dec 31 19:01:07 swi-mdm9x28-wp user.info kernel: [    1.106591] sierra_tcxo_clk soc:sierra_tcxo_clk: sierra_tcxo_clk probe
Dec 31 19:01:07 swi-mdm9x28-wp user.debug kernel: [    1.107099] of_get_named_gpiod_flags: parsed 'sfpr-gpio' property of node '/soc/sierra_safe_pwr_remove[0]' - status (0)
Dec 31 19:01:07 swi-mdm9x28-wp user.notice kernel: [    1.107261] sierra_ks_if: Starting Sierra Wireless keystore interface device driver, version 1.0 ...
Dec 31 19:01:07 swi-mdm9x28-wp user.notice kernel: [    1.107540] sierra_ks_if: sierra_ks_if module init done.
Dec 31 19:01:07 swi-mdm9x28-wp user.warn kernel: [    1.107689] i2c-core: driver [tabla-i2c-core] using legacy suspend method
Dec 31 19:01:07 swi-mdm9x28-wp user.warn kernel: [    1.107699] i2c-core: driver [tabla-i2c-core] using legacy resume method
Dec 31 19:01:07 swi-mdm9x28-wp user.warn kernel: [    1.107846] i2c-core: driver [wcd9xxx-i2c-core] using legacy suspend method
Dec 31 19:01:07 swi-mdm9x28-wp user.warn kernel: [    1.107855] i2c-core: driver [wcd9xxx-i2c-core] using legacy resume method
Dec 31 19:01:07 swi-mdm9x28-wp user.warn kernel: [    1.108005] i2c-core: driver [tasha-i2c-core] using legacy suspend method
Dec 31 19:01:07 swi-mdm9x28-wp user.warn kernel: [    1.108015] i2c-core: driver [tasha-i2c-core] using legacy resume method
Dec 31 19:01:07 swi-mdm9x28-wp user.info kernel: [    1.108355] QCE50: __qce_get_device_tree_data: BAM Apps EE is not defined, setting to default 1
Dec 31 19:01:07 swi-mdm9x28-wp user.info kernel: [    1.108889] qce 720000.qcedev: Qualcomm Crypto 5.3.3 device found @0x720000
Dec 31 19:01:07 swi-mdm9x28-wp user.info kernel: [    1.108907] qce 720000.qcedev: CE device = 0x0
Dec 31 19:01:07 swi-mdm9x28-wp user.info kernel: [    1.108907] , IO base, CE = 0xd0b40000
Dec 31 19:01:07 swi-mdm9x28-wp user.info kernel: [    1.108907] , Consumer (IN) PIPE 2,    Producer (OUT) PIPE 3
Dec 31 19:01:07 swi-mdm9x28-wp user.info kernel: [    1.108907] IO base BAM = 0x  (null)
Dec 31 19:01:07 swi-mdm9x28-wp user.info kernel: [    1.108907] BAM IRQ 44
Dec 31 19:01:07 swi-mdm9x28-wp user.info kernel: [    1.108907] Engines Availability = 0x2010853
Dec 31 19:01:07 swi-mdm9x28-wp user.info kernel: [    1.109305] sps:BAM 0x00704000 is registered.
Dec 31 19:01:07 swi-mdm9x28-wp user.info kernel: [    1.109653] sps:BAM 0x00704000 (va:0xd0b80000) enabled: ver:0x27, number of pipes:8
Dec 31 19:01:07 swi-mdm9x28-wp user.info kernel: [    1.110342] QCE50: qce_sps_init:  Qualcomm MSM CE-BAM at 0x0000000000704000 irq 44
Dec 31 19:01:07 swi-mdm9x28-wp user.info kernel: [    1.113830] QCE50: __qce_get_device_tree_data: BAM Apps EE is not defined, setting to default 1
Dec 31 19:01:07 swi-mdm9x28-wp user.info kernel: [    1.114434] qcrypto 720000.qcrypto: Qualcomm Crypto 5.3.3 device found @0x720000
Dec 31 19:01:07 swi-mdm9x28-wp user.info kernel: [    1.114452] qcrypto 720000.qcrypto: CE device = 0x0
Dec 31 19:01:07 swi-mdm9x28-wp user.info kernel: [    1.114452] , IO base, CE = 0xd0bc0000
Dec 31 19:01:07 swi-mdm9x28-wp user.info kernel: [    1.114452] , Consumer (IN) PIPE 4,    Producer (OUT) PIPE 5
Dec 31 19:01:07 swi-mdm9x28-wp user.info kernel: [    1.114452] IO base BAM = 0x  (null)
Dec 31 19:01:07 swi-mdm9x28-wp user.info kernel: [    1.114452] BAM IRQ 44
Dec 31 19:01:07 swi-mdm9x28-wp user.info kernel: [    1.114452] Engines Availability = 0x2010853
Dec 31 19:01:07 swi-mdm9x28-wp user.info kernel: [    1.115185] QCE50: qce_sps_init:  Qualcomm MSM CE-BAM at 0x0000000000704000 irq 44
Dec 31 19:01:07 swi-mdm9x28-wp user.info kernel: [    1.117833] qcrypto 720000.qcrypto: qcrypto-ecb-aes
Dec 31 19:01:07 swi-mdm9x28-wp user.info kernel: [    1.118021] qcrypto 720000.qcrypto: qcrypto-cbc-aes
Dec 31 19:01:07 swi-mdm9x28-wp user.info kernel: [    1.118240] qcrypto 720000.qcrypto: qcrypto-ctr-aes
Dec 31 19:01:07 swi-mdm9x28-wp user.info kernel: [    1.118451] qcrypto 720000.qcrypto: qcrypto-ecb-des
Dec 31 19:01:07 swi-mdm9x28-wp user.info kernel: [    1.118658] qcrypto 720000.qcrypto: qcrypto-cbc-des
Dec 31 19:01:07 swi-mdm9x28-wp user.info kernel: [    1.118861] qcrypto 720000.qcrypto: qcrypto-ecb-3des
Dec 31 19:01:07 swi-mdm9x28-wp user.info kernel: [    1.119067] qcrypto 720000.qcrypto: qcrypto-cbc-3des
Dec 31 19:01:07 swi-mdm9x28-wp user.info kernel: [    1.119271] qcrypto 720000.qcrypto: qcrypto-xts-aes
Dec 31 19:01:07 swi-mdm9x28-wp user.info kernel: [    1.119481] qcrypto 720000.qcrypto: qcrypto-sha1
Dec 31 19:01:07 swi-mdm9x28-wp user.info kernel: [    1.119694] qcrypto 720000.qcrypto: qcrypto-sha256
Dec 31 19:01:07 swi-mdm9x28-wp user.info kernel: [    1.119902] qcrypto 720000.qcrypto: qcrypto-aead-hmac-sha1-cbc-aes
Dec 31 19:01:07 swi-mdm9x28-wp user.info kernel: [    1.120249] qcrypto 720000.qcrypto: qcrypto-aead-hmac-sha1-cbc-des
Dec 31 19:01:07 swi-mdm9x28-wp user.warn kernel: [    1.120407] cryptomgr_test (112) used greatest stack depth: 6896 bytes left
Dec 31 19:01:07 swi-mdm9x28-wp user.info kernel: [    1.120491] qcrypto 720000.qcrypto: qcrypto-aead-hmac-sha1-cbc-3des
Dec 31 19:01:07 swi-mdm9x28-wp user.info kernel: [    1.120705] qcrypto 720000.qcrypto: qcrypto-aead-hmac-sha256-cbc-aes
Dec 31 19:01:07 swi-mdm9x28-wp user.info kernel: [    1.120922] qcrypto 720000.qcrypto: qcrypto-aead-hmac-sha256-cbc-des
Dec 31 19:01:07 swi-mdm9x28-wp user.info kernel: [    1.121131] qcrypto 720000.qcrypto: qcrypto-aead-hmac-sha256-cbc-3des
Dec 31 19:01:07 swi-mdm9x28-wp user.info kernel: [    1.121336] qcrypto 720000.qcrypto: qcrypto-hmac-sha1
Dec 31 19:01:07 swi-mdm9x28-wp user.info kernel: [    1.121551] qcrypto 720000.qcrypto: qcrypto-hmac-sha256
Dec 31 19:01:07 swi-mdm9x28-wp user.info kernel: [    1.121759] qcrypto 720000.qcrypto: qcrypto-aes-ccm
Dec 31 19:01:07 swi-mdm9x28-wp user.info kernel: [    1.121968] qcrypto 720000.qcrypto: qcrypto-rfc4309-aes-ccm
Dec 31 19:01:07 swi-mdm9x28-wp user.info kernel: [    1.122473] SCSI Media Changer driver v0.25 
Dec 31 19:01:07 swi-mdm9x28-wp user.err kernel: [    1.126636] sps: BAM device 0x07984000 is not registered yet.
Dec 31 19:01:07 swi-mdm9x28-wp user.info kernel: [    1.131819] sps:BAM 0x07984000 is registered.
Dec 31 19:01:07 swi-mdm9x28-wp user.info kernel: [    1.131841] msm_nand_bam_init: msm_nand_bam_init: BAM device registered: bam_handle 0xcd8a6200
Dec 31 19:01:07 swi-mdm9x28-wp user.info kernel: [    1.132136] sps:BAM 0x07984000 (va:0xd0b20000) enabled: ver:0x18, number of pipes:7
Dec 31 19:01:07 swi-mdm9x28-wp user.info kernel: [    1.134231] msm_nand_parse_smem_ptable: Parsing partition table info from SMEM
Dec 31 19:01:07 swi-mdm9x28-wp user.info kernel: [    1.134284] msm_nand_parse_smem_ptable: SMEM partition table found: ver: 4 len: 21
Dec 31 19:01:07 swi-mdm9x28-wp user.info kernel: [    1.134316] msm_nand_version_check: nand_major:1, nand_minor:5, qpic_major:1, qpic_minor:5
Dec 31 19:01:07 swi-mdm9x28-wp user.info kernel: [    1.134625] msm_nand_flash_onfi_probe: Found an ONFI compliant device MT29F4G08ABBEA3W    ,
Dec 31 19:01:07 swi-mdm9x28-wp user.info kernel: [    1.134641] msm_nand_scan: NAND Id: 0x2690ac2c Buswidth: 8Bits Density: 512 MByte
Dec 31 19:01:07 swi-mdm9x28-wp user.info kernel: [    1.134651] msm_nand_scan: pagesize: 4096 Erasesize: 262144 oobsize: 224 (in Bytes)
Dec 31 19:01:07 swi-mdm9x28-wp user.info kernel: [    1.134660] msm_nand_scan: BCH ECC: 8 Bit
Dec 31 19:01:07 swi-mdm9x28-wp user.info kernel: [    1.134675] msm_nand_scan: CFG0: 0x290409c0,           CFG1: 0x08045d5c
Dec 31 19:01:07 swi-mdm9x28-wp user.info kernel: [    1.134675]             RAWCFG0: 0x2b8401c0,        RAWCFG1: 0x0005055d
Dec 31 19:01:07 swi-mdm9x28-wp user.info kernel: [    1.134675]           ECCBUFCFG: 0x00000203,      ECCBCHCFG: 0x42040d10
Dec 31 19:01:07 swi-mdm9x28-wp user.info kernel: [    1.134675]           RAWECCCFG: 0x42000d11, BAD BLOCK BYTE: 0x00000175
Dec 31 19:01:07 swi-mdm9x28-wp user.notice kernel: [    1.134699] Creating 21 MTD partitions on "7980000.nand":
Dec 31 19:01:07 swi-mdm9x28-wp user.notice kernel: [    1.134724] 0x000000000000-0x000000280000 : "sbl"
Dec 31 19:01:07 swi-mdm9x28-wp user.notice kernel: [    1.135945] 0x000000280000-0x000000500000 : "mibib"
Dec 31 19:01:07 swi-mdm9x28-wp user.notice kernel: [    1.136968] 0x000000500000-0x000000b80000 : "backup"
Dec 31 19:01:07 swi-mdm9x28-wp user.notice kernel: [    1.138018] 0x000000b80000-0x000000c80000 : "security"
Dec 31 19:01:07 swi-mdm9x28-wp user.notice kernel: [    1.139080] 0x000000c80000-0x000000e80000 : "persist"
Dec 31 19:01:07 swi-mdm9x28-wp user.notice kernel: [    1.140349] 0x000000e80000-0x000002000000 : "efs2"
Dec 31 19:01:07 swi-mdm9x28-wp user.notice kernel: [    1.141472] 0x000002000000-0x000006f40000 : "swifota"
Dec 31 19:01:07 swi-mdm9x28-wp user.notice kernel: [    1.142557] 0x000006f40000-0x0000070c0000 : "tz"
Dec 31 19:01:07 swi-mdm9x28-wp user.notice kernel: [    1.143589] 0x0000070c0000-0x000007180000 : "devcfg"
Dec 31 19:01:07 swi-mdm9x28-wp user.notice kernel: [    1.144600] 0x000007180000-0x000007240000 : "rpm"
Dec 31 19:01:07 swi-mdm9x28-wp user.notice kernel: [    1.145591] 0x000007240000-0x000009240000 : "modem"
Dec 31 19:01:07 swi-mdm9x28-wp user.notice kernel: [    1.146603] 0x000009240000-0x000009340000 : "aboot"
Dec 31 19:01:07 swi-mdm9x28-wp user.notice kernel: [    1.147684] 0x000009340000-0x00000a240000 : "boot"
Dec 31 19:01:07 swi-mdm9x28-wp user.notice kernel: [    1.148734] 0x00000a240000-0x00000c040000 : "system"
Dec 31 19:01:07 swi-mdm9x28-wp user.notice kernel: [    1.149788] 0x00000c040000-0x00000c900000 : "lefwkro"
Dec 31 19:01:07 swi-mdm9x28-wp user.notice kernel: [    1.150998] 0x00000c900000-0x00000e200000 : "swirw"
Dec 31 19:01:07 swi-mdm9x28-wp user.notice kernel: [    1.152032] 0x00000e200000-0x000016500000 : "userapp"
Dec 31 19:01:07 swi-mdm9x28-wp user.notice kernel: [    1.153048] 0x000016500000-0x000019b80000 : "reserved"
Dec 31 19:01:07 swi-mdm9x28-wp user.notice kernel: [    1.154084] 0x000019b80000-0x00001bd00000 : "slot_2"
Dec 31 19:01:07 swi-mdm9x28-wp user.notice kernel: [    1.155121] 0x00001bd00000-0x00001de80000 : "slot_1"
Dec 31 19:01:07 swi-mdm9x28-wp user.notice kernel: [    1.156166] 0x00001de80000-0x000020000000 : "slot_0"
Dec 31 19:01:07 swi-mdm9x28-wp user.info kernel: [    1.157214] msm_nand_probe: NANDc phys addr 0x7980000, BAM phys addr 0x7984000, BAM IRQ 30
Dec 31 19:01:07 swi-mdm9x28-wp user.info kernel: [    1.157228] msm_nand_probe: Allocated DMA buffer at virt_addr 0xcf044000, phys_addr 0x8f044000
Dec 31 19:01:07 swi-mdm9x28-wp user.debug kernel: [    1.158772] of_get_named_gpiod_flags: can't parse 'qcom,gpio-clk' property of node '/soc/spi@78b6000[0]'
Dec 31 19:01:07 swi-mdm9x28-wp user.debug kernel: [    1.158790] of_get_named_gpiod_flags: can't parse 'qcom,gpio-miso' property of node '/soc/spi@78b6000[0]'
Dec 31 19:01:07 swi-mdm9x28-wp user.debug kernel: [    1.158802] of_get_named_gpiod_flags: can't parse 'qcom,gpio-mosi' property of node '/soc/spi@78b6000[0]'
Dec 31 19:01:07 swi-mdm9x28-wp user.debug kernel: [    1.158814] of_get_named_gpiod_flags: can't parse 'qcom,gpio-cs0' property of node '/soc/spi@78b6000[0]'
Dec 31 19:01:07 swi-mdm9x28-wp user.debug kernel: [    1.158825] of_get_named_gpiod_flags: can't parse 'qcom,gpio-cs1' property of node '/soc/spi@78b6000[0]'
Dec 31 19:01:07 swi-mdm9x28-wp user.debug kernel: [    1.158838] of_get_named_gpiod_flags: can't parse 'qcom,gpio-cs2' property of node '/soc/spi@78b6000[0]'
Dec 31 19:01:07 swi-mdm9x28-wp user.debug kernel: [    1.158849] of_get_named_gpiod_flags: can't parse 'qcom,gpio-cs3' property of node '/soc/spi@78b6000[0]'
Dec 31 19:01:07 swi-mdm9x28-wp user.info kernel: [    1.159789] tun: Universal TUN/TAP device driver, 1.6
Dec 31 19:01:07 swi-mdm9x28-wp user.info kernel: [    1.159802] tun: (C) 1999-2004 Max Krasnyansky <maxk@qualcomm.com>
Dec 31 19:01:07 swi-mdm9x28-wp user.info kernel: [    1.160259] vcan: Virtual CAN interface driver
Dec 31 19:01:07 swi-mdm9x28-wp user.info kernel: [    1.160276] CAN device driver interface
Dec 31 19:01:07 swi-mdm9x28-wp user.info kernel: [    1.162135] PPP generic driver version 2.4.2
Dec 31 19:01:07 swi-mdm9x28-wp user.info kernel: [    1.162693] usbcore: registered new interface driver asix
Dec 31 19:01:07 swi-mdm9x28-wp user.info kernel: [    1.162794] usbcore: registered new interface driver ax88179_178a
Dec 31 19:01:07 swi-mdm9x28-wp user.info kernel: [    1.162862] usbcore: registered new interface driver cdc_ether
Dec 31 19:01:07 swi-mdm9x28-wp user.info kernel: [    1.162942] usbcore: registered new interface driver smsc95xx
Dec 31 19:01:07 swi-mdm9x28-wp user.info kernel: [    1.163002] usbcore: registered new interface driver net1080
Dec 31 19:01:07 swi-mdm9x28-wp user.info kernel: [    1.163061] usbcore: registered new interface driver cdc_subset
Dec 31 19:01:07 swi-mdm9x28-wp user.info kernel: [    1.163138] usbcore: registered new interface driver zaurus
Dec 31 19:01:07 swi-mdm9x28-wp user.info kernel: [    1.163497] usbcore: registered new interface driver cdc_ncm
Dec 31 19:01:07 swi-mdm9x28-wp user.info kernel: [    1.163767] msm_otg 78d9000.usb: msm_otg probe
Dec 31 19:01:07 swi-mdm9x28-wp user.debug kernel: [    1.164079] of_get_named_gpiod_flags: can't parse 'qcom,hub-reset-gpio' property of node '/soc/usb@78d9000[0]'
Dec 31 19:01:07 swi-mdm9x28-wp user.debug kernel: [    1.164094] of_get_named_gpiod_flags: can't parse 'qcom,usbeth-reset-gpio' property of node '/soc/usb@78d9000[0]'
Dec 31 19:01:07 swi-mdm9x28-wp user.debug kernel: [    1.164107] of_get_named_gpiod_flags: can't parse 'qcom,sw-sel-gpio' property of node '/soc/usb@78d9000[0]'
Dec 31 19:01:07 swi-mdm9x28-wp user.debug kernel: [    1.164165] of_get_named_gpiod_flags: parsed 'qcom,usbid-gpio' property of node '/soc/usb@78d9000[0]' - status (0)
Dec 31 19:01:07 swi-mdm9x28-wp user.debug kernel: [    1.164187] of_get_named_gpiod_flags: can't parse 'qcom,hsusb-otg-vddmin-gpio' property of node '/soc/usb@78d9000[0]'
Dec 31 19:01:07 swi-mdm9x28-wp user.info kernel: [    1.165978] msm_otg 78d9000.usb: OTG regs = d09ae000
Dec 31 19:01:07 swi-mdm9x28-wp user.info kernel: [    1.169405] ehci_hcd: USB 2.0 'Enhanced' Host Controller (EHCI) Driver
Dec 31 19:01:07 swi-mdm9x28-wp user.debug kernel: [    1.169693] of_get_named_gpiod_flags: can't parse 'hsic,strobe-gpio' property of node '/soc/hsic_host@7c00000[0]'
Dec 31 19:01:07 swi-mdm9x28-wp user.debug kernel: [    1.169707] of_get_named_gpiod_flags: can't parse 'hsic,data-gpio' property of node '/soc/hsic_host@7c00000[0]'
Dec 31 19:01:07 swi-mdm9x28-wp user.debug kernel: [    1.169719] of_get_named_gpiod_flags: can't parse 'hsic,resume-gpio' property of node '/soc/hsic_host@7c00000[0]'
Dec 31 19:01:07 swi-mdm9x28-wp user.warn kernel: [    1.169843] 7c00000.hsic_host supply HSIC_GDSC not found, using dummy regulator
Dec 31 19:01:07 swi-mdm9x28-wp user.info kernel: [    1.182807] msm_hsic_host 7c00000.hsic_host: Qualcomm EHCI Host Controller using HSIC
Dec 31 19:01:07 swi-mdm9x28-wp user.info kernel: [    1.182855] msm_hsic_host 7c00000.hsic_host: new USB bus registered, assigned bus number 1
Dec 31 19:01:07 swi-mdm9x28-wp user.info kernel: [    1.183096] msm_hsic_host 7c00000.hsic_host: irq 28, io mem 0x07c00000
Dec 31 19:01:07 swi-mdm9x28-wp user.info kernel: [    1.200135] msm_hsic_host 7c00000.hsic_host: USB 2.0 started, EHCI 1.00
Dec 31 19:01:07 swi-mdm9x28-wp user.info kernel: [    1.200657] usb usb1: New USB device found, idVendor=1d6b, idProduct=0002
Dec 31 19:01:07 swi-mdm9x28-wp user.info kernel: [    1.200671] usb usb1: New USB device strings: Mfr=3, Product=2, SerialNumber=1
Dec 31 19:01:07 swi-mdm9x28-wp user.info kernel: [    1.200683] usb usb1: Product: Qualcomm EHCI Host Controller using HSIC
Dec 31 19:01:07 swi-mdm9x28-wp user.info kernel: [    1.200694] usb usb1: Manufacturer: Linux 3.18.140 ehci_hcd
Dec 31 19:01:07 swi-mdm9x28-wp user.info kernel: [    1.200705] usb usb1: SerialNumber: 7c00000.hsic_host
Dec 31 19:01:07 swi-mdm9x28-wp user.info kernel: [    1.201558] hub 1-0:1.0: USB hub found
Dec 31 19:01:07 swi-mdm9x28-wp user.info kernel: [    1.201636] hub 1-0:1.0: 1 port detected
Dec 31 19:01:07 swi-mdm9x28-wp user.debug kernel: [    1.202695] of_get_named_gpiod_flags: can't parse 'hsic,swi_reset_gpio' property of node '/soc/hsic_host@7c00000[0]'
Dec 31 19:01:07 swi-mdm9x28-wp user.info kernel: [    1.203399] ehci-msm: Qualcomm On-Chip EHCI Host Controller
Dec 31 19:01:07 swi-mdm9x28-wp user.warn kernel: [    1.204260] 78d9000.usb supply vbus_otg not found, using dummy regulator
Dec 31 19:01:07 swi-mdm9x28-wp user.info kernel: [    1.204670] usbcore: registered new interface driver cdc_acm
Dec 31 19:01:07 swi-mdm9x28-wp user.info kernel: [    1.204682] cdc_acm: USB Abstract Control Model driver for USB modems and ISDN adapters
Dec 31 19:01:07 swi-mdm9x28-wp user.info kernel: [    1.204805] usbcore: registered new interface driver usb-storage
Dec 31 19:01:07 swi-mdm9x28-wp user.info kernel: [    1.204865] usbcore: registered new interface driver ums-alauda
Dec 31 19:01:07 swi-mdm9x28-wp user.info kernel: [    1.204923] usbcore: registered new interface driver ums-cypress
Dec 31 19:01:07 swi-mdm9x28-wp user.info kernel: [    1.204978] usbcore: registered new interface driver ums-datafab
Dec 31 19:01:07 swi-mdm9x28-wp user.info kernel: [    1.205030] usbcore: registered new interface driver ums-freecom
Dec 31 19:01:07 swi-mdm9x28-wp user.info kernel: [    1.205084] usbcore: registered new interface driver ums-isd200
Dec 31 19:01:07 swi-mdm9x28-wp user.info kernel: [    1.205138] usbcore: registered new interface driver ums-jumpshot
Dec 31 19:01:07 swi-mdm9x28-wp user.info kernel: [    1.205190] usbcore: registered new interface driver ums-karma
Dec 31 19:01:07 swi-mdm9x28-wp user.info kernel: [    1.205245] usbcore: registered new interface driver ums-onetouch
Dec 31 19:01:07 swi-mdm9x28-wp user.info kernel: [    1.205297] usbcore: registered new interface driver ums-sddr09
Dec 31 19:01:07 swi-mdm9x28-wp user.info kernel: [    1.205351] usbcore: registered new interface driver ums-sddr55
Dec 31 19:01:07 swi-mdm9x28-wp user.info kernel: [    1.205404] usbcore: registered new interface driver ums-usbat
Dec 31 19:01:07 swi-mdm9x28-wp user.info kernel: [    1.205481] usbcore: registered new interface driver usb_ehset_test
Dec 31 19:01:07 swi-mdm9x28-wp user.info kernel: [    1.207022] gbridge_init: gbridge_init successs.
Dec 31 19:01:07 swi-mdm9x28-wp user.info kernel: [    1.209249] qcom,qpnp-rtc qpnp-rtc-5: rtc core: registered qpnp_rtc as rtc0
Dec 31 19:01:07 swi-mdm9x28-wp user.info kernel: [    1.209372] msm_otg 78d9000.usb: phy_reset: success
Dec 31 19:01:07 swi-mdm9x28-wp user.info kernel: [    1.209561] i2c /dev entries driver
Dec 31 19:01:07 swi-mdm9x28-wp user.debug kernel: [    1.210580] of_get_named_gpiod_flags: parsed 'gpios' property of node '/soc/pps[0]' - status (0)
Dec 31 19:01:07 swi-mdm9x28-wp user.info kernel: [    1.210965] pps pps0: new PPS source soc:pps.-1
Dec 31 19:01:07 swi-mdm9x28-wp user.info kernel: [    1.211075] pps pps0: Registered IRQ 105 as PPS source
Dec 31 19:01:07 swi-mdm9x28-wp user.err kernel: [    1.211888] unable to find DT imem DLOAD mode node
Dec 31 19:01:07 swi-mdm9x28-wp user.err kernel: [    1.215975] unable to find DT imem EDLOAD mode node
Dec 31 19:01:07 swi-mdm9x28-wp user.err kernel: [    1.220971] unable to find DT imem dload-type node
Dec 31 19:01:07 swi-mdm9x28-wp user.err kernel: [    1.225464] Failed to disable secure wdog debug: -4
Dec 31 19:01:07 swi-mdm9x28-wp user.info kernel: [    1.231431] swimcu_hwmon_probe: start
Dec 31 19:01:07 swi-mdm9x28-wp user.info kernel: [    1.231587] swimcu_hwmon_probe: success num 2
Dec 31 19:01:07 swi-mdm9x28-wp user.info kernel: [    1.253625] device-mapper: ioctl: 4.28.0-ioctl (2014-09-17) initialised: dm-devel@redhat.com
Dec 31 19:01:07 swi-mdm9x28-wp user.info kernel: [    1.254173] sdhci: Secure Digital Host Controller Interface driver
Dec 31 19:01:07 swi-mdm9x28-wp user.info kernel: [    1.254185] sdhci: Copyright(c) Pierre Ossman
Dec 31 19:01:07 swi-mdm9x28-wp user.info kernel: [    1.254198] sdhci-pltfm: SDHCI platform and OF driver helper
Dec 31 19:01:07 swi-mdm9x28-wp user.info kernel: [    1.254613] usbcore: registered new interface driver usbhid
Dec 31 19:01:07 swi-mdm9x28-wp user.info kernel: [    1.254623] usbhid: USB HID core driver
Dec 31 19:01:07 swi-mdm9x28-wp user.debug kernel: [    1.255203] of_get_named_gpiod_flags: can't parse 'qcom,gpio-mode-sel' property of node '/soc/usb_detect[0]'
Dec 31 19:01:07 swi-mdm9x28-wp user.info kernel: [    1.256405] bimc-bwmon 408000.qcom,cpu-bwmon: BW HWmon governor registered.
Dec 31 19:01:07 swi-mdm9x28-wp user.err kernel: [    1.257200] devfreq soc:qcom,cpubw: Couldn't update frequency transition information.
Dec 31 19:01:07 swi-mdm9x28-wp user.warn kernel: [    1.264920] sdhci_msm 7864900.sdhci: sdhci_msm_probe: ICE device is not enabled
Dec 31 19:01:07 swi-mdm9x28-wp user.debug kernel: [    1.264947] of_get_named_gpiod_flags: can't parse 'cd-gpios' property of node '/soc/sdhci@07864900[0]'
Dec 31 19:01:07 swi-mdm9x28-wp user.err kernel: [    1.265315] sdhci_msm 7864900.sdhci: sdhci_msm_pm_qos_parse_irq: error -22 reading irq cpu
Dec 31 19:01:07 swi-mdm9x28-wp user.info kernel: [    1.273390] tz_log 8600720.tz-log: Hyp log service is not supported
Dec 31 19:01:07 swi-mdm9x28-wp user.err kernel: [    1.274679] coresight_event: error registering on panic -38
Dec 31 19:01:07 swi-mdm9x28-wp user.info kernel: [    1.279483] coresight-fuse a601c.fuse: QPDI fuse not specified
Dec 31 19:01:07 swi-mdm9x28-wp user.info kernel: [    1.279634] coresight-fuse a601c.fuse: Fuse initialized
Dec 31 19:01:07 swi-mdm9x28-wp user.notice kernel: [    1.280191] sdhci_msm 7864900.sdhci: sdhci_msm_pm_qos_parse: PM QoS voting for IRQ will be disabled
Dec 31 19:01:07 swi-mdm9x28-wp user.notice kernel: [    1.280213] sdhci_msm 7864900.sdhci: sdhci_msm_pm_qos_parse: PM QoS voting for cpu group will be disabled
Dec 31 19:01:07 swi-mdm9x28-wp user.warn kernel: [    1.280753] coresight-cti: probe of 6010000.cti failed with error -1
Dec 31 19:01:07 swi-mdm9x28-wp user.warn kernel: [    1.280932] coresight-cti: probe of 6011000.cti failed with error -1
Dec 31 19:01:07 swi-mdm9x28-wp user.warn kernel: [    1.280977] coresight-cti: probe of 6012000.cti failed with error -1
Dec 31 19:01:07 swi-mdm9x28-wp user.warn kernel: [    1.281018] coresight-cti: probe of 6013000.cti failed with error -1
Dec 31 19:01:07 swi-mdm9x28-wp user.warn kernel: [    1.281156] coresight-cti: probe of 6014000.cti failed with error -1
Dec 31 19:01:07 swi-mdm9x28-wp user.warn kernel: [    1.281199] coresight-cti: probe of 6015000.cti failed with error -1
Dec 31 19:01:07 swi-mdm9x28-wp user.warn kernel: [    1.281239] coresight-cti: probe of 6016000.cti failed with error -1
Dec 31 19:01:07 swi-mdm9x28-wp user.warn kernel: [    1.281398] coresight-cti: probe of 6017000.cti failed with error -1
Dec 31 19:01:07 swi-mdm9x28-wp user.warn kernel: [    1.281440] coresight-cti: probe of 6018000.cti failed with error -1
Dec 31 19:01:07 swi-mdm9x28-wp user.warn kernel: [    1.281480] coresight-cti: probe of 6043000.cti failed with error -1
Dec 31 19:01:07 swi-mdm9x28-wp user.warn kernel: [    1.281636] coresight-cti: probe of 603c000.cti failed with error -1
Dec 31 19:01:07 swi-mdm9x28-wp user.warn kernel: [    1.281677] coresight-cti: probe of 6038000.cti failed with error -1
Dec 31 19:01:07 swi-mdm9x28-wp user.info kernel: [    1.282780] coresight-csr 6001000.csr: CSR initialized
Dec 31 19:01:07 swi-mdm9x28-wp user.warn kernel: [    1.284000] coresight-tmc: probe of 6026000.tmc failed with error -1
Dec 31 19:01:07 swi-mdm9x28-wp user.err kernel: [    1.284133] coresight-tmc 6025000.tmc: failed to get flush cti
Dec 31 19:01:07 swi-mdm9x28-wp user.err kernel: [    1.288929] coresight-tmc 6025000.tmc: failed to get reset cti
Dec 31 19:01:07 swi-mdm9x28-wp user.info kernel: [    1.295289] sdhci_msm 7864900.sdhci: No vmmc regulator found
Dec 31 19:01:07 swi-mdm9x28-wp user.info kernel: [    1.295304] sdhci_msm 7864900.sdhci: No vqmmc regulator found
Dec 31 19:01:07 swi-mdm9x28-wp user.info kernel: [    1.295701] mmc0: SDHCI controller on 7864900.sdhci [7864900.sdhci] using 32-bit ADMA in legacy mode
Dec 31 19:01:07 swi-mdm9x28-wp user.info kernel: [    1.296808] coresight-tmc 6025000.tmc: TMC initialized
Dec 31 19:01:07 swi-mdm9x28-wp user.info kernel: [    1.299172] nidnt boot config: 0
Dec 31 19:01:07 swi-mdm9x28-wp user.info kernel: [    1.301226] msm_hsic_host 7c00000.hsic_host: HSIC-USB in low power mode
Dec 31 19:01:07 swi-mdm9x28-wp user.info kernel: [    1.301425] msm_hsic_host 7c00000.hsic_host: HSIC-USB exited from low power mode
Dec 31 19:01:07 swi-mdm9x28-wp user.info kernel: [    1.302091] coresight-tpiu 6020000.tpiu: NIDnT on SDCARD only mode
Dec 31 19:01:07 swi-mdm9x28-wp user.info kernel: [    1.302274] coresight-tpiu 6020000.tpiu: TPIU initialized
Dec 31 19:01:07 swi-mdm9x28-wp user.info kernel: [    1.303897] coresight-replicator 6024000.replicator: REPLICATOR initialized
Dec 31 19:01:07 swi-mdm9x28-wp user.info kernel: [    1.304580] coresight-dbgui 606d000.dbgui: DebugUI initializaed
Dec 31 19:01:07 swi-mdm9x28-wp user.warn kernel: [    1.305034] coresight-stm: probe of 6002000.stm failed with error -1
Dec 31 19:01:07 swi-mdm9x28-wp user.info kernel: [    1.305546] coresight-hwevent 606c000.hwevent: Hardware Event driver initialized
Dec 31 19:01:07 swi-mdm9x28-wp user.warn kernel: [    1.330570] coresight-etm: probe of 6042000.etm failed with error -22
Dec 31 19:01:07 swi-mdm9x28-wp user.info kernel: [    1.332758] coresight-remote-etm soc:rpm_etm0: Remote ETM initialized
Dec 31 19:01:07 swi-mdm9x28-wp user.info kernel: [    1.333382] coresight-remote-etm soc:modem_etm0: Remote ETM initialized
Dec 31 19:01:07 swi-mdm9x28-wp user.warn kernel: [    1.336872] wm8944_codec_init registering platform driver
Dec 31 19:01:07 swi-mdm9x28-wp user.info kernel: [    1.350468] msm_pcm_probe: dev name soc:qcom,msm-voice-host-pcm
Dec 31 19:01:07 swi-mdm9x28-wp user.err kernel: [    1.356708] mdm9607-asoc-snd soc:sound-wm8944: Defering mdm_asoc_machine_probe, q6_state 0
Dec 31 19:01:07 swi-mdm9x28-wp user.info kernel: [    1.364363] Netfilter messages via NETLINK v0.30.
Dec 31 19:01:07 swi-mdm9x28-wp user.info kernel: [    1.364466] nf_conntrack version 0.5.0 (2874 buckets, 11496 max)
Dec 31 19:01:07 swi-mdm9x28-wp user.info kernel: [    1.365032] ctnetlink v0.93: registering with nfnetlink.
Dec 31 19:01:07 swi-mdm9x28-wp user.info kernel: [    1.365383] ip_set: protocol 6
Dec 31 19:01:07 swi-mdm9x28-wp user.info kernel: [    1.365778] ip_tables: (C) 2000-2006 Netfilter Core Team
Dec 31 19:01:07 swi-mdm9x28-wp user.info kernel: [    1.365977] arp_tables: (C) 2002 David S. Miller
Dec 31 19:01:07 swi-mdm9x28-wp user.info kernel: [    1.366050] TCP: cubic registered
Dec 31 19:01:07 swi-mdm9x28-wp user.info kernel: [    1.366865] NET: Registered protocol family 10
Dec 31 19:01:07 swi-mdm9x28-wp user.info kernel: [    1.368020] ip6_tables: (C) 2000-2006 Netfilter Core Team
Dec 31 19:01:07 swi-mdm9x28-wp user.info kernel: [    1.368286] sit: IPv6 over IPv4 tunneling driver
Dec 31 19:01:07 swi-mdm9x28-wp user.info kernel: [    1.368975] NET: Registered protocol family 17
Dec 31 19:01:07 swi-mdm9x28-wp user.info kernel: [    1.369120] bridge: automatic filtering via arp/ip/ip6tables has been deprecated. Update your scripts to load br_netfilter if you need this.
Dec 31 19:01:07 swi-mdm9x28-wp user.notice kernel: [    1.369162] Bridge firewalling registered
Dec 31 19:01:07 swi-mdm9x28-wp user.info kernel: [    1.369181] Ebtables v2.0 registered
Dec 31 19:01:07 swi-mdm9x28-wp user.info kernel: [    1.369331] can: controller area network core (rev 20120528 abi 9)
Dec 31 19:01:07 swi-mdm9x28-wp user.info kernel: [    1.369578] NET: Registered protocol family 29
Dec 31 19:01:07 swi-mdm9x28-wp user.info kernel: [    1.369601] can: raw protocol (rev 20120528)
Dec 31 19:01:07 swi-mdm9x28-wp user.info kernel: [    1.369618] can: broadcast manager protocol (rev 20120528 t)
Dec 31 19:01:07 swi-mdm9x28-wp user.info kernel: [    1.369639] can: netlink gateway (rev 20130117) max_hops=1
Dec 31 19:01:07 swi-mdm9x28-wp user.notice kernel: [    1.369985] Key type dns_resolver registered
Dec 31 19:01:07 swi-mdm9x28-wp user.info kernel: [    1.370718] NET: Registered protocol family 27
Dec 31 19:01:07 swi-mdm9x28-wp user.debug kernel: [    1.373985] gpiochip_find_base: found new base at 852
Dec 31 19:01:07 swi-mdm9x28-wp user.info kernel: [    1.374159] gpiochip_export_v2: Export gpiochip slave-kernel [852,32] to v2
Dec 31 19:01:07 swi-mdm9x28-wp user.debug kernel: [    1.374180] gpiochip_add: registered GPIOs 852 to 883 on device: slave-kernel
Dec 31 19:01:07 swi-mdm9x28-wp user.debug kernel: [    1.374511] gpiochip_find_base: found new base at 820
Dec 31 19:01:07 swi-mdm9x28-wp user.info kernel: [    1.374671] gpiochip_export_v2: Export gpiochip master-kernel [820,32] to v2
Dec 31 19:01:07 swi-mdm9x28-wp user.debug kernel: [    1.374690] gpiochip_add: registered GPIOs 820 to 851 on device: master-kernel
Dec 31 19:01:07 swi-mdm9x28-wp user.warn kernel: [    1.375306] pil-q6v5-mss 4080000.qcom,mss: Failed to find the pas_id.
Dec 31 19:01:07 swi-mdm9x28-wp user.debug kernel: [    1.375349] of_get_named_gpiod_flags: parsed 'qcom,gpio-proxy-unvote' property of node '/soc/qcom,mss@4080000[0]' - status (0)
Dec 31 19:01:07 swi-mdm9x28-wp user.debug kernel: [    1.376160] of_get_named_gpiod_flags: parsed 'qcom,gpio-err-fatal' property of node '/soc/qcom,mss@4080000[0]' - status (0)
Dec 31 19:01:07 swi-mdm9x28-wp user.debug kernel: [    1.376181] of_get_named_gpiod_flags: parsed 'qcom,gpio-err-ready' property of node '/soc/qcom,mss@4080000[0]' - status (0)
Dec 31 19:01:07 swi-mdm9x28-wp user.debug kernel: [    1.376197] of_get_named_gpiod_flags: parsed 'qcom,gpio-stop-ack' property of node '/soc/qcom,mss@4080000[0]' - status (0)
Dec 31 19:01:07 swi-mdm9x28-wp user.debug kernel: [    1.376214] of_get_named_gpiod_flags: parsed 'qcom,gpio-force-stop' property of node '/soc/qcom,mss@4080000[0]' - status (0)
Dec 31 19:01:07 swi-mdm9x28-wp user.debug kernel: [    1.376231] of_get_named_gpiod_flags: parsed 'qcom,gpio-shutdown-ack' property of node '/soc/qcom,mss@4080000[0]' - status (0)
Dec 31 19:01:07 swi-mdm9x28-wp user.info kernel: [    1.376423] pil-q6v5-mss 4080000.qcom,mss: for modem segments only will be dumped.
Dec 31 19:01:07 swi-mdm9x28-wp user.err kernel: [    1.378158] mdm9607-asoc-snd soc:sound-wm8944: Defering mdm_asoc_machine_probe, q6_state 0
Dec 31 19:01:07 swi-mdm9x28-wp user.debug kernel: [    1.386109] gpio_alias_lookup: alias WLAN_EN, find GPIO 58
Dec 31 19:01:07 swi-mdm9x28-wp user.info kernel: [    1.386119] wl12xx WLAN_EN GPIO: 58
Dec 31 19:01:07 swi-mdm9x28-wp user.debug kernel: [    1.386130] gpio_alias_lookup: alias WIFI_IRQ, find GPIO 79
Dec 31 19:01:07 swi-mdm9x28-wp user.info kernel: [    1.386140] wl12xx IRQ: 131
Dec 31 19:01:07 swi-mdm9x28-wp user.info kernel: [    1.386150] wl18xx board initialization done
Dec 31 19:01:07 swi-mdm9x28-wp user.info kernel: [    1.386555] sierra_monitor_probe monitor times: 120, 0, 0
Dec 31 19:01:07 swi-mdm9x28-wp user.notice kernel: [    1.388130] Loading compiled-in X.509 certificates list
Dec 31 19:01:07 swi-mdm9x28-wp user.warn kernel: [    1.389473] kworker/u2:2 (151) used greatest stack depth: 6840 bytes left
Dec 31 19:01:07 swi-mdm9x28-wp user.notice kernel: [    1.391397] Key type encrypted registered
Dec 31 19:01:07 swi-mdm9x28-wp user.info kernel: [    1.391435] ima: No TPM chip found, activating TPM-bypass!
Dec 31 19:01:07 swi-mdm9x28-wp user.info kernel: [    1.391492] ima: Allocated hash algorithm: sha1
Dec 31 19:01:07 swi-mdm9x28-wp user.info kernel: [    1.391661] evm: HMAC attrs: 0x1
Dec 31 19:01:07 swi-mdm9x28-wp user.warn kernel: [    1.400139] sierra_ks_if: Trying to get keystore data...
Dec 31 19:01:07 swi-mdm9x28-wp user.err kernel: [    1.400161] SWI ssmem_alloc_entry_get: ssmem region 20 not allocated
Dec 31 19:01:07 swi-mdm9x28-wp user.err kernel: [    1.405477] SWI ssmem_get: ssmem_get: region 20 not exists
Dec 31 19:01:07 swi-mdm9x28-wp user.notice kernel: [    1.410982] sierra_ks_if: keysp   (null) size 0
Dec 31 19:01:07 swi-mdm9x28-wp user.warn kernel: [    1.410992] sierra_ks_if: Keystore data not yet available.
Dec 31 19:01:07 swi-mdm9x28-wp user.err kernel: [    1.413482] mdm9607-asoc-snd soc:sound-wm8944: Defering mdm_asoc_machine_probe, q6_state 0
Dec 31 19:01:07 swi-mdm9x28-wp user.info kernel: [    1.422128] file system registered
Dec 31 19:01:07 swi-mdm9x28-wp user.info kernel: [    1.422255] mbim_init: initialize 1 instances
Dec 31 19:01:07 swi-mdm9x28-wp user.info kernel: [    1.422495] mbim_init: Initialized 1 ports
Dec 31 19:01:07 swi-mdm9x28-wp user.info kernel: [    1.425834] rndis_qc_init: initialize rndis QC instance
Dec 31 19:01:07 swi-mdm9x28-wp user.info kernel: [    1.426363] Number of LUNs=8
Dec 31 19:01:07 swi-mdm9x28-wp user.info kernel: [    1.426380] Mass Storage Function, version: 2009/09/11
Dec 31 19:01:07 swi-mdm9x28-wp user.info kernel: [    1.426393] LUN: removable file: (no medium)
Dec 31 19:01:07 swi-mdm9x28-wp user.info kernel: [    1.426416] Number of LUNs=1
Dec 31 19:01:07 swi-mdm9x28-wp user.info kernel: [    1.426515] LUN: removable file: (no medium)
Dec 31 19:01:07 swi-mdm9x28-wp user.info kernel: [    1.426524] Number of LUNs=1
Dec 31 19:01:07 swi-mdm9x28-wp user.info kernel: [    1.427031] android_usb gadget: android_usb ready
Dec 31 19:01:07 swi-mdm9x28-wp user.info kernel: [    1.427048] msm_hsusb msm_hsusb: [ci13xxx_start] hw_ep_max = 32
Dec 31 19:01:07 swi-mdm9x28-wp user.info kernel: [    1.427096] msm_hsusb msm_hsusb: CI13XXX_CONTROLLER_RESET_EVENT received
Dec 31 19:01:07 swi-mdm9x28-wp user.info kernel: [    1.427114] msm_hsusb msm_hsusb: CI13XXX_CONTROLLER_UDC_STARTED_EVENT received
Dec 31 19:01:07 swi-mdm9x28-wp user.err kernel: [    1.427537] mdm9607-asoc-snd soc:sound-wm8944: Defering mdm_asoc_machine_probe, q6_state 0
Dec 31 19:01:07 swi-mdm9x28-wp user.info kernel: [    1.435740] qcom,qpnp-rtc qpnp-rtc-5: setting system clock to 1970-01-01 00:00:56 UTC (56)
Dec 31 19:01:07 swi-mdm9x28-wp user.info kernel: [    1.436838] parse_legacy_cluster_params(): Ignoring cluster params
Dec 31 19:01:07 swi-mdm9x28-wp user.info kernel: [    1.436876] /soc/qcom,lpm-levels/qcom,pm-cluster@0: No CPU phandle, assuming single cluster
Dec 31 19:01:07 swi-mdm9x28-wp user.err kernel: [    1.436916] calculate_residency: residency < 0 for LPM
Dec 31 19:01:07 swi-mdm9x28-wp user.err kernel: [    1.441207] parse_cpu_levels: idx 1 420
Dec 31 19:01:07 swi-mdm9x28-wp user.err kernel: [    1.444834] calculate_residency: residency < 0 for LPM
Dec 31 19:01:07 swi-mdm9x28-wp user.err kernel: [    1.449958] parse_cpu_levels: idx 2 500
Dec 31 19:01:07 swi-mdm9x28-wp user.err kernel: [    1.470142] parse_cpu_levels: idx 2 3040
Dec 31 19:01:07 swi-mdm9x28-wp user.err kernel: [    1.474077] mdm9607-asoc-snd soc:sound-wm8944: Defering mdm_asoc_machine_probe, q6_state 0
Dec 31 19:01:07 swi-mdm9x28-wp user.info kernel: [    1.484643] qcom,cc-debug-mdm9607 1800000.qcom,debug: Registered Debug Mux successfully
Dec 31 19:01:07 swi-mdm9x28-wp user.debug kernel: [    1.490852] PM: Hibernation image not present or could not be loaded.
Dec 31 19:01:07 swi-mdm9x28-wp user.info kernel: [    1.490881] mem_acc_corner: disabling
Dec 31 19:01:07 swi-mdm9x28-wp user.info kernel: [    1.490935] sdcard_ext_vreg: disabling
Dec 31 19:01:07 swi-mdm9x28-wp user.info kernel: [    1.490946] rome_vreg: disabling
Dec 31 19:01:07 swi-mdm9x28-wp user.info kernel: [    1.490956] emac_lan_vreg: disabling
Dec 31 19:01:07 swi-mdm9x28-wp user.info kernel: [    1.490974] clock_late_init: Removing enables held for handed-off clocks
Dec 31 19:01:07 swi-mdm9x28-wp user.err kernel: [    1.491558] mdm9607-asoc-snd soc:sound-wm8944: Defering mdm_asoc_machine_probe, q6_state 0
Dec 31 19:01:07 swi-mdm9x28-wp user.info kernel: [    1.500469] ALSA device list:
Dec 31 19:01:07 swi-mdm9x28-wp user.info kernel: [    1.500482]   No soundcards found.
Dec 31 19:01:07 swi-mdm9x28-wp user.info kernel: [    1.550159] usb 1-1: new high-speed USB device number 2 using msm_hsic_host
Dec 31 19:01:07 swi-mdm9x28-wp user.info kernel: [    1.551054] Freeing unused kernel memory: 2908K
Dec 31 19:01:07 swi-mdm9x28-wp user.warn kernel: [    1.551064] This architecture does not have kernel memory protection.
Dec 31 19:01:07 swi-mdm9x28-wp user.warn kernel: [    1.566851] basename (167) used greatest stack depth: 6544 bytes left
Dec 31 19:01:07 swi-mdm9x28-wp user.warn kernel: [    1.594374] cat (173) used greatest stack depth: 6472 bytes left
Dec 31 19:01:07 swi-mdm9x28-wp user.warn kernel: [    1.627907] cat (180) used greatest stack depth: 6328 bytes left
Dec 31 19:01:07 swi-mdm9x28-wp user.warn kernel: [    1.627943] sed (182) used greatest stack depth: 6280 bytes left
Dec 31 19:01:07 swi-mdm9x28-wp user.warn kernel: [    1.640500] dd (183) used greatest stack depth: 5608 bytes left
Dec 31 19:01:07 swi-mdm9x28-wp user.notice kernel: [    1.643895] ubi0: attaching mtd13
Dec 31 19:01:07 swi-mdm9x28-wp user.notice kernel: [    1.750686] ubi0: scanning is finished
Dec 31 19:01:07 swi-mdm9x28-wp user.warn kernel: [    1.756058] ubi0 warning: print_rsvd_warning: cannot reserve enough PEBs for bad PEB handling, reserved 26, need 40
Dec 31 19:01:07 swi-mdm9x28-wp user.notice kernel: [    1.757322] ubi0: attached mtd13 (name "system", size 30 MiB)
Dec 31 19:01:07 swi-mdm9x28-wp user.notice kernel: [    1.757336] ubi0: PEB size: 262144 bytes (256 KiB), LEB size: 253952 bytes
Dec 31 19:01:07 swi-mdm9x28-wp user.notice kernel: [    1.757346] ubi0: min./max. I/O unit sizes: 4096/4096, sub-page size 4096
Dec 31 19:01:07 swi-mdm9x28-wp user.notice kernel: [    1.757356] ubi0: VID header offset: 4096 (aligned 4096), data offset: 8192
Dec 31 19:01:07 swi-mdm9x28-wp user.notice kernel: [    1.757365] ubi0: good PEBs: 120, bad PEBs: 0, corrupted PEBs: 0
Dec 31 19:01:07 swi-mdm9x28-wp user.notice kernel: [    1.757375] ubi0: user volume: 3, internal volumes: 1, max. volumes count: 128
Dec 31 19:01:07 swi-mdm9x28-wp user.notice kernel: [    1.757386] ubi0: max/mean erase counter: 24/23, WL threshold: 4096, image sequence number: 1627992995
Dec 31 19:01:07 swi-mdm9x28-wp user.notice kernel: [    1.757396] ubi0: available PEBs: 0, total reserved PEBs: 120, PEBs reserved for bad PEB handling: 26
Dec 31 19:01:07 swi-mdm9x28-wp user.notice kernel: [    1.759875] ubi0: background thread "ubi_bgt0d" started, PID 186
Dec 31 19:01:07 swi-mdm9x28-wp user.warn kernel: [    1.768286] sierra_ks_if: Keystore data not available.
Dec 31 19:01:07 swi-mdm9x28-wp user.warn kernel: [    4.065076] dd (190) used greatest stack depth: 5464 bytes left
Dec 31 19:01:07 swi-mdm9x28-wp user.info kernel: [    4.075156] block ubiblock0_0: created from ubi0:0(rootfs)
Dec 31 19:01:07 swi-mdm9x28-wp user.info kernel: [    4.110030] block ubiblock0_1: created from ubi0:1(rootfs_hs)
Dec 31 19:01:07 swi-mdm9x28-wp user.debug kernel: [    4.854853] LE_KPI: start initscript /etc/rcS.d/S02mount_early
Dec 31 19:01:07 swi-mdm9x28-wp user.warn kernel: [    5.511958] S02mount_early (317) used greatest stack depth: 5424 bytes left
Dec 31 19:01:07 swi-mdm9x28-wp user.notice kernel: [    5.643552] ubi3: attaching mtd16
Dec 31 19:01:07 swi-mdm9x28-wp user.notice kernel: [    6.106181] ubi3: scanning is finished
Dec 31 19:01:07 swi-mdm9x28-wp user.notice kernel: [    6.113008] ubi3: attached mtd16 (name "userapp", size 131 MiB)
Dec 31 19:01:07 swi-mdm9x28-wp user.notice kernel: [    6.113024] ubi3: PEB size: 262144 bytes (256 KiB), LEB size: 253952 bytes
Dec 31 19:01:07 swi-mdm9x28-wp user.notice kernel: [    6.113034] ubi3: min./max. I/O unit sizes: 4096/4096, sub-page size 4096
Dec 31 19:01:07 swi-mdm9x28-wp user.notice kernel: [    6.113044] ubi3: VID header offset: 4096 (aligned 4096), data offset: 8192
Dec 31 19:01:07 swi-mdm9x28-wp user.notice kernel: [    6.113054] ubi3: good PEBs: 524, bad PEBs: 0, corrupted PEBs: 0
Dec 31 19:01:07 swi-mdm9x28-wp user.notice kernel: [    6.113063] ubi3: user volume: 1, internal volumes: 1, max. volumes count: 128
Dec 31 19:01:07 swi-mdm9x28-wp user.notice kernel: [    6.113074] ubi3: max/mean erase counter: 1882/438, WL threshold: 4096, image sequence number: 1568730598
Dec 31 19:01:07 swi-mdm9x28-wp user.notice kernel: [    6.113085] ubi3: available PEBs: 5, total reserved PEBs: 519, PEBs reserved for bad PEB handling: 40
Dec 31 19:01:07 swi-mdm9x28-wp user.notice kernel: [    6.116431] ubi3: background thread "ubi_bgt3d" started, PID 327
Dec 31 19:01:07 swi-mdm9x28-wp user.notice kernel: [    6.170172] UBIFS (ubi3:0): background thread "ubifs_bgt3_0" started, PID 333
Dec 31 19:01:07 swi-mdm9x28-wp user.notice kernel: [    6.223698] UBIFS (ubi3:0): recovery needed
Dec 31 19:01:07 swi-mdm9x28-wp user.warn kernel: [    6.420099] sierra_ks_if: Trying to get keystore data...
